11-18 03:13:58.742 E/POLL    ( 1529): At: 1353204838743
11-18 03:13:59.253 E/POLL    ( 1529): At: 1353204839250
11-18 03:13:59.756 E/POLL    ( 1529): At: 1353204839757
11-18 03:14:00.260 E/POLL    ( 1529): At: 1353204840260
11-18 03:14:00.763 E/POLL    ( 1529): At: 1353204840764
11-18 03:14:01.269 E/POLL    ( 1529): At: 1353204841269
11-18 03:14:01.772 E/POLL    ( 1529): At: 1353204841773
11-18 03:14:02.275 E/POLL    ( 1529): At: 1353204842278
11-18 03:14:02.782 E/POLL    ( 1529): At: 1353204842782
11-18 03:14:03.288 E/POLL    ( 1529): At: 1353204843288
11-18 03:14:03.792 E/POLL    ( 1529): At: 1353204843792
11-18 03:14:04.295 E/POLL    ( 1529): At: 1353204844295
11-18 03:14:04.802 E/POLL    ( 1529): At: 1353204844802
11-18 03:14:05.307 E/POLL    ( 1529): At: 1353204845310
11-18 03:14:05.812 E/POLL    ( 1529): At: 1353204845813
11-18 03:14:06.316 E/POLL    ( 1529): At: 1353204846316
11-18 03:14:06.822 E/POLL    ( 1529): At: 1353204846822
11-18 03:14:07.325 E/POLL    ( 1529): At: 1353204847325
11-18 03:14:07.832 E/POLL    ( 1529): At: 1353204847830
11-18 03:14:08.343 E/POLL    ( 1529): At: 1353204848341
11-18 03:14:08.847 E/POLL    ( 1529): At: 1353204848849
11-18 03:14:09.353 E/POLL    ( 1529): At: 1353204849352
11-18 03:14:09.857 E/POLL    ( 1529): At: 1353204849858
11-18 03:14:10.363 E/POLL    ( 1529): At: 1353204850363
11-18 03:14:10.864 E/POLL    ( 1529): At: 1353204850866
11-18 03:14:11.369 E/POLL    ( 1529): At: 1353204851369
11-18 03:14:11.872 E/POLL    ( 1529): At: 1353204851873
11-18 03:14:12.378 E/POLL    ( 1529): At: 1353204852378
11-18 03:14:12.877 E/POLL    ( 1529): At: 1353204852880
11-18 03:14:13.387 E/POLL    ( 1529): At: 1353204853387
11-18 03:14:13.894 E/POLL    ( 1529): At: 1353204853894
11-18 03:14:14.397 E/POLL    ( 1529): At: 1353204854398
11-18 03:14:14.913 E/POLL    ( 1529): At: 1353204854902
11-18 03:14:15.416 E/POLL    ( 1529): At: 1353204855417
11-18 03:14:15.921 E/POLL    ( 1529): At: 1353204855922
11-18 03:14:16.424 E/POLL    ( 1529): At: 1353204856425
11-18 03:14:16.922 E/POLL    ( 1529): At: 1353204856929
11-18 03:14:17.432 E/POLL    ( 1529): At: 1353204857432
11-18 03:14:17.935 E/POLL    ( 1529): At: 1353204857935
11-18 03:14:18.442 E/POLL    ( 1529): At: 1353204858442
11-18 03:14:18.953 E/POLL    ( 1529): At: 1353204858945
11-18 03:14:19.457 E/POLL    ( 1529): At: 1353204859458
11-18 03:14:19.960 E/POLL    ( 1529): At: 1353204859960
11-18 03:14:20.465 E/POLL    ( 1529): At: 1353204860466
11-18 03:14:20.971 E/POLL    ( 1529): At: 1353204860971
11-18 03:14:21.474 E/POLL    ( 1529): At: 1353204861476
11-18 03:14:21.979 E/POLL    ( 1529): At: 1353204861979
11-18 03:14:22.472 E/POLL    ( 1529): At: 1353204862481
11-18 03:14:22.984 E/POLL    ( 1529): At: 1353204862984
11-18 03:14:23.487 E/POLL    ( 1529): At: 1353204863488
11-18 03:14:23.995 E/POLL    ( 1529): At: 1353204863991
11-18 03:14:24.502 E/POLL    ( 1529): At: 1353204864500
11-18 03:14:25.012 E/POLL    ( 1529): At: 1353204865018
11-18 03:14:25.520 E/POLL    ( 1529): At: 1353204865521
11-18 03:14:26.024 E/POLL    ( 1529): At: 1353204866024
11-18 03:14:26.528 E/POLL    ( 1529): At: 1353204866529
11-18 03:14:27.036 E/POLL    ( 1529): At: 1353204867036
11-18 03:14:27.539 E/POLL    ( 1529): At: 1353204867540
11-18 03:14:28.042 E/POLL    ( 1529): At: 1353204868043
11-18 03:14:28.552 E/POLL    ( 1529): At: 1353204868546
11-18 03:14:29.063 E/POLL    ( 1529): At: 1353204869063
11-18 03:14:29.566 E/POLL    ( 1529): At: 1353204869567
11-18 03:14:30.073 E/POLL    ( 1529): At: 1353204870070
11-18 03:14:30.577 E/POLL    ( 1529): At: 1353204870578
11-18 03:14:31.087 E/POLL    ( 1529): At: 1353204871087
11-18 03:14:31.589 E/POLL    ( 1529): At: 1353204871590
11-18 03:14:32.094 E/POLL    ( 1529): At: 1353204872094
11-18 03:14:32.598 E/POLL    ( 1529): At: 1353204872599
11-18 03:14:33.097 E/POLL    ( 1529): At: 1353204873101
11-18 03:14:33.603 E/POLL    ( 1529): At: 1353204873604
11-18 03:14:34.107 E/POLL    ( 1529): At: 1353204874107
11-18 03:14:34.612 E/POLL    ( 1529): At: 1353204874610
11-18 03:14:35.116 E/POLL    ( 1529): At: 1353204875116
11-18 03:14:35.622 E/POLL    ( 1529): At: 1353204875622
11-18 03:14:36.125 E/POLL    ( 1529): At: 1353204876125
11-18 03:14:36.632 E/POLL    ( 1529): At: 1353204876631
11-18 03:14:37.135 E/POLL    ( 1529): At: 1353204877135
11-18 03:14:37.642 E/POLL    ( 1529): At: 1353204877642
11-18 03:14:38.145 E/POLL    ( 1529): At: 1353204878145
11-18 03:14:38.652 E/POLL    ( 1529): At: 1353204878649
11-18 03:14:39.163 E/POLL    ( 1529): At: 1353204879155
11-18 03:14:39.664 E/POLL    ( 1529): At: 1353204879666
11-18 03:14:40.169 E/POLL    ( 1529): At: 1353204880169
11-18 03:14:40.672 E/POLL    ( 1529): At: 1353204880672
11-18 03:14:41.179 E/POLL    ( 1529): At: 1353204881179
11-18 03:14:41.682 E/POLL    ( 1529): At: 1353204881683
11-18 03:14:42.185 E/POLL    ( 1529): At: 1353204882185
11-18 03:14:42.687 E/POLL    ( 1529): At: 1353204882687
11-18 03:14:43.191 E/POLL    ( 1529): At: 1353204883191
11-18 03:14:43.694 E/POLL    ( 1529): At: 1353204883695
11-18 03:14:44.205 E/POLL    ( 1529): At: 1353204884198
11-18 03:14:44.712 E/POLL    ( 1529): At: 1353204884711
11-18 03:14:45.223 E/POLL    ( 1529): At: 1353204885231
11-18 03:14:45.732 E/POLL    ( 1529): At: 1353204885734
11-18 03:14:46.233 E/POLL    ( 1529): At: 1353204886237
11-18 03:14:46.740 E/POLL    ( 1529): At: 1353204886741
11-18 03:14:47.244 E/POLL    ( 1529): At: 1353204887244
11-18 03:14:47.746 E/POLL    ( 1529): At: 1353204887747
11-18 03:14:48.250 E/POLL    ( 1529): At: 1353204888250
11-18 03:14:48.753 E/POLL    ( 1529): At: 1353204888754
11-18 03:14:49.259 E/POLL    ( 1529): At: 1353204889260
11-18 03:14:49.763 E/POLL    ( 1529): At: 1353204889763
11-18 03:14:50.273 E/POLL    ( 1529): At: 1353204890266
11-18 03:14:50.778 E/POLL    ( 1529): At: 1353204890779
11-18 03:14:51.282 E/POLL    ( 1529): At: 1353204891282
11-18 03:14:51.792 E/POLL    ( 1529): At: 1353204891786
11-18 03:14:52.303 E/POLL    ( 1529): At: 1353204892303
11-18 03:14:52.803 E/POLL    ( 1529): At: 1353204892807
11-18 03:14:53.313 E/POLL    ( 1529): At: 1353204893310
11-18 03:14:53.817 E/POLL    ( 1529): At: 1353204893817
11-18 03:14:54.324 E/POLL    ( 1529): At: 1353204894324
11-18 03:14:54.832 E/POLL    ( 1529): At: 1353204894833
11-18 03:14:55.334 E/POLL    ( 1529): At: 1353204895335
11-18 03:14:55.844 E/POLL    ( 1529): At: 1353204895847
11-18 03:14:56.352 E/POLL    ( 1529): At: 1353204896350
11-18 03:14:56.855 E/POLL    ( 1529): At: 1353204896857
11-18 03:14:57.362 E/POLL    ( 1529): At: 1353204897365
11-18 03:14:57.875 E/POLL    ( 1529): At: 1353204897869
11-18 03:14:58.382 E/POLL    ( 1529): At: 1353204898385
11-18 03:14:58.882 E/POLL    ( 1529): At: 1353204898887
11-18 03:14:59.392 E/POLL    ( 1529): At: 1353204899391
11-18 03:14:59.902 E/POLL    ( 1529): At: 1353204899897
11-18 03:15:00.402 E/POLL    ( 1529): At: 1353204900410
11-18 03:15:00.913 E/POLL    ( 1529): At: 1353204900914
11-18 03:15:01.416 E/POLL    ( 1529): At: 1353204901417
11-18 03:15:01.924 E/POLL    ( 1529): At: 1353204901925
11-18 03:15:02.427 E/POLL    ( 1529): At: 1353204902428
11-18 03:15:02.928 E/POLL    ( 1529): At: 1353204902931
11-18 03:15:03.434 E/POLL    ( 1529): At: 1353204903435
11-18 03:15:03.935 E/POLL    ( 1529): At: 1353204903938
11-18 03:15:04.442 E/POLL    ( 1529): At: 1353204904443
11-18 03:15:04.945 E/POLL    ( 1529): At: 1353204904946
11-18 03:15:05.453 E/POLL    ( 1529): At: 1353204905454
11-18 03:15:05.956 E/POLL    ( 1529): At: 1353204905956
11-18 03:15:06.459 E/POLL    ( 1529): At: 1353204906460
11-18 03:15:06.962 E/POLL    ( 1529): At: 1353204906962
11-18 03:15:07.468 E/POLL    ( 1529): At: 1353204907469
11-18 03:15:07.971 E/POLL    ( 1529): At: 1353204907971
11-18 03:15:08.474 E/POLL    ( 1529): At: 1353204908475
11-18 03:15:08.978 E/POLL    ( 1529): At: 1353204908978
11-18 03:15:09.488 E/POLL    ( 1529): At: 1353204909489
11-18 03:15:09.992 E/POLL    ( 1529): At: 1353204909992
11-18 03:15:10.502 E/POLL    ( 1529): At: 1353204910496
11-18 03:15:11.007 E/POLL    ( 1529): At: 1353204911008
11-18 03:15:11.502 E/POLL    ( 1529): At: 1353204911511
11-18 03:15:12.014 E/POLL    ( 1529): At: 1353204912014
11-18 03:15:12.522 E/POLL    ( 1529): At: 1353204912524
11-18 03:15:13.026 E/POLL    ( 1529): At: 1353204913026
11-18 03:15:13.542 E/POLL    ( 1529): At: 1353204913533
11-18 03:15:14.053 E/POLL    ( 1529): At: 1353204914047
11-18 03:15:14.552 E/POLL    ( 1529): At: 1353204914559
11-18 03:15:15.062 E/POLL    ( 1529): At: 1353204915062
11-18 03:15:15.567 E/POLL    ( 1529): At: 1353204915568
11-18 03:15:16.073 E/POLL    ( 1529): At: 1353204916076
11-18 03:15:16.582 E/POLL    ( 1529): At: 1353204916581
11-18 03:15:17.090 E/POLL    ( 1529): At: 1353204917090
11-18 03:15:17.592 E/POLL    ( 1529): At: 1353204917594
11-18 03:15:18.100 E/POLL    ( 1529): At: 1353204918100
11-18 03:15:18.612 E/POLL    ( 1529): At: 1353204918610
11-18 03:15:19.113 E/POLL    ( 1529): At: 1353204919118
11-18 03:15:19.619 E/POLL    ( 1529): At: 1353204919620
11-18 03:15:20.124 E/POLL    ( 1529): At: 1353204920124
11-18 03:15:20.632 E/POLL    ( 1529): At: 1353204920627
11-18 03:15:21.156 E/POLL    ( 1529): At: 1353204921156
11-18 03:15:21.654 E/POLL    ( 1529): At: 1353204921660
11-18 03:15:22.162 E/POLL    ( 1529): At: 1353204922162
11-18 03:15:22.662 E/POLL    ( 1529): At: 1353204922671
11-18 03:15:23.174 E/POLL    ( 1529): At: 1353204923174
11-18 03:15:23.683 E/POLL    ( 1529): At: 1353204923681
11-18 03:15:24.187 E/POLL    ( 1529): At: 1353204924187
11-18 03:15:24.682 E/POLL    ( 1529): At: 1353204924690
11-18 03:15:25.193 E/POLL    ( 1529): At: 1353204925193
11-18 03:15:25.692 E/POLL    ( 1529): At: 1353204925700
11-18 03:15:26.204 E/POLL    ( 1529): At: 1353204926204
11-18 03:15:26.703 E/POLL    ( 1529): At: 1353204926711
11-18 03:15:27.214 E/POLL    ( 1529): At: 1353204927214
11-18 03:15:27.714 E/POLL    ( 1529): At: 1353204927719
11-18 03:15:28.221 E/POLL    ( 1529): At: 1353204928221
11-18 03:15:28.723 E/POLL    ( 1529): At: 1353204928731
11-18 03:15:29.234 E/POLL    ( 1529): At: 1353204929234
11-18 03:15:29.742 E/POLL    ( 1529): At: 1353204929743
11-18 03:15:30.246 E/POLL    ( 1529): At: 1353204930246
11-18 03:15:30.752 E/POLL    ( 1529): At: 1353204930753
11-18 03:15:31.256 E/POLL    ( 1529): At: 1353204931256
11-18 03:15:31.752 E/POLL    ( 1529): At: 1353204931759
11-18 03:15:32.263 E/POLL    ( 1529): At: 1353204932263
11-18 03:15:32.762 E/POLL    ( 1529): At: 1353204932770
11-18 03:15:33.274 E/POLL    ( 1529): At: 1353204933274
11-18 03:15:33.772 E/POLL    ( 1529): At: 1353204933780
11-18 03:15:34.284 E/POLL    ( 1529): At: 1353204934284
11-18 03:15:34.792 E/POLL    ( 1529): At: 1353204934791
11-18 03:15:35.294 E/UNFULFILLED( 1529): GET (?:https?://[^/]+|[^/]+)?/quizquestions/1/rating\b
11-18 03:15:35.372 D/dalvikvm( 1529): WAIT_FOR_CONCURRENT_GC blocked 0ms
11-18 03:15:35.502 D/dalvikvm( 1529): GC_EXPLICIT freed 60K, 5% free 8240K/8647K, paused 30ms+11ms, total 134ms
11-18 03:15:35.502 D/dalvikvm( 1529): WAIT_FOR_CONCURRENT_GC blocked 0ms
11-18 03:15:35.612 D/dalvikvm( 1529): GC_EXPLICIT freed 16K, 5% free 8224K/8647K, paused 14ms+9ms, total 101ms
11-18 03:15:35.612 I/TestRunner( 1529): failed: testPersonalRatingsServerQuery(epfl.sweng.test.homework4.Ex2P2ActivityLoadTest)
11-18 03:15:35.612 I/TestRunner( 1529): ----- begin exception -----
11-18 03:15:35.642 I/TestRunner( 1529): 
11-18 03:15:35.642 I/TestRunner( 1529): junit.framework.AssertionFailedError: The app did not send the appropriate request to the server. See log for details.
11-18 03:15:35.642 I/TestRunner( 1529): 	at junit.framework.Assert.fail(Assert.java:50)
11-18 03:15:35.642 I/TestRunner( 1529): 	at epfl.sweng.test.homework4.Ex2P2ActivityLoadTest.testPersonalRatingsServerQuery(Ex2P2ActivityLoadTest.java:70)
11-18 03:15:35.642 I/TestRunner( 1529): 	at java.lang.reflect.Method.invokeNative(Native Method)
11-18 03:15:35.642 I/TestRunner( 1529): 	at java.lang.reflect.Method.invoke(Method.java:511)
11-18 03:15:35.642 I/TestRunner( 1529): 	at android.test.InstrumentationTestCase.runMethod(InstrumentationTestCase.java:214)
11-18 03:15:35.642 I/TestRunner( 1529): 	at android.test.InstrumentationTestCase.runTest(InstrumentationTestCase.java:199)
11-18 03:15:35.642 I/TestRunner( 1529): 	at android.test.ActivityInstrumentationTestCase2.runTest(ActivityInstrumentationTestCase2.java:192)
11-18 03:15:35.642 I/TestRunner( 1529): 	at junit.framework.TestCase.runBare(TestCase.java:134)
11-18 03:15:35.642 I/TestRunner( 1529): 	at junit.framework.TestResult$1.protect(TestResult.java:115)
11-18 03:15:35.642 I/TestRunner( 1529): 	at junit.framework.TestResult.runProtected(TestResult.java:133)
11-18 03:15:35.642 I/TestRunner( 1529): 	at junit.framework.TestResult.run(TestResult.java:118)
11-18 03:15:35.642 I/TestRunner( 1529): 	at junit.framework.TestCase.run(TestCase.java:124)
11-18 03:15:35.642 I/TestRunner( 1529): 	at android.test.AndroidTestRunner.runTest(AndroidTestRunner.java:190)
11-18 03:15:35.642 I/TestRunner( 1529): 	at android.test.AndroidTestRunner.runTest(AndroidTestRunner.java:175)
11-18 03:15:35.642 I/TestRunner( 1529): 	at android.test.InstrumentationTestRunner.onStart(InstrumentationTestRunner.java:555)
11-18 03:15:35.642 I/TestRunner( 1529): 	at android.app.Instrumentation$InstrumentationThread.run(Instrumentation.java:1584)
11-18 03:15:35.642 I/TestRunner( 1529): ----- end exception -----
11-18 03:15:35.692 I/TestRunner( 1529): finished: testPersonalRatingsServerQuery(epfl.sweng.test.homework4.Ex2P2ActivityLoadTest)
11-18 03:15:35.722 I/ActivityManager(  158): Force stopping package epfl.sweng uid=10045
11-18 03:15:35.732 I/ActivityManager(  158): Killing proc 1529:epfl.sweng/u0a45: force stop
11-18 03:15:35.732 W/ActivityManager(  158): Force removing ActivityRecord{4148d218 epfl.sweng/.showquestions.ShowQuestionsActivity}: app died, no saved state
11-18 03:15:35.823 D/AndroidRuntime( 1519): Shutting down VM
11-18 03:15:35.873 D/dalvikvm( 1519): GC_CONCURRENT freed 118K, 78% free 458K/2048K, paused 2ms+2ms, total 29ms
11-18 03:15:35.883 I/AndroidRuntime( 1519): NOTE: attach of thread 'Binder_3' failed
11-18 03:15:35.933 I/WindowState(  158): WIN DEATH: Window{418d7328 epfl.sweng/epfl.sweng.showquestions.ShowQuestionsActivity paused=false}
11-18 03:15:36.003 I/Choreographer(  442): Skipped 41 frames!  The application may be doing too much work on its main thread.
11-18 03:15:36.133 W/InputMethodManagerService(  158): Got RemoteException sending setActive(false) notification to pid 1529 uid 10045
11-18 03:15:36.933 D/AndroidRuntime( 1552): 
11-18 03:15:36.933 D/AndroidRuntime( 1552): >>>>>> AndroidRuntime START com.android.internal.os.RuntimeInit <<<<<<
11-18 03:15:36.933 D/AndroidRuntime( 1552): CheckJNI is ON
11-18 03:15:36.993 D/dalvikvm( 1552): Trying to load lib libjavacore.so 0x0
11-18 03:15:37.013 D/dalvikvm( 1552): Added shared lib libjavacore.so 0x0
11-18 03:15:37.053 D/dalvikvm( 1552): Trying to load lib libnativehelper.so 0x0
11-18 03:15:37.053 D/dalvikvm( 1552): Added shared lib libnativehelper.so 0x0
11-18 03:15:38.063 D/AndroidRuntime( 1552): Calling main entry com.android.commands.am.Am
11-18 03:15:38.113 I/ActivityManager(  158): Force stopping package epfl.sweng uid=10045
11-18 03:15:38.143 D/dalvikvm( 1562): Not late-enabling CheckJNI (already on)
11-18 03:15:38.173 I/ActivityManager(  158): Start proc epfl.sweng for added application epfl.sweng: pid=1562 uid=10045 gids={3003, 1028}
11-18 03:15:38.282 E/Trace   ( 1562): error opening trace file: No such file or directory (2)
11-18 03:15:38.462 I/TestRunner( 1562): started: testBrokenAggregateResponseWhenLikeButtonClicked(epfl.sweng.test.homework4.Ex2P2RatingButtonClickTest)
11-18 03:15:38.603 I/ActivityManager(  158): START {act=android.intent.action.MAIN flg=0x10000000 cmp=epfl.sweng/.entry.MainActivity u=0} from pid 1562
11-18 03:15:38.603 W/WindowManager(  158): Failure taking screenshot for (246x410) to layer 21005
11-18 03:15:39.662 I/Choreographer(  442): Skipped 120 frames!  The application may be doing too much work on its main thread.
11-18 03:15:39.993 D/dalvikvm( 1562): GC_CONCURRENT freed 273K, 5% free 8138K/8519K, paused 49ms+102ms, total 274ms
11-18 03:15:40.063 D/gralloc_goldfish( 1562): Emulator without GPU emulation detected.
11-18 03:15:40.173 I/ActivityManager(  158): Displayed epfl.sweng/.entry.MainActivity: +1s547ms
11-18 03:15:40.332 I/Choreographer(  158): Skipped 38 frames!  The application may be doing too much work on its main thread.
11-18 03:15:41.562 I/ActivityManager(  158): START {cmp=epfl.sweng/.showquestions.ShowQuestionsActivity u=0} from pid 1562
11-18 03:15:41.572 W/WindowManager(  158): Failure taking screenshot for (246x410) to layer 21010
11-18 03:15:41.913 I/QuizServer( 1562): ==== Sweng QuizQuestion Server Request ====
11-18 03:15:41.923 I/QuizServer( 1562): GET https://sweng-quiz.appspot.com/quizquestions/random HTTP/1.1
11-18 03:15:41.923 I/QuizServer( 1562): Authorization: Tequila fixture_session
11-18 03:15:42.142 I/Choreographer( 1562): Skipped 34 frames!  The application may be doing too much work on its main thread.
11-18 03:15:42.282 I/ActivityManager(  158): Displayed epfl.sweng/.showquestions.ShowQuestionsActivity: +688ms
11-18 03:15:43.033 V/HTTP    ( 1562): GET https://sweng-quiz.appspot.com/quizquestions/random HTTP/1.1
11-18 03:15:43.562 V/HTTP    ( 1562): Mocking request since it matches pattern GET (?:https?://[^/]+|[^/]+)?/quizquestions/random\b
11-18 03:15:43.562 V/HTTP    ( 1562): Response body: {"id":"1","tags":["h2g2","trivia"],"owner":"sweng","answers":["Forty-two","Twenty-seven"],"question":"What is the answer to life, the universe and everything?","solutionIndex":0}
11-18 03:15:43.572 V/HTTP    ( 1562): HTTP/1.1 200 OK
11-18 03:15:43.572 I/SERVER  ( 1562): Replied with status code 200
11-18 03:15:43.582 I/QuizServer( 1562): ==== Sweng QuizQuestion Server Response ====
11-18 03:15:43.582 I/QuizServer( 1562): 200 OK
11-18 03:15:43.582 I/QuizServer( 1562): {"id":"1","tags":["h2g2","trivia"],"owner":"sweng","answers":["Forty-two","Twenty-seven"],"question":"What is the answer to life, the universe and everything?","solutionIndex":0}
11-18 03:15:43.762 I/QuizServer( 1562): ==== Sweng QuizQuestion Server Request ====
11-18 03:15:43.813 I/QuizServer( 1562): GET https://sweng-quiz.appspot.com/quizquestions/1/ratings HTTP/1.1
11-18 03:15:43.833 I/QuizServer( 1562): Authorization: Tequila fixture_session
11-18 03:15:43.963 V/HTTP    ( 1562): GET https://sweng-quiz.appspot.com/quizquestions/1/ratings HTTP/1.1
11-18 03:15:44.512 V/HTTP    ( 1562): Mocking request since it matches pattern GET (?:https?://[^/]+|[^/]+)?/quizquestions/.*/ratings\b
11-18 03:15:44.512 V/HTTP    ( 1562): Response body: {"dislikeCount":789,"likeCount":12,"incorrectCount":987}
11-18 03:15:44.522 V/HTTP    ( 1562): HTTP/1.1 200 OK
11-18 03:15:44.522 I/SERVER  ( 1562): Replied with status code 200
11-18 03:15:44.522 I/QuizServer( 1562): ==== Sweng QuizQuestion Server Response ====
11-18 03:15:44.532 I/QuizServer( 1562): 200 OK
11-18 03:15:44.532 I/QuizServer( 1562): {"dislikeCount":789,"likeCount":12,"incorrectCount":987}
11-18 03:15:45.682 D/dalvikvm( 1562): GC_CONCURRENT freed 279K, 5% free 8263K/8647K, paused 52ms+7ms, total 126ms
11-18 03:15:46.813 I/QuizServer( 1562): ==== Sweng QuizQuestion Server Request ====
11-18 03:15:46.813 I/QuizServer( 1562): POST https://sweng-quiz.appspot.com/quizquestions/1/rating HTTP/1.1
11-18 03:15:46.813 I/QuizServer( 1562): Content-type: application/json
11-18 03:15:46.813 I/QuizServer( 1562): Authorization: Tequila fixture_session
11-18 03:15:46.813 I/QuizServer( 1562): {"verdict":"like"}
11-18 03:15:46.813 V/HTTP    ( 1562): POST https://sweng-quiz.appspot.com/quizquestions/1/rating HTTP/1.1
11-18 03:15:47.352 V/HTTP    ( 1562): Mocking request since it matches pattern POST (?:https?://[^/]+|[^/]+)?/quizquestions/.*/rating\b
11-18 03:15:47.352 V/HTTP    ( 1562): Response body: null
11-18 03:15:47.362 V/HTTP    ( 1562): HTTP/1.1 201 Created
11-18 03:15:47.362 I/SERVER  ( 1562): Replied with status code 201
11-18 03:15:47.362 I/QuizServer( 1562): ==== Sweng QuizQuestion Server Response ====
11-18 03:15:47.362 I/QuizServer( 1562): 201 Created
11-18 03:15:47.362 I/QuizServer( 1562): {}
11-18 03:15:47.382 I/QuizServer( 1562): ==== Sweng QuizQuestion Server Request ====
11-18 03:15:47.382 I/QuizServer( 1562): GET https://sweng-quiz.appspot.com/quizquestions/1/rating HTTP/1.1
11-18 03:15:47.392 I/QuizServer( 1562): Authorization: Tequila fixture_session
11-18 03:15:47.392 V/HTTP    ( 1562): GET https://sweng-quiz.appspot.com/quizquestions/1/rating HTTP/1.1
11-18 03:15:47.902 V/HTTP    ( 1562): Mocking request since it matches pattern GET (?:https?://[^/]+|[^/]+)?/quizquestions/.*/rating\b
11-18 03:15:47.984 V/HTTP    ( 1562): Response body: null
11-18 03:15:47.993 V/HTTP    ( 1562): HTTP/1.1 204 No Content
11-18 03:15:48.033 I/SERVER  ( 1562): Replied with status code 204
11-18 03:15:48.043 I/QuizServer( 1562): ==== Sweng QuizQuestion Server Response ====
11-18 03:15:48.043 I/QuizServer( 1562): 204 No Content
11-18 03:15:48.053 I/QuizServer( 1562): {}
11-18 03:15:48.103 I/QuizServer( 1562): ==== Sweng QuizQuestion Server Request ====
11-18 03:15:48.103 I/QuizServer( 1562): GET https://sweng-quiz.appspot.com/quizquestions/1/ratings HTTP/1.1
11-18 03:15:48.133 I/QuizServer( 1562): Authorization: Tequila fixture_session
11-18 03:15:48.173 V/HTTP    ( 1562): GET https://sweng-quiz.appspot.com/quizquestions/1/ratings HTTP/1.1
11-18 03:15:48.682 V/HTTP    ( 1562): Mocking request since it matches pattern GET (?:https?://[^/]+|[^/]+)?/quizquestions/1/ratings\b
11-18 03:15:48.682 V/HTTP    ( 1562): Response body: 034 j flkfjdsf,
11-18 03:15:48.682 V/HTTP    ( 1562): HTTP/1.1 200 OK
11-18 03:15:48.692 I/SERVER  ( 1562): Replied with status code 200
11-18 03:15:48.692 I/QuizServer( 1562): ==== Sweng QuizQuestion Server Response ====
11-18 03:15:48.692 I/QuizServer( 1562): 200 OK
11-18 03:15:48.702 I/QuizServer( 1562): 034 j flkfjdsf,
11-18 03:15:49.103 D/dalvikvm( 1562): WAIT_FOR_CONCURRENT_GC blocked 0ms
11-18 03:15:49.432 D/dalvikvm( 1562): GC_EXPLICIT freed 229K, 5% free 8267K/8647K, paused 24ms+35ms, total 334ms
11-18 03:15:49.462 D/dalvikvm( 1562): WAIT_FOR_CONCURRENT_GC blocked 0ms
11-18 03:15:49.662 D/dalvikvm( 1562): GC_EXPLICIT freed 28K, 5% free 8240K/8647K, paused 33ms+11ms, total 205ms
11-18 03:15:49.672 I/TestRunner( 1562): finished: testBrokenAggregateResponseWhenLikeButtonClicked(epfl.sweng.test.homework4.Ex2P2RatingButtonClickTest)
11-18 03:15:49.672 I/TestRunner( 1562): passed: testBrokenAggregateResponseWhenLikeButtonClicked(epfl.sweng.test.homework4.Ex2P2RatingButtonClickTest)
11-18 03:15:49.712 I/ActivityManager(  158): Force stopping package epfl.sweng uid=10045
11-18 03:15:49.722 I/ActivityManager(  158): Killing proc 1562:epfl.sweng/u0a45: force stop
11-18 03:15:49.722 W/ActivityManager(  158): Force removing ActivityRecord{41bd19f0 epfl.sweng/.showquestions.ShowQuestionsActivity}: app died, no saved state
11-18 03:15:49.752 D/AndroidRuntime( 1552): Shutting down VM
11-18 03:15:49.823 D/dalvikvm( 1552): GC_CONCURRENT freed 109K, 78% free 458K/2048K, paused 2ms+2ms, total 25ms
11-18 03:15:49.883 I/AndroidRuntime( 1552): NOTE: attach of thread 'Binder_3' failed
11-18 03:15:49.903 I/WindowState(  158): WIN DEATH: Window{418df768 epfl.sweng/epfl.sweng.showquestions.ShowQuestionsActivity paused=false}
11-18 03:15:49.953 I/WindowState(  158): WIN DEATH: Window{41a376e8 Toast paused=false}
11-18 03:15:49.973 E/InputDispatcher(  158): Received spurious receive callback for unknown input channel.  fd=178, events=0x9
11-18 03:15:50.632 I/Choreographer(  442): Skipped 177 frames!  The application may be doing too much work on its main thread.
11-18 03:15:50.762 I/Choreographer(  158): Skipped 35 frames!  The application may be doing too much work on its main thread.
11-18 03:15:50.873 W/InputMethodManagerService(  158): Got RemoteException sending setActive(false) notification to pid 1562 uid 10045
11-18 03:15:51.113 D/AndroidRuntime( 1588): 
11-18 03:15:51.113 D/AndroidRuntime( 1588): >>>>>> AndroidRuntime START com.android.internal.os.RuntimeInit <<<<<<
11-18 03:15:51.113 D/AndroidRuntime( 1588): CheckJNI is ON
11-18 03:15:51.213 D/dalvikvm( 1588): Trying to load lib libjavacore.so 0x0
11-18 03:15:51.242 D/dalvikvm( 1588): Added shared lib libjavacore.so 0x0
11-18 03:15:51.342 D/dalvikvm( 1588): Trying to load lib libnativehelper.so 0x0
11-18 03:15:51.342 D/dalvikvm( 1588): Added shared lib libnativehelper.so 0x0
11-18 03:15:52.242 W/NotificationService(  158): Object died trying to hide notification android.app.ITransientNotification$Stub$Proxy@419cc5c8 in package epfl.sweng
11-18 03:15:52.472 D/AndroidRuntime( 1588): Calling main entry com.android.commands.am.Am
11-18 03:15:52.522 I/ActivityManager(  158): Force stopping package epfl.sweng uid=10045
11-18 03:15:52.562 D/dalvikvm( 1598): Not late-enabling CheckJNI (already on)
11-18 03:15:52.582 I/ActivityManager(  158): Start proc epfl.sweng for added application epfl.sweng: pid=1598 uid=10045 gids={3003, 1028}
11-18 03:15:52.712 E/Trace   ( 1598): error opening trace file: No such file or directory (2)
11-18 03:15:52.893 I/TestRunner( 1598): started: testBrokenResponseWhenDislikeButtonClicked(epfl.sweng.test.homework4.Ex2P2RatingButtonClickTest)
11-18 03:15:53.043 I/ActivityManager(  158): START {act=android.intent.action.MAIN flg=0x10000000 cmp=epfl.sweng/.entry.MainActivity u=0} from pid 1598
11-18 03:15:53.053 W/WindowManager(  158): Failure taking screenshot for (246x410) to layer 21005
11-18 03:15:54.492 D/dalvikvm( 1598): GC_CONCURRENT freed 276K, 5% free 8140K/8519K, paused 51ms+32ms, total 303ms
11-18 03:15:54.572 D/gralloc_goldfish( 1598): Emulator without GPU emulation detected.
11-18 03:15:54.682 I/ActivityManager(  158): Displayed epfl.sweng/.entry.MainActivity: +1s615ms
11-18 03:15:54.813 I/Choreographer(  158): Skipped 31 frames!  The application may be doing too much work on its main thread.
11-18 03:15:56.133 I/ActivityManager(  158): START {cmp=epfl.sweng/.showquestions.ShowQuestionsActivity u=0} from pid 1598
11-18 03:15:56.133 W/WindowManager(  158): Failure taking screenshot for (246x410) to layer 21010
11-18 03:15:56.492 I/QuizServer( 1598): ==== Sweng QuizQuestion Server Request ====
11-18 03:15:56.502 I/QuizServer( 1598): GET https://sweng-quiz.appspot.com/quizquestions/random HTTP/1.1
11-18 03:15:56.502 I/QuizServer( 1598): Authorization: Tequila fixture_session
11-18 03:15:56.712 I/Choreographer( 1598): Skipped 40 frames!  The application may be doing too much work on its main thread.
11-18 03:15:56.873 I/ActivityManager(  158): Displayed epfl.sweng/.showquestions.ShowQuestionsActivity: +710ms
11-18 03:15:57.163 I/Choreographer( 1598): Skipped 65 frames!  The application may be doing too much work on its main thread.
11-18 03:15:57.672 V/HTTP    ( 1598): GET https://sweng-quiz.appspot.com/quizquestions/random HTTP/1.1
11-18 03:15:58.212 V/HTTP    ( 1598): Mocking request since it matches pattern GET (?:https?://[^/]+|[^/]+)?/quizquestions/random\b
11-18 03:15:58.212 V/HTTP    ( 1598): Response body: {"id":"1","tags":["h2g2","trivia"],"owner":"sweng","answers":["Forty-two","Twenty-seven"],"question":"What is the answer to life, the universe and everything?","solutionIndex":0}
11-18 03:15:58.222 V/HTTP    ( 1598): HTTP/1.1 200 OK
11-18 03:15:58.222 I/SERVER  ( 1598): Replied with status code 200
11-18 03:15:58.232 I/QuizServer( 1598): ==== Sweng QuizQuestion Server Response ====
11-18 03:15:58.232 I/QuizServer( 1598): 200 OK
11-18 03:15:58.232 I/QuizServer( 1598): {"id":"1","tags":["h2g2","trivia"],"owner":"sweng","answers":["Forty-two","Twenty-seven"],"question":"What is the answer to life, the universe and everything?","solutionIndex":0}
11-18 03:15:58.372 I/QuizServer( 1598): ==== Sweng QuizQuestion Server Request ====
11-18 03:15:58.442 I/QuizServer( 1598): GET https://sweng-quiz.appspot.com/quizquestions/1/ratings HTTP/1.1
11-18 03:15:58.472 I/QuizServer( 1598): Authorization: Tequila fixture_session
11-18 03:15:58.652 V/HTTP    ( 1598): GET https://sweng-quiz.appspot.com/quizquestions/1/ratings HTTP/1.1
11-18 03:15:59.193 V/HTTP    ( 1598): Mocking request since it matches pattern GET (?:https?://[^/]+|[^/]+)?/quizquestions/.*/ratings\b
11-18 03:15:59.193 V/HTTP    ( 1598): Response body: {"dislikeCount":789,"likeCount":12,"incorrectCount":987}
11-18 03:15:59.202 V/HTTP    ( 1598): HTTP/1.1 200 OK
11-18 03:15:59.202 I/SERVER  ( 1598): Replied with status code 200
11-18 03:15:59.202 I/QuizServer( 1598): ==== Sweng QuizQuestion Server Response ====
11-18 03:15:59.202 I/QuizServer( 1598): 200 OK
11-18 03:15:59.212 I/QuizServer( 1598): {"dislikeCount":789,"likeCount":12,"incorrectCount":987}
11-18 03:16:00.352 D/dalvikvm( 1598): GC_CONCURRENT freed 281K, 5% free 8263K/8647K, paused 52ms+9ms, total 136ms
11-18 03:16:01.483 I/QuizServer( 1598): ==== Sweng QuizQuestion Server Request ====
11-18 03:16:01.483 I/QuizServer( 1598): POST https://sweng-quiz.appspot.com/quizquestions/1/rating HTTP/1.1
11-18 03:16:01.522 I/QuizServer( 1598): Content-type: application/json
11-18 03:16:01.522 I/QuizServer( 1598): Authorization: Tequila fixture_session
11-18 03:16:01.532 I/QuizServer( 1598): {"verdict":"dislike"}
11-18 03:16:01.532 V/HTTP    ( 1598): POST https://sweng-quiz.appspot.com/quizquestions/1/rating HTTP/1.1
11-18 03:16:02.043 V/HTTP    ( 1598): Mocking request since it matches pattern POST (?:https?://[^/]+|[^/]+)?/quizquestions/1/rating\b
11-18 03:16:02.043 V/HTTP    ( 1598): Response body: {}
11-18 03:16:02.063 V/HTTP    ( 1598): HTTP/1.1 200 OK
11-18 03:16:02.063 I/SERVER  ( 1598): Replied with status code 200
11-18 03:16:02.073 I/QuizServer( 1598): ==== Sweng QuizQuestion Server Response ====
11-18 03:16:02.073 I/QuizServer( 1598): 200 OK
11-18 03:16:02.073 I/QuizServer( 1598): {}
11-18 03:16:02.083 I/QuizServer( 1598): ==== Sweng QuizQuestion Server Request ====
11-18 03:16:02.093 I/QuizServer( 1598): GET https://sweng-quiz.appspot.com/quizquestions/1/rating HTTP/1.1
11-18 03:16:02.093 I/QuizServer( 1598): Authorization: Tequila fixture_session
11-18 03:16:02.093 V/HTTP    ( 1598): GET https://sweng-quiz.appspot.com/quizquestions/1/rating HTTP/1.1
11-18 03:16:02.642 V/HTTP    ( 1598): Mocking request since it matches pattern GET (?:https?://[^/]+|[^/]+)?/quizquestions/.*/rating\b
11-18 03:16:02.642 V/HTTP    ( 1598): Response body: null
11-18 03:16:02.652 V/HTTP    ( 1598): HTTP/1.1 204 No Content
11-18 03:16:02.652 I/SERVER  ( 1598): Replied with status code 204
11-18 03:16:02.652 I/QuizServer( 1598): ==== Sweng QuizQuestion Server Response ====
11-18 03:16:02.652 I/QuizServer( 1598): 204 No Content
11-18 03:16:02.652 I/QuizServer( 1598): {}
11-18 03:16:02.732 I/QuizServer( 1598): ==== Sweng QuizQuestion Server Request ====
11-18 03:16:02.732 I/QuizServer( 1598): GET https://sweng-quiz.appspot.com/quizquestions/1/ratings HTTP/1.1
11-18 03:16:02.732 I/QuizServer( 1598): Authorization: Tequila fixture_session
11-18 03:16:02.742 V/HTTP    ( 1598): GET https://sweng-quiz.appspot.com/quizquestions/1/ratings HTTP/1.1
11-18 03:16:03.262 V/HTTP    ( 1598): Mocking request since it matches pattern GET (?:https?://[^/]+|[^/]+)?/quizquestions/.*/ratings\b
11-18 03:16:03.262 V/HTTP    ( 1598): Response body: {"dislikeCount":789,"likeCount":12,"incorrectCount":987}
11-18 03:16:03.272 V/HTTP    ( 1598): HTTP/1.1 200 OK
11-18 03:16:03.272 I/SERVER  ( 1598): Replied with status code 200
11-18 03:16:03.272 I/QuizServer( 1598): ==== Sweng QuizQuestion Server Response ====
11-18 03:16:03.272 I/QuizServer( 1598): 200 OK
11-18 03:16:03.282 I/QuizServer( 1598): {"dislikeCount":789,"likeCount":12,"incorrectCount":987}
11-18 03:16:07.133 I/Choreographer( 1598): Skipped 38 frames!  The application may be doing too much work on its main thread.
11-18 03:16:07.183 D/dalvikvm( 1598): GC_CONCURRENT freed 425K, 6% free 8276K/8775K, paused 24ms+10ms, total 340ms
11-18 03:16:07.183 D/dalvikvm( 1598): WAIT_FOR_CONCURRENT_GC blocked 229ms
11-18 03:16:07.342 D/dalvikvm( 1598): GC_EXPLICIT freed 28K, 7% free 8248K/8775K, paused 42ms+13ms, total 156ms
11-18 03:16:07.342 D/dalvikvm( 1598): WAIT_FOR_CONCURRENT_GC blocked 0ms
11-18 03:16:07.462 D/dalvikvm( 1598): GC_EXPLICIT freed 15K, 7% free 8233K/8775K, paused 15ms+10ms, total 109ms
11-18 03:16:07.462 I/TestRunner( 1598): failed: testBrokenResponseWhenDislikeButtonClicked(epfl.sweng.test.homework4.Ex2P2RatingButtonClickTest)
11-18 03:16:07.462 I/TestRunner( 1598): ----- begin exception -----
11-18 03:16:07.502 I/TestRunner( 1598): 
11-18 03:16:07.502 I/TestRunner( 1598): junit.framework.AssertionFailedError: Could not find text There was an error setting the rating
11-18 03:16:07.502 I/TestRunner( 1598): 	at junit.framework.Assert.fail(Assert.java:50)
11-18 03:16:07.502 I/TestRunner( 1598): 	at junit.framework.Assert.assertTrue(Assert.java:20)
11-18 03:16:07.502 I/TestRunner( 1598): 	at epfl.sweng.test.homework4.Ex2P2RatingButtonClickTest.checkBrokenResponseWhenButtonClicked(Ex2P2RatingButtonClickTest.java:192)
11-18 03:16:07.502 I/TestRunner( 1598): 	at epfl.sweng.test.homework4.Ex2P2RatingButtonClickTest.testBrokenResponseWhenDislikeButtonClicked(Ex2P2RatingButtonClickTest.java:201)
11-18 03:16:07.502 I/TestRunner( 1598): 	at java.lang.reflect.Method.invokeNative(Native Method)
11-18 03:16:07.502 I/TestRunner( 1598): 	at java.lang.reflect.Method.invoke(Method.java:511)
11-18 03:16:07.502 I/TestRunner( 1598): 	at android.test.InstrumentationTestCase.runMethod(InstrumentationTestCase.java:214)
11-18 03:16:07.502 I/TestRunner( 1598): 	at android.test.InstrumentationTestCase.runTest(InstrumentationTestCase.java:199)
11-18 03:16:07.502 I/TestRunner( 1598): 	at android.test.ActivityInstrumentationTestCase2.runTest(ActivityInstrumentationTestCase2.java:192)
11-18 03:16:07.502 I/TestRunner( 1598): 	at junit.framework.TestCase.runBare(TestCase.java:134)
11-18 03:16:07.502 I/TestRunner( 1598): 	at junit.framework.TestResult$1.protect(TestResult.java:115)
11-18 03:16:07.502 I/TestRunner( 1598): 	at junit.framework.TestResult.runProtected(TestResult.java:133)
11-18 03:16:07.502 I/TestRunner( 1598): 	at junit.framework.TestResult.run(TestResult.java:118)
11-18 03:16:07.502 I/TestRunner( 1598): 	at junit.framework.TestCase.run(TestCase.java:124)
11-18 03:16:07.502 I/TestRunner( 1598): 	at android.test.AndroidTestRunner.runTest(AndroidTestRunner.java:190)
11-18 03:16:07.502 I/TestRunner( 1598): 	at android.test.AndroidTestRunner.runTest(AndroidTestRunner.java:175)
11-18 03:16:07.502 I/TestRunner( 1598): 	at android.test.InstrumentationTestRunner.onStart(InstrumentationTestRunner.java:555)
11-18 03:16:07.502 I/TestRunner( 1598): 	at android.app.Instrumentation$InstrumentationThread.run(Instrumentation.java:1584)
11-18 03:16:07.502 I/TestRunner( 1598): ----- end exception -----
11-18 03:16:07.552 I/TestRunner( 1598): finished: testBrokenResponseWhenDislikeButtonClicked(epfl.sweng.test.homework4.Ex2P2RatingButtonClickTest)
11-18 03:16:07.582 I/ActivityManager(  158): Force stopping package epfl.sweng uid=10045
11-18 03:16:07.592 I/ActivityManager(  158): Killing proc 1598:epfl.sweng/u0a45: force stop
11-18 03:16:07.602 W/ActivityManager(  158): Force removing ActivityRecord{416d8c50 epfl.sweng/.showquestions.ShowQuestionsActivity}: app died, no saved state
11-18 03:16:07.712 D/AndroidRuntime( 1588): Shutting down VM
11-18 03:16:07.752 D/dalvikvm( 1588): GC_CONCURRENT freed 120K, 78% free 458K/2048K, paused 2ms+2ms, total 32ms
11-18 03:16:07.793 I/AndroidRuntime( 1588): NOTE: attach of thread 'Binder_3' failed
11-18 03:16:07.813 I/WindowState(  158): WIN DEATH: Window{41a222a0 epfl.sweng/epfl.sweng.showquestions.ShowQuestionsActivity paused=false}
11-18 03:16:07.873 I/Choreographer(  442): Skipped 44 frames!  The application may be doing too much work on its main thread.
11-18 03:16:07.953 W/InputMethodManagerService(  158): Got RemoteException sending setActive(false) notification to pid 1598 uid 10045
11-18 03:16:08.773 D/AndroidRuntime( 1624): 
11-18 03:16:08.773 D/AndroidRuntime( 1624): >>>>>> AndroidRuntime START com.android.internal.os.RuntimeInit <<<<<<
11-18 03:16:08.773 D/AndroidRuntime( 1624): CheckJNI is ON
11-18 03:16:08.843 D/dalvikvm( 1624): Trying to load lib libjavacore.so 0x0
11-18 03:16:08.853 D/dalvikvm( 1624): Added shared lib libjavacore.so 0x0
11-18 03:16:08.903 D/dalvikvm( 1624): Trying to load lib libnativehelper.so 0x0
11-18 03:16:08.903 D/dalvikvm( 1624): Added shared lib libnativehelper.so 0x0
11-18 03:16:09.943 D/AndroidRuntime( 1624): Calling main entry com.android.commands.am.Am
11-18 03:16:09.993 I/ActivityManager(  158): Force stopping package epfl.sweng uid=10045
11-18 03:16:10.023 D/dalvikvm( 1634): Not late-enabling CheckJNI (already on)
11-18 03:16:10.053 I/ActivityManager(  158): Start proc epfl.sweng for added application epfl.sweng: pid=1634 uid=10045 gids={3003, 1028}
11-18 03:16:10.173 E/Trace   ( 1634): error opening trace file: No such file or directory (2)
11-18 03:16:10.362 I/TestRunner( 1634): started: testBrokenResponseWhenIncorrectButtonClicked(epfl.sweng.test.homework4.Ex2P2RatingButtonClickTest)
11-18 03:16:10.532 I/ActivityManager(  158): START {act=android.intent.action.MAIN flg=0x10000000 cmp=epfl.sweng/.entry.MainActivity u=0} from pid 1634
11-18 03:16:10.542 W/WindowManager(  158): Failure taking screenshot for (246x410) to layer 21005
11-18 03:16:11.953 D/dalvikvm( 1634): GC_CONCURRENT freed 280K, 5% free 8138K/8519K, paused 41ms+73ms, total 310ms
11-18 03:16:12.002 D/dalvikvm(  283): GREF has increased to 201
11-18 03:16:12.053 D/gralloc_goldfish( 1634): Emulator without GPU emulation detected.
11-18 03:16:12.182 I/ActivityManager(  158): Displayed epfl.sweng/.entry.MainActivity: +1s620ms
11-18 03:16:12.342 I/Choreographer(  158): Skipped 39 frames!  The application may be doing too much work on its main thread.
11-18 03:16:13.612 I/ActivityManager(  158): START {cmp=epfl.sweng/.showquestions.ShowQuestionsActivity u=0} from pid 1634
11-18 03:16:13.612 W/WindowManager(  158): Failure taking screenshot for (246x410) to layer 21010
11-18 03:16:13.973 I/QuizServer( 1634): ==== Sweng QuizQuestion Server Request ====
11-18 03:16:13.973 I/QuizServer( 1634): GET https://sweng-quiz.appspot.com/quizquestions/random HTTP/1.1
11-18 03:16:13.973 I/QuizServer( 1634): Authorization: Tequila fixture_session
11-18 03:16:14.342 I/Choreographer( 1634): Skipped 73 frames!  The application may be doing too much work on its main thread.
11-18 03:16:14.473 D/dalvikvm(  158): GC_CONCURRENT freed 438K, 45% free 10580K/19207K, paused 32ms+63ms, total 477ms
11-18 03:16:14.572 I/ActivityManager(  158): Displayed epfl.sweng/.showquestions.ShowQuestionsActivity: +928ms
11-18 03:16:15.073 I/Choreographer( 1634): Skipped 114 frames!  The application may be doing too much work on its main thread.
11-18 03:16:15.432 V/HTTP    ( 1634): GET https://sweng-quiz.appspot.com/quizquestions/random HTTP/1.1
11-18 03:16:15.963 V/HTTP    ( 1634): Mocking request since it matches pattern GET (?:https?://[^/]+|[^/]+)?/quizquestions/random\b
11-18 03:16:15.963 V/HTTP    ( 1634): Response body: {"id":"1","tags":["h2g2","trivia"],"owner":"sweng","answers":["Forty-two","Twenty-seven"],"question":"What is the answer to life, the universe and everything?","solutionIndex":0}
11-18 03:16:15.973 V/HTTP    ( 1634): HTTP/1.1 200 OK
11-18 03:16:15.983 I/SERVER  ( 1634): Replied with status code 200
11-18 03:16:15.983 I/QuizServer( 1634): ==== Sweng QuizQuestion Server Response ====
11-18 03:16:15.983 I/QuizServer( 1634): 200 OK
11-18 03:16:15.983 I/QuizServer( 1634): {"id":"1","tags":["h2g2","trivia"],"owner":"sweng","answers":["Forty-two","Twenty-seven"],"question":"What is the answer to life, the universe and everything?","solutionIndex":0}
11-18 03:16:16.113 I/QuizServer( 1634): ==== Sweng QuizQuestion Server Request ====
11-18 03:16:16.182 I/QuizServer( 1634): GET https://sweng-quiz.appspot.com/quizquestions/1/ratings HTTP/1.1
11-18 03:16:16.222 I/QuizServer( 1634): Authorization: Tequila fixture_session
11-18 03:16:16.282 V/HTTP    ( 1634): GET https://sweng-quiz.appspot.com/quizquestions/1/ratings HTTP/1.1
11-18 03:16:16.883 V/HTTP    ( 1634): Mocking request since it matches pattern GET (?:https?://[^/]+|[^/]+)?/quizquestions/.*/ratings\b
11-18 03:16:16.883 V/HTTP    ( 1634): Response body: {"dislikeCount":789,"likeCount":12,"incorrectCount":987}
11-18 03:16:16.883 V/HTTP    ( 1634): HTTP/1.1 200 OK
11-18 03:16:16.883 I/SERVER  ( 1634): Replied with status code 200
11-18 03:16:16.894 I/QuizServer( 1634): ==== Sweng QuizQuestion Server Response ====
11-18 03:16:16.894 I/QuizServer( 1634): 200 OK
11-18 03:16:16.894 I/QuizServer( 1634): {"dislikeCount":789,"likeCount":12,"incorrectCount":987}
11-18 03:16:18.023 D/dalvikvm( 1634): GC_CONCURRENT freed 280K, 5% free 8264K/8647K, paused 53ms+9ms, total 120ms
11-18 03:16:19.122 I/QuizServer( 1634): ==== Sweng QuizQuestion Server Request ====
11-18 03:16:19.122 I/QuizServer( 1634): POST https://sweng-quiz.appspot.com/quizquestions/1/rating HTTP/1.1
11-18 03:16:19.133 I/QuizServer( 1634): Content-type: application/json
11-18 03:16:19.133 I/QuizServer( 1634): Authorization: Tequila fixture_session
11-18 03:16:19.133 I/QuizServer( 1634): {"verdict":"incorrect"}
11-18 03:16:19.143 V/HTTP    ( 1634): POST https://sweng-quiz.appspot.com/quizquestions/1/rating HTTP/1.1
11-18 03:16:19.677 V/HTTP    ( 1634): Mocking request since it matches pattern POST (?:https?://[^/]+|[^/]+)?/quizquestions/1/rating\b
11-18 03:16:19.682 V/HTTP    ( 1634): Response body: {}
11-18 03:16:19.692 V/HTTP    ( 1634): HTTP/1.1 502 Bad Gateway
11-18 03:16:19.692 I/SERVER  ( 1634): Replied with status code 502
11-18 03:16:20.362 D/dalvikvm( 1634): WAIT_FOR_CONCURRENT_GC blocked 0ms
11-18 03:16:20.632 D/dalvikvm( 1634): GC_EXPLICIT freed 135K, 5% free 8255K/8647K, paused 46ms+15ms, total 265ms
11-18 03:16:20.642 D/dalvikvm( 1634): WAIT_FOR_CONCURRENT_GC blocked 0ms
11-18 03:16:20.752 D/dalvikvm( 1634): GC_EXPLICIT freed 22K, 5% free 8234K/8647K, paused 14ms+9ms, total 102ms
11-18 03:16:20.752 I/TestRunner( 1634): finished: testBrokenResponseWhenIncorrectButtonClicked(epfl.sweng.test.homework4.Ex2P2RatingButtonClickTest)
11-18 03:16:20.762 I/TestRunner( 1634): passed: testBrokenResponseWhenIncorrectButtonClicked(epfl.sweng.test.homework4.Ex2P2RatingButtonClickTest)
11-18 03:16:20.803 I/ActivityManager(  158): Force stopping package epfl.sweng uid=10045
11-18 03:16:20.803 I/ActivityManager(  158): Killing proc 1634:epfl.sweng/u0a45: force stop
11-18 03:16:20.813 W/ActivityManager(  158): Force removing ActivityRecord{419e38b0 epfl.sweng/.showquestions.ShowQuestionsActivity}: app died, no saved state
11-18 03:16:20.845 D/AndroidRuntime( 1624): Shutting down VM
11-18 03:16:20.943 D/dalvikvm( 1624): GC_CONCURRENT freed 109K, 78% free 458K/2048K, paused 2ms+3ms, total 25ms
11-18 03:16:20.963 I/AndroidRuntime( 1624): NOTE: attach of thread 'Binder_3' failed
11-18 03:16:20.993 I/WindowState(  158): WIN DEATH: Window{419d2138 epfl.sweng/epfl.sweng.showquestions.ShowQuestionsActivity paused=false}
11-18 03:16:21.003 I/WindowState(  158): WIN DEATH: Window{413d83c0 Toast paused=false}
11-18 03:16:21.023 E/InputDispatcher(  158): Received spurious receive callback for unknown input channel.  fd=178, events=0x9
11-18 03:16:21.023 E/InputDispatcher(  158): Received spurious receive callback for unknown input channel.  fd=176, events=0x9
11-18 03:16:21.482 I/Choreographer(  442): Skipped 109 frames!  The application may be doing too much work on its main thread.
11-18 03:16:22.013 W/InputMethodManagerService(  158): Got RemoteException sending setActive(false) notification to pid 1634 uid 10045
11-18 03:16:22.053 I/Choreographer(  442): Skipped 47 frames!  The application may be doing too much work on its main thread.
11-18 03:16:22.242 D/AndroidRuntime( 1658): 
11-18 03:16:22.242 D/AndroidRuntime( 1658): >>>>>> AndroidRuntime START com.android.internal.os.RuntimeInit <<<<<<
11-18 03:16:22.262 D/AndroidRuntime( 1658): CheckJNI is ON
11-18 03:16:22.382 D/dalvikvm( 1658): Trying to load lib libjavacore.so 0x0
11-18 03:16:22.402 D/dalvikvm( 1658): Added shared lib libjavacore.so 0x0
11-18 03:16:22.483 D/dalvikvm( 1658): Trying to load lib libnativehelper.so 0x0
11-18 03:16:22.483 D/dalvikvm( 1658): Added shared lib libnativehelper.so 0x0
11-18 03:16:23.232 W/NotificationService(  158): Object died trying to hide notification android.app.ITransientNotification$Stub$Proxy@41882950 in package epfl.sweng
11-18 03:16:23.612 D/AndroidRuntime( 1658): Calling main entry com.android.commands.am.Am
11-18 03:16:23.662 I/ActivityManager(  158): Force stopping package epfl.sweng uid=10045
11-18 03:16:23.692 D/dalvikvm( 1668): Not late-enabling CheckJNI (already on)
11-18 03:16:23.722 I/ActivityManager(  158): Start proc epfl.sweng for added application epfl.sweng: pid=1668 uid=10045 gids={3003, 1028}
11-18 03:16:23.833 E/Trace   ( 1668): error opening trace file: No such file or directory (2)
11-18 03:16:24.013 I/TestRunner( 1668): started: testBrokenResponseWhenLikeButtonClicked(epfl.sweng.test.homework4.Ex2P2RatingButtonClickTest)
11-18 03:16:24.153 I/ActivityManager(  158): START {act=android.intent.action.MAIN flg=0x10000000 cmp=epfl.sweng/.entry.MainActivity u=0} from pid 1668
11-18 03:16:24.173 W/WindowManager(  158): Failure taking screenshot for (246x410) to layer 21005
11-18 03:16:25.252 I/Choreographer(  442): Skipped 38 frames!  The application may be doing too much work on its main thread.
11-18 03:16:25.532 D/dalvikvm( 1668): GC_CONCURRENT freed 284K, 5% free 8134K/8519K, paused 38ms+36ms, total 277ms
11-18 03:16:25.642 D/gralloc_goldfish( 1668): Emulator without GPU emulation detected.
11-18 03:16:25.742 I/ActivityManager(  158): Displayed epfl.sweng/.entry.MainActivity: +1s560ms
11-18 03:16:25.893 I/Choreographer(  158): Skipped 35 frames!  The application may be doing too much work on its main thread.
11-18 03:16:27.173 I/ActivityManager(  158): START {cmp=epfl.sweng/.showquestions.ShowQuestionsActivity u=0} from pid 1668
11-18 03:16:27.182 W/WindowManager(  158): Failure taking screenshot for (246x410) to layer 21010
11-18 03:16:27.562 I/QuizServer( 1668): ==== Sweng QuizQuestion Server Request ====
11-18 03:16:27.562 I/QuizServer( 1668): GET https://sweng-quiz.appspot.com/quizquestions/random HTTP/1.1
11-18 03:16:27.562 I/QuizServer( 1668): Authorization: Tequila fixture_session
11-18 03:16:27.763 I/Choreographer( 1668): Skipped 37 frames!  The application may be doing too much work on its main thread.
11-18 03:16:27.933 I/ActivityManager(  158): Displayed epfl.sweng/.showquestions.ShowQuestionsActivity: +726ms
11-18 03:16:28.742 V/HTTP    ( 1668): GET https://sweng-quiz.appspot.com/quizquestions/random HTTP/1.1
11-18 03:16:29.282 V/HTTP    ( 1668): Mocking request since it matches pattern GET (?:https?://[^/]+|[^/]+)?/quizquestions/random\b
11-18 03:16:29.282 V/HTTP    ( 1668): Response body: {"id":"1","tags":["h2g2","trivia"],"owner":"sweng","answers":["Forty-two","Twenty-seven"],"question":"What is the answer to life, the universe and everything?","solutionIndex":0}
11-18 03:16:29.282 V/HTTP    ( 1668): HTTP/1.1 200 OK
11-18 03:16:29.292 I/SERVER  ( 1668): Replied with status code 200
11-18 03:16:29.302 I/QuizServer( 1668): ==== Sweng QuizQuestion Server Response ====
11-18 03:16:29.302 I/QuizServer( 1668): 200 OK
11-18 03:16:29.302 I/QuizServer( 1668): {"id":"1","tags":["h2g2","trivia"],"owner":"sweng","answers":["Forty-two","Twenty-seven"],"question":"What is the answer to life, the universe and everything?","solutionIndex":0}
11-18 03:16:29.482 I/QuizServer( 1668): ==== Sweng QuizQuestion Server Request ====
11-18 03:16:29.502 I/QuizServer( 1668): GET https://sweng-quiz.appspot.com/quizquestions/1/ratings HTTP/1.1
11-18 03:16:29.552 I/QuizServer( 1668): Authorization: Tequila fixture_session
11-18 03:16:29.663 V/HTTP    ( 1668): GET https://sweng-quiz.appspot.com/quizquestions/1/ratings HTTP/1.1
11-18 03:16:30.242 V/HTTP    ( 1668): Mocking request since it matches pattern GET (?:https?://[^/]+|[^/]+)?/quizquestions/.*/ratings\b
11-18 03:16:30.242 V/HTTP    ( 1668): Response body: {"dislikeCount":789,"likeCount":12,"incorrectCount":987}
11-18 03:16:30.252 V/HTTP    ( 1668): HTTP/1.1 200 OK
11-18 03:16:30.252 I/SERVER  ( 1668): Replied with status code 200
11-18 03:16:30.252 I/QuizServer( 1668): ==== Sweng QuizQuestion Server Response ====
11-18 03:16:30.252 I/QuizServer( 1668): 200 OK
11-18 03:16:30.252 I/QuizServer( 1668): {"dislikeCount":789,"likeCount":12,"incorrectCount":987}
11-18 03:16:31.402 D/dalvikvm( 1668): GC_CONCURRENT freed 280K, 5% free 8264K/8647K, paused 26ms+8ms, total 132ms
11-18 03:16:32.512 I/QuizServer( 1668): ==== Sweng QuizQuestion Server Request ====
11-18 03:16:32.512 I/QuizServer( 1668): POST https://sweng-quiz.appspot.com/quizquestions/1/rating HTTP/1.1
11-18 03:16:32.522 I/QuizServer( 1668): Content-type: application/json
11-18 03:16:32.522 I/QuizServer( 1668): Authorization: Tequila fixture_session
11-18 03:16:32.522 I/QuizServer( 1668): {"verdict":"like"}
11-18 03:16:32.522 V/HTTP    ( 1668): POST https://sweng-quiz.appspot.com/quizquestions/1/rating HTTP/1.1
11-18 03:16:33.033 V/HTTP    ( 1668): Mocking request since it matches pattern POST (?:https?://[^/]+|[^/]+)?/quizquestions/1/rating\b
11-18 03:16:33.033 V/HTTP    ( 1668): Response body: 034 j flkfjdsf,
11-18 03:16:33.043 V/HTTP    ( 1668): HTTP/1.1 200 OK
11-18 03:16:33.043 I/SERVER  ( 1668): Replied with status code 200
11-18 03:16:33.043 I/QuizServer( 1668): ==== Sweng QuizQuestion Server Response ====
11-18 03:16:33.043 I/QuizServer( 1668): 200 OK
11-18 03:16:33.043 I/QuizServer( 1668): 034 j flkfjdsf,
11-18 03:16:33.712 D/dalvikvm( 1668): WAIT_FOR_CONCURRENT_GC blocked 0ms
