11-18 03:23:30.112 I/QuizServer( 2180): Content-Type: application/json; charset=utf-8
11-18 03:23:30.143 I/QuizServer( 2180): {"tags": ["capitals", "geography", "countries" ], "solutionIndex": 3, "question": "What is the capital of Niger?", "answers": ["Riga", "Madrid", "Vienna", "Niamey" ], "owner": "sehaag","id": 16026 }
11-18 03:23:30.282 I/Choreographer( 2180): Skipped 35 frames!  The application may be doing too much work on its main thread.
11-18 03:23:30.443 I/ActivityManager(  158): Displayed epfl.sweng/.showquestions.ShowQuestionsActivity: +648ms
11-18 03:23:30.633 I/QuizServer( 2180): ==== Sweng QuizQuestion Server Request ====
11-18 03:23:30.633 I/QuizServer( 2180): GET https://sweng-quiz.appspot.com/quizquestions/16026/ratings HTTP/1.1
11-18 03:23:30.643 I/QuizServer( 2180): Authorization: Tequila fdsafqeu
11-18 03:23:30.643 I/TEAPOT  ( 2180): Teapot received request: GET https://sweng-quiz.appspot.com/quizquestions/16026/ratings HTTP/1.1
11-18 03:23:30.732 I/Choreographer( 2180): Skipped 63 frames!  The application may be doing too much work on its main thread.
11-18 03:23:30.962 W/WindowManager(  158): Failure taking screenshot for (246x410) to layer 21015
11-18 03:23:31.012 I/SERVER  ( 2180): Replied with status code 200
11-18 03:23:31.152 I/QuizServer( 2180): ==== Sweng QuizQuestion Server Response ====
11-18 03:23:31.202 W/ActivityManager(  158): Duplicate finish request for ActivityRecord{41878908 epfl.sweng/.entry.MainActivity}
11-18 03:23:31.473 I/QuizServer( 2180): 200 OK
11-18 03:23:31.553 I/QuizServer( 2180): Content-type: application/json
11-18 03:23:31.634 I/QuizServer( 2180): {"dislikeCount":3,"likeCount":1,"incorrectCount":2}
11-18 03:23:31.703 W/ActivityManager(  158): Duplicate finish request for ActivityRecord{41967fa8 epfl.sweng/.showquestions.ShowQuestionsActivity}
11-18 03:23:31.792 I/Choreographer( 2180): Skipped 33 frames!  The application may be doing too much work on its main thread.
11-18 03:23:32.022 W/InputDispatcher(  158): Permission denied: injecting event from pid 2180 uid 10045 to window Window{418d1ba8 com.android.launcher/com.android.launcher2.Launcher paused=false} owned by uid 10014
11-18 03:23:32.022 W/InputManager(  158): Input event injection from pid 2180 permission denied.
11-18 03:23:32.032 I/TestRunner( 2180): finished: testShowRandom(epfl.sweng.test.MainActivityTest)
11-18 03:23:32.032 I/TestRunner( 2180): passed: testShowRandom(epfl.sweng.test.MainActivityTest)
11-18 03:23:32.052 I/TestRunner( 2180): started: testSubmit(epfl.sweng.test.MainActivityTest)
11-18 03:23:32.092 I/ActivityManager(  158): START {act=android.intent.action.MAIN flg=0x10000000 cmp=epfl.sweng/.entry.MainActivity u=0} from pid 2180
11-18 03:23:32.102 W/WindowManager(  158): Failure taking screenshot for (246x410) to layer 21005
11-18 03:23:32.292 I/Choreographer( 2180): Skipped 34 frames!  The application may be doing too much work on its main thread.
11-18 03:23:32.302 I/Choreographer(  158): Skipped 56 frames!  The application may be doing too much work on its main thread.
11-18 03:23:32.474 I/Choreographer(  158): Skipped 32 frames!  The application may be doing too much work on its main thread.
11-18 03:23:32.613 W/ActivityManager(  158): Activity pause timeout for ActivityRecord{41444ab8 com.android.launcher/com.android.launcher2.Launcher}
11-18 03:23:33.022 I/Choreographer(  158): Skipped 38 frames!  The application may be doing too much work on its main thread.
11-18 03:23:33.663 I/Choreographer( 2180): Skipped 46 frames!  The application may be doing too much work on its main thread.
11-18 03:23:33.703 D/dalvikvm( 2180): GC_CONCURRENT freed 318K, 6% free 9038K/9543K, paused 28ms+49ms, total 518ms
11-18 03:23:33.802 I/ActivityManager(  158): Displayed epfl.sweng/.entry.MainActivity: +1s194ms
11-18 03:23:34.112 I/Choreographer( 2180): Skipped 63 frames!  The application may be doing too much work on its main thread.
11-18 03:23:34.132 I/Choreographer(  442): Skipped 99 frames!  The application may be doing too much work on its main thread.
11-18 03:23:35.832 I/ActivityManager(  158): START {cmp=epfl.sweng/.editquestions.EditQuestionActivity u=0} from pid 2180
11-18 03:23:35.832 W/WindowManager(  158): Failure taking screenshot for (246x410) to layer 21010
11-18 03:23:36.463 I/Choreographer( 2180): Skipped 66 frames!  The application may be doing too much work on its main thread.
11-18 03:23:36.633 I/ActivityManager(  158): Displayed epfl.sweng/.editquestions.EditQuestionActivity: +762ms
11-18 03:23:36.822 I/Choreographer( 2180): Skipped 41 frames!  The application may be doing too much work on its main thread.
11-18 03:23:38.082 W/WindowManager(  158): Failure taking screenshot for (246x410) to layer 21015
11-18 03:23:38.242 W/WindowManager(  158): Failure taking screenshot for (246x410) to layer 21010
11-18 03:23:38.583 I/Choreographer(  442): Skipped 34 frames!  The application may be doing too much work on its main thread.
11-18 03:23:38.752 W/InputMethodManagerService(  158): Starting input on non-focused client com.android.internal.view.IInputMethodClient$Stub$Proxy@41467630 (uid=10045 pid=2180)
11-18 03:23:38.752 W/ActivityManager(  158): Duplicate finish request for ActivityRecord{41972470 epfl.sweng/.editquestions.EditQuestionActivity}
11-18 03:23:39.062 W/InputDispatcher(  158): Permission denied: injecting event from pid 2180 uid 10045 to window Window{418d1ba8 com.android.launcher/com.android.launcher2.Launcher paused=false} owned by uid 10014
11-18 03:23:39.062 W/InputManager(  158): Input event injection from pid 2180 permission denied.
11-18 03:23:39.072 I/TestRunner( 2180): finished: testSubmit(epfl.sweng.test.MainActivityTest)
11-18 03:23:39.072 I/TestRunner( 2180): passed: testSubmit(epfl.sweng.test.MainActivityTest)
11-18 03:23:39.102 I/TestRunner( 2180): started: testQuestionOK(epfl.sweng.test.QuizQuestionTest)
11-18 03:23:39.142 I/System.out( 2180): Size of mAnswers: 2
11-18 03:23:39.142 I/System.out( 2180): Size of mAnswers: 3
11-18 03:23:39.142 I/System.out( 2180): Size of mAnswers: 4
11-18 03:23:39.142 I/System.out( 2180): Size of mAnswers: 5
11-18 03:23:39.142 I/System.out( 2180): Size of mAnswers: 6
11-18 03:23:39.152 I/System.out( 2180): Size of mAnswers: 6
11-18 03:23:39.162 I/System.out( 2180): Size of mAnswers: 6
11-18 03:23:39.162 I/QuizServer( 2180): ==== Sweng QuizQuestion Server Request ====
11-18 03:23:39.162 I/QuizServer( 2180): GET https://sweng-quiz.appspot.com/quizquestions/random HTTP/1.1
11-18 03:23:39.162 I/QuizServer( 2180): Authorization: Tequila fdsafqeu
11-18 03:23:39.212 I/TestRunner( 2180): finished: testQuestionOK(epfl.sweng.test.QuizQuestionTest)
11-18 03:23:39.212 I/TestRunner( 2180): passed: testQuestionOK(epfl.sweng.test.QuizQuestionTest)
11-18 03:23:39.222 I/Choreographer(  158): Skipped 46 frames!  The application may be doing too much work on its main thread.
11-18 03:23:39.252 I/TestRunner( 2180): started: testDislikeIt(epfl.sweng.test.RatingTest)
11-18 03:23:39.383 I/Choreographer( 2180): Skipped 45 frames!  The application may be doing too much work on its main thread.
11-18 03:23:39.922 I/ActivityManager(  158): START {act=android.intent.action.MAIN flg=0x10000000 cmp=epfl.sweng/.showquestions.ShowQuestionsActivity u=0} from pid 2180
11-18 03:23:39.922 W/WindowManager(  158): Failure taking screenshot for (246x410) to layer 21005
11-18 03:23:40.842 I/Choreographer(  442): Skipped 53 frames!  The application may be doing too much work on its main thread.
11-18 03:23:40.962 I/Choreographer( 2180): Skipped 65 frames!  The application may be doing too much work on its main thread.
11-18 03:23:41.283 I/ActivityManager(  158): Displayed epfl.sweng/.showquestions.ShowQuestionsActivity: +1s338ms
11-18 03:23:41.802 I/Choreographer(  442): Skipped 69 frames!  The application may be doing too much work on its main thread.
11-18 03:23:41.992 D/dalvikvm( 2180): GC_CONCURRENT freed 303K, 5% free 9132K/9543K, paused 30ms+48ms, total 159ms
11-18 03:23:42.703 I/SERVER  ( 2180): Replied with status code 403
11-18 03:23:42.713 I/QuizServer( 2180): ==== Sweng QuizQuestion Server Request ====
11-18 03:23:42.713 I/QuizServer( 2180): GET https://sweng-quiz.appspot.com/quizquestions/random HTTP/1.1
11-18 03:23:42.713 I/QuizServer( 2180): Authorization: Tequila fdsafqeu
11-18 03:23:42.733 I/TEAPOT  ( 2180): Teapot received request: GET https://sweng-quiz.appspot.com/quizquestions/random HTTP/1.1
11-18 03:23:42.733 I/SERVER  ( 2180): Replied with status code 200
11-18 03:23:42.743 I/QuizServer( 2180): ==== Sweng QuizQuestion Server Response ====
11-18 03:23:42.743 I/QuizServer( 2180): 200 OK
11-18 03:23:42.743 I/QuizServer( 2180): Content-Type: application/json; charset=utf-8
11-18 03:23:42.753 I/QuizServer( 2180): {"tags": ["capitals", "geography", "countries" ], "solutionIndex": 3, "question": "What is the capital of Niger?", "answers": ["Riga", "Madrid", "Vienna", "Niamey" ], "owner": "sehaag","id": 16026 }
11-18 03:23:42.773 I/QuizServer( 2180): ==== Sweng QuizQuestion Server Request ====
11-18 03:23:42.814 I/QuizServer( 2180): GET https://sweng-quiz.appspot.com/quizquestions/16026/ratings HTTP/1.1
11-18 03:23:42.832 I/QuizServer( 2180): Authorization: Tequila fdsafqeu
11-18 03:23:42.852 I/TEAPOT  ( 2180): Teapot received request: GET https://sweng-quiz.appspot.com/quizquestions/16026/ratings HTTP/1.1
11-18 03:23:42.912 I/SERVER  ( 2180): Replied with status code 200
11-18 03:23:43.052 I/QuizServer( 2180): ==== Sweng QuizQuestion Server Response ====
11-18 03:23:43.052 I/QuizServer( 2180): 200 OK
11-18 03:23:43.062 I/QuizServer( 2180): Content-type: application/json
11-18 03:23:43.062 I/QuizServer( 2180): {"dislikeCount":3,"likeCount":1,"incorrectCount":2}
11-18 03:23:45.673 D/dalvikvm( 2180): GC_CONCURRENT freed 575K, 7% free 9015K/9671K, paused 26ms+14ms, total 214ms
11-18 03:23:48.832 I/QuizServer( 2180): ==== Sweng QuizQuestion Server Request ====
11-18 03:23:48.842 I/QuizServer( 2180): POST https://sweng-quiz.appspot.com/quizquestions/16026/rating HTTP/1.1
11-18 03:23:48.842 I/QuizServer( 2180): Content-type: application/json
11-18 03:23:48.842 I/QuizServer( 2180): Authorization: Tequila fdsafqeu
11-18 03:23:48.842 I/QuizServer( 2180): {"verdict":"dislike"}
11-18 03:23:48.842 I/TEAPOT  ( 2180): Teapot received request: POST https://sweng-quiz.appspot.com/quizquestions/16026/rating HTTP/1.1
11-18 03:23:48.882 I/SERVER  ( 2180): Replied with status code 201
11-18 03:23:48.893 I/QuizServer( 2180): ==== Sweng QuizQuestion Server Response ====
11-18 03:23:48.932 I/QuizServer( 2180): 201 OK
11-18 03:23:48.932 I/QuizServer( 2180): {}
11-18 03:23:48.942 I/QuizServer( 2180): ==== Sweng QuizQuestion Server Request ====
11-18 03:23:48.942 I/QuizServer( 2180): GET https://sweng-quiz.appspot.com/quizquestions/16026/rating HTTP/1.1
11-18 03:23:48.952 I/QuizServer( 2180): Authorization: Tequila fdsafqeu
11-18 03:23:48.952 I/TEAPOT  ( 2180): Teapot received request: GET https://sweng-quiz.appspot.com/quizquestions/16026/rating HTTP/1.1
11-18 03:23:48.963 I/SERVER  ( 2180): Replied with status code 200
11-18 03:23:48.963 I/QuizServer( 2180): ==== Sweng QuizQuestion Server Response ====
11-18 03:23:48.972 I/QuizServer( 2180): 200 OK
11-18 03:23:48.972 I/QuizServer( 2180): Content-type: application/json
11-18 03:23:48.972 I/QuizServer( 2180): {"verdict":"dislike"}
11-18 03:23:49.012 I/QuizServer( 2180): ==== Sweng QuizQuestion Server Request ====
11-18 03:23:49.052 I/QuizServer( 2180): GET https://sweng-quiz.appspot.com/quizquestions/16026/ratings HTTP/1.1
11-18 03:23:49.052 I/QuizServer( 2180): Authorization: Tequila fdsafqeu
11-18 03:23:49.052 I/TEAPOT  ( 2180): Teapot received request: GET https://sweng-quiz.appspot.com/quizquestions/16026/ratings HTTP/1.1
11-18 03:23:49.052 I/SERVER  ( 2180): Replied with status code 200
11-18 03:23:49.072 I/QuizServer( 2180): ==== Sweng QuizQuestion Server Response ====
11-18 03:23:49.072 I/QuizServer( 2180): 200 OK
11-18 03:23:49.072 I/QuizServer( 2180): Content-type: application/json
11-18 03:23:49.072 I/QuizServer( 2180): {"dislikeCount":3,"likeCount":1,"incorrectCount":2}
11-18 03:23:49.923 W/WindowManager(  158): Failure taking screenshot for (246x410) to layer 21010
11-18 03:23:49.962 D/dalvikvm( 2180): WAIT_FOR_CONCURRENT_GC blocked 0ms
11-18 03:23:50.132 I/Choreographer(  442): Skipped 36 frames!  The application may be doing too much work on its main thread.
11-18 03:23:50.162 D/dalvikvm( 2180): GC_EXPLICIT freed 300K, 7% free 9009K/9671K, paused 12ms+28ms, total 207ms
11-18 03:23:50.202 D/dalvikvm( 2180): WAIT_FOR_CONCURRENT_GC blocked 0ms
11-18 03:23:50.423 W/InputMethodManagerService(  158): Starting input on non-focused client com.android.internal.view.IInputMethodClient$Stub$Proxy@41467630 (uid=10045 pid=2180)
11-18 03:23:50.423 D/dalvikvm( 2180): GC_EXPLICIT freed 45K, 8% free 8965K/9671K, paused 12ms+15ms, total 224ms
11-18 03:23:50.433 I/TestRunner( 2180): finished: testDislikeIt(epfl.sweng.test.RatingTest)
11-18 03:23:50.433 I/TestRunner( 2180): passed: testDislikeIt(epfl.sweng.test.RatingTest)
11-18 03:23:50.453 I/TestRunner( 2180): started: testIncorrect(epfl.sweng.test.RatingTest)
11-18 03:23:50.473 I/ActivityManager(  158): START {act=android.intent.action.MAIN flg=0x10000000 cmp=epfl.sweng/.showquestions.ShowQuestionsActivity u=0} from pid 2180
11-18 03:23:50.473 W/WindowManager(  158): Failure taking screenshot for (246x410) to layer 21005
11-18 03:23:50.513 I/Choreographer(  442): Skipped 42 frames!  The application may be doing too much work on its main thread.
11-18 03:23:51.002 W/ActivityManager(  158): Activity pause timeout for ActivityRecord{41444ab8 com.android.launcher/com.android.launcher2.Launcher}
11-18 03:23:51.543 D/dalvikvm(  158): GC_CONCURRENT freed 527K, 45% free 10603K/19207K, paused 43ms+126ms, total 997ms
11-18 03:23:52.032 I/Choreographer( 2180): Skipped 73 frames!  The application may be doing too much work on its main thread.
11-18 03:23:52.062 I/QuizServer( 2180): ==== Sweng QuizQuestion Server Request ====
11-18 03:23:52.062 I/QuizServer( 2180): GET https://sweng-quiz.appspot.com/quizquestions/random HTTP/1.1
11-18 03:23:52.152 I/QuizServer( 2180): Authorization: Tequila fdsafqeu
11-18 03:23:52.212 I/Choreographer( 2180): Skipped 37 frames!  The application may be doing too much work on its main thread.
11-18 03:23:52.242 I/TEAPOT  ( 2180): Teapot received request: GET https://sweng-quiz.appspot.com/quizquestions/random HTTP/1.1
11-18 03:23:52.302 I/ActivityManager(  158): Displayed epfl.sweng/.showquestions.ShowQuestionsActivity: +1s300ms
11-18 03:23:52.723 I/SERVER  ( 2180): Replied with status code 200
11-18 03:23:52.872 I/QuizServer( 2180): ==== Sweng QuizQuestion Server Response ====
11-18 03:23:53.003 I/QuizServer( 2180): 200 OK
11-18 03:23:53.003 I/QuizServer( 2180): Content-Type: application/json; charset=utf-8
11-18 03:23:53.003 I/QuizServer( 2180): {"tags": ["capitals", "geography", "countries" ], "solutionIndex": 3, "question": "What is the capital of Niger?", "answers": ["Riga", "Madrid", "Vienna", "Niamey" ], "owner": "sehaag","id": 16026 }
11-18 03:23:53.032 I/QuizServer( 2180): ==== Sweng QuizQuestion Server Request ====
11-18 03:23:53.032 I/QuizServer( 2180): GET https://sweng-quiz.appspot.com/quizquestions/16026/ratings HTTP/1.1
11-18 03:23:53.062 I/QuizServer( 2180): Authorization: Tequila fdsafqeu
11-18 03:23:53.122 I/TEAPOT  ( 2180): Teapot received request: GET https://sweng-quiz.appspot.com/quizquestions/16026/ratings HTTP/1.1
11-18 03:23:53.173 I/SERVER  ( 2180): Replied with status code 200
11-18 03:23:53.222 I/QuizServer( 2180): ==== Sweng QuizQuestion Server Response ====
11-18 03:23:53.222 I/QuizServer( 2180): 200 OK
11-18 03:23:53.222 I/QuizServer( 2180): Content-type: application/json
11-18 03:23:53.222 I/QuizServer( 2180): {"dislikeCount":3,"likeCount":1,"incorrectCount":2}
11-18 03:23:57.942 D/dalvikvm( 2180): GC_CONCURRENT freed 324K, 7% free 9058K/9671K, paused 25ms+9ms, total 228ms
11-18 03:24:00.112 I/QuizServer( 2180): ==== Sweng QuizQuestion Server Request ====
11-18 03:24:00.112 I/QuizServer( 2180): POST https://sweng-quiz.appspot.com/quizquestions/16026/rating HTTP/1.1
11-18 03:24:00.112 I/QuizServer( 2180): Content-type: application/json
11-18 03:24:00.112 I/QuizServer( 2180): Authorization: Tequila fdsafqeu
11-18 03:24:00.123 I/QuizServer( 2180): {"verdict":"incorrect"}
11-18 03:24:00.123 I/TEAPOT  ( 2180): Teapot received request: POST https://sweng-quiz.appspot.com/quizquestions/16026/rating HTTP/1.1
11-18 03:24:00.132 I/SERVER  ( 2180): Replied with status code 201
11-18 03:24:00.272 I/QuizServer( 2180): ==== Sweng QuizQuestion Server Response ====
11-18 03:24:00.272 I/QuizServer( 2180): 201 OK
11-18 03:24:00.293 I/QuizServer( 2180): {}
11-18 03:24:00.293 I/QuizServer( 2180): ==== Sweng QuizQuestion Server Request ====
11-18 03:24:00.302 I/QuizServer( 2180): GET https://sweng-quiz.appspot.com/quizquestions/16026/rating HTTP/1.1
11-18 03:24:00.302 I/QuizServer( 2180): Authorization: Tequila fdsafqeu
11-18 03:24:00.302 I/TEAPOT  ( 2180): Teapot received request: GET https://sweng-quiz.appspot.com/quizquestions/16026/rating HTTP/1.1
11-18 03:24:00.302 I/SERVER  ( 2180): Replied with status code 200
11-18 03:24:00.312 I/QuizServer( 2180): ==== Sweng QuizQuestion Server Response ====
11-18 03:24:00.312 I/QuizServer( 2180): 200 OK
11-18 03:24:00.312 I/QuizServer( 2180): Content-type: application/json
11-18 03:24:00.312 I/QuizServer( 2180): {"verdict":"incorrect"}
11-18 03:24:00.373 I/QuizServer( 2180): ==== Sweng QuizQuestion Server Request ====
11-18 03:24:00.373 I/QuizServer( 2180): GET https://sweng-quiz.appspot.com/quizquestions/16026/ratings HTTP/1.1
11-18 03:24:00.383 I/QuizServer( 2180): Authorization: Tequila fdsafqeu
11-18 03:24:00.383 I/TEAPOT  ( 2180): Teapot received request: GET https://sweng-quiz.appspot.com/quizquestions/16026/ratings HTTP/1.1
11-18 03:24:00.393 I/SERVER  ( 2180): Replied with status code 200
11-18 03:24:00.403 I/QuizServer( 2180): ==== Sweng QuizQuestion Server Response ====
11-18 03:24:00.403 I/QuizServer( 2180): 200 OK
11-18 03:24:00.403 I/QuizServer( 2180): Content-type: application/json
11-18 03:24:00.403 I/QuizServer( 2180): {"dislikeCount":3,"likeCount":1,"incorrectCount":2}
11-18 03:24:01.222 W/WindowManager(  158): Failure taking screenshot for (246x410) to layer 21010
11-18 03:24:01.252 D/dalvikvm( 2180): WAIT_FOR_CONCURRENT_GC blocked 0ms
11-18 03:24:01.483 D/dalvikvm( 2180): GC_EXPLICIT freed 233K, 7% free 9057K/9671K, paused 11ms+13ms, total 229ms
11-18 03:24:01.503 D/dalvikvm( 2180): WAIT_FOR_CONCURRENT_GC blocked 0ms
11-18 03:24:01.523 I/Choreographer(  442): Skipped 51 frames!  The application may be doing too much work on its main thread.
11-18 03:24:01.822 D/dalvikvm( 2180): GC_EXPLICIT freed 18K, 7% free 9039K/9671K, paused 57ms+15ms, total 320ms
11-18 03:24:01.822 I/TestRunner( 2180): finished: testIncorrect(epfl.sweng.test.RatingTest)
11-18 03:24:01.822 I/TestRunner( 2180): passed: testIncorrect(epfl.sweng.test.RatingTest)
11-18 03:24:01.852 I/TestRunner( 2180): started: testLikeIt(epfl.sweng.test.RatingTest)
11-18 03:24:01.872 I/ActivityManager(  158): START {act=android.intent.action.MAIN flg=0x10000000 cmp=epfl.sweng/.showquestions.ShowQuestionsActivity u=0} from pid 2180
11-18 03:24:01.882 W/WindowManager(  158): Failure taking screenshot for (246x410) to layer 21005
11-18 03:24:03.012 I/QuizServer( 2180): ==== Sweng QuizQuestion Server Request ====
11-18 03:24:03.062 I/QuizServer( 2180): GET https://sweng-quiz.appspot.com/quizquestions/random HTTP/1.1
11-18 03:24:03.062 I/QuizServer( 2180): Authorization: Tequila fdsafqeu
11-18 03:24:03.212 I/Choreographer( 2180): Skipped 44 frames!  The application may be doing too much work on its main thread.
11-18 03:24:03.212 I/TEAPOT  ( 2180): Teapot received request: GET https://sweng-quiz.appspot.com/quizquestions/random HTTP/1.1
11-18 03:24:03.292 I/ActivityManager(  158): Displayed epfl.sweng/.showquestions.ShowQuestionsActivity: +962ms
11-18 03:24:03.423 I/SERVER  ( 2180): Replied with status code 200
11-18 03:24:03.653 I/QuizServer( 2180): ==== Sweng QuizQuestion Server Response ====
11-18 03:24:03.843 I/QuizServer( 2180): 200 OK
11-18 03:24:03.912 I/QuizServer( 2180): Content-Type: application/json; charset=utf-8
11-18 03:24:03.912 I/QuizServer( 2180): {"tags": ["capitals", "geography", "countries" ], "solutionIndex": 3, "question": "What is the capital of Niger?", "answers": ["Riga", "Madrid", "Vienna", "Niamey" ], "owner": "sehaag","id": 16026 }
11-18 03:24:03.942 I/QuizServer( 2180): ==== Sweng QuizQuestion Server Request ====
11-18 03:24:04.013 I/QuizServer( 2180): GET https://sweng-quiz.appspot.com/quizquestions/16026/ratings HTTP/1.1
11-18 03:24:04.022 I/QuizServer( 2180): Authorization: Tequila fdsafqeu
11-18 03:24:04.062 I/TEAPOT  ( 2180): Teapot received request: GET https://sweng-quiz.appspot.com/quizquestions/16026/ratings HTTP/1.1
11-18 03:24:04.122 I/SERVER  ( 2180): Replied with status code 200
11-18 03:24:04.122 I/QuizServer( 2180): ==== Sweng QuizQuestion Server Response ====
11-18 03:24:04.132 I/QuizServer( 2180): 200 OK
11-18 03:24:04.132 I/QuizServer( 2180): Content-type: application/json
11-18 03:24:04.132 I/QuizServer( 2180): {"dislikeCount":3,"likeCount":1,"incorrectCount":2}
11-18 03:24:08.812 D/dalvikvm( 2180): GC_CONCURRENT freed 394K, 7% free 9059K/9671K, paused 31ms+9ms, total 227ms
11-18 03:24:10.882 I/QuizServer( 2180): ==== Sweng QuizQuestion Server Request ====
11-18 03:24:10.882 I/QuizServer( 2180): POST https://sweng-quiz.appspot.com/quizquestions/16026/rating HTTP/1.1
11-18 03:24:10.882 I/QuizServer( 2180): Content-type: application/json
11-18 03:24:10.882 I/QuizServer( 2180): Authorization: Tequila fdsafqeu
11-18 03:24:10.892 I/QuizServer( 2180): {"verdict":"like"}
11-18 03:24:10.902 I/TEAPOT  ( 2180): Teapot received request: POST https://sweng-quiz.appspot.com/quizquestions/16026/rating HTTP/1.1
11-18 03:24:10.982 I/SERVER  ( 2180): Replied with status code 201
11-18 03:24:10.982 I/QuizServer( 2180): ==== Sweng QuizQuestion Server Response ====
11-18 03:24:10.992 I/QuizServer( 2180): 201 OK
11-18 03:24:10.992 I/QuizServer( 2180): {}
11-18 03:24:11.002 I/QuizServer( 2180): ==== Sweng QuizQuestion Server Request ====
11-18 03:24:11.002 I/QuizServer( 2180): GET https://sweng-quiz.appspot.com/quizquestions/16026/rating HTTP/1.1
11-18 03:24:11.002 I/QuizServer( 2180): Authorization: Tequila fdsafqeu
11-18 03:24:11.002 I/TEAPOT  ( 2180): Teapot received request: GET https://sweng-quiz.appspot.com/quizquestions/16026/rating HTTP/1.1
11-18 03:24:11.002 I/SERVER  ( 2180): Replied with status code 200
11-18 03:24:11.022 I/QuizServer( 2180): ==== Sweng QuizQuestion Server Response ====
11-18 03:24:11.022 I/QuizServer( 2180): 200 OK
11-18 03:24:11.022 I/QuizServer( 2180): Content-type: application/json
11-18 03:24:11.022 I/QuizServer( 2180): {"verdict":"like"}
11-18 03:24:11.042 I/QuizServer( 2180): ==== Sweng QuizQuestion Server Request ====
11-18 03:24:11.092 I/QuizServer( 2180): GET https://sweng-quiz.appspot.com/quizquestions/16026/ratings HTTP/1.1
11-18 03:24:11.102 I/QuizServer( 2180): Authorization: Tequila fdsafqeu
11-18 03:24:11.102 I/TEAPOT  ( 2180): Teapot received request: GET https://sweng-quiz.appspot.com/quizquestions/16026/ratings HTTP/1.1
11-18 03:24:11.112 I/SERVER  ( 2180): Replied with status code 200
11-18 03:24:11.122 I/QuizServer( 2180): ==== Sweng QuizQuestion Server Response ====
11-18 03:24:11.122 I/QuizServer( 2180): 200 OK
11-18 03:24:11.122 I/QuizServer( 2180): Content-type: application/json
11-18 03:24:11.122 I/QuizServer( 2180): {"dislikeCount":3,"likeCount":1,"incorrectCount":2}
11-18 03:24:12.012 W/WindowManager(  158): Failure taking screenshot for (246x410) to layer 21010
11-18 03:24:12.062 D/dalvikvm( 2180): WAIT_FOR_CONCURRENT_GC blocked 0ms
11-18 03:24:12.292 D/dalvikvm( 2180): GC_EXPLICIT freed 230K, 7% free 9057K/9671K, paused 12ms+27ms, total 223ms
11-18 03:24:12.302 D/dalvikvm( 2180): WAIT_FOR_CONCURRENT_GC blocked 1ms
11-18 03:24:12.343 I/Choreographer(  442): Skipped 62 frames!  The application may be doing too much work on its main thread.
11-18 03:24:12.593 D/dalvikvm( 2180): GC_EXPLICIT freed 17K, 7% free 9041K/9671K, paused 13ms+15ms, total 288ms
11-18 03:24:12.593 I/TestRunner( 2180): finished: testLikeIt(epfl.sweng.test.RatingTest)
11-18 03:24:12.603 I/TestRunner( 2180): passed: testLikeIt(epfl.sweng.test.RatingTest)
11-18 03:24:12.613 I/TestRunner( 2180): started: testDisplayQuestionMocked(epfl.sweng.test.ShowQuestionsActivityTest)
11-18 03:24:12.643 I/ActivityManager(  158): START {act=android.intent.action.MAIN flg=0x10000000 cmp=epfl.sweng/.showquestions.ShowQuestionsActivity u=0} from pid 2180
11-18 03:24:12.643 W/WindowManager(  158): Failure taking screenshot for (246x410) to layer 21005
11-18 03:24:12.683 I/Choreographer(  442): Skipped 34 frames!  The application may be doing too much work on its main thread.
11-18 03:24:13.812 I/QuizServer( 2180): ==== Sweng QuizQuestion Server Request ====
11-18 03:24:13.952 I/Choreographer( 2180): Skipped 54 frames!  The application may be doing too much work on its main thread.
11-18 03:24:14.022 I/QuizServer( 2180): GET https://sweng-quiz.appspot.com/quizquestions/random HTTP/1.1
11-18 03:24:14.042 I/QuizServer( 2180): Authorization: Tequila fdsafqeu
11-18 03:24:14.082 I/ActivityManager(  158): Displayed epfl.sweng/.showquestions.ShowQuestionsActivity: +974ms
11-18 03:24:14.633 I/TEAPOT  ( 2180): Teapot received request: GET https://sweng-quiz.appspot.com/quizquestions/random HTTP/1.1
11-18 03:24:14.663 I/SERVER  ( 2180): Replied with status code 200
11-18 03:24:14.673 I/QuizServer( 2180): ==== Sweng QuizQuestion Server Response ====
11-18 03:24:14.673 I/QuizServer( 2180): 200 OK
11-18 03:24:14.673 I/QuizServer( 2180): Content-Type: application/json; charset=utf-8
11-18 03:24:14.683 I/QuizServer( 2180): {"tags": ["capitals", "geography", "countries" ], "solutionIndex": 3, "question": "What is the capital of Niger?", "answers": ["Riga", "Madrid", "Vienna", "Niamey" ], "owner": "sehaag","id": 16026 }
11-18 03:24:14.703 I/QuizServer( 2180): ==== Sweng QuizQuestion Server Request ====
11-18 03:24:14.733 I/QuizServer( 2180): GET https://sweng-quiz.appspot.com/quizquestions/16026/ratings HTTP/1.1
11-18 03:24:14.762 I/QuizServer( 2180): Authorization: Tequila fdsafqeu
11-18 03:24:14.773 I/TEAPOT  ( 2180): Teapot received request: GET https://sweng-quiz.appspot.com/quizquestions/16026/ratings HTTP/1.1
11-18 03:24:14.822 I/SERVER  ( 2180): Replied with status code 200
11-18 03:24:14.902 I/QuizServer( 2180): ==== Sweng QuizQuestion Server Response ====
11-18 03:24:14.902 I/QuizServer( 2180): 200 OK
11-18 03:24:14.902 I/QuizServer( 2180): Content-type: application/json
11-18 03:24:14.902 I/QuizServer( 2180): {"dislikeCount":3,"likeCount":1,"incorrectCount":2}
11-18 03:24:19.563 D/dalvikvm( 2180): GC_CONCURRENT freed 397K, 7% free 9060K/9671K, paused 53ms+11ms, total 216ms
11-18 03:24:24.013 I/System.out( 2180): Number of answers: 4
11-18 03:24:24.013 I/System.out( 2180): Index of current answer: 0
11-18 03:24:24.712 I/System.out( 2180): Index of answer having been clicked: 0
11-18 03:24:25.214 I/System.out( 2180): Number of answers: 4
11-18 03:24:25.214 I/System.out( 2180): Index of current answer: 1
11-18 03:24:25.882 I/System.out( 2180): Index of answer having been clicked: 1
11-18 03:24:26.390 I/System.out( 2180): Number of answers: 4
11-18 03:24:26.393 I/System.out( 2180): Index of current answer: 2
11-18 03:24:27.062 I/System.out( 2180): Index of answer having been clicked: 2
11-18 03:24:27.568 I/System.out( 2180): Number of answers: 4
11-18 03:24:27.568 I/System.out( 2180): Index of current answer: 3
11-18 03:24:28.252 I/System.out( 2180): Index of answer having been clicked: 3
11-18 03:24:30.423 I/QuizServer( 2180): ==== Sweng QuizQuestion Server Request ====
11-18 03:24:30.433 I/QuizServer( 2180): GET https://sweng-quiz.appspot.com/quizquestions/random HTTP/1.1
11-18 03:24:30.433 I/QuizServer( 2180): Authorization: Tequila fdsafqeu
11-18 03:24:30.433 I/TEAPOT  ( 2180): Teapot received request: GET https://sweng-quiz.appspot.com/quizquestions/random HTTP/1.1
11-18 03:24:30.433 I/SERVER  ( 2180): Replied with status code 200
11-18 03:24:30.433 I/QuizServer( 2180): ==== Sweng QuizQuestion Server Response ====
11-18 03:24:30.433 I/QuizServer( 2180): 200 OK
11-18 03:24:30.443 I/QuizServer( 2180): Content-Type: application/json; charset=utf-8
11-18 03:24:30.443 I/QuizServer( 2180): {"tags": ["capitals", "geography", "countries" ], "solutionIndex": 3, "question": "What is the capital of Niger?", "answers": ["Riga", "Madrid", "Vienna", "Niamey" ], "owner": "sehaag","id": 16026 }
11-18 03:24:30.553 I/QuizServer( 2180): ==== Sweng QuizQuestion Server Request ====
11-18 03:24:30.573 I/QuizServer( 2180): GET https://sweng-quiz.appspot.com/quizquestions/16026/ratings HTTP/1.1
11-18 03:24:30.573 I/QuizServer( 2180): Authorization: Tequila fdsafqeu
11-18 03:24:30.613 I/TEAPOT  ( 2180): Teapot received request: GET https://sweng-quiz.appspot.com/quizquestions/16026/ratings HTTP/1.1
11-18 03:24:30.613 I/SERVER  ( 2180): Replied with status code 200
11-18 03:24:30.623 I/QuizServer( 2180): ==== Sweng QuizQuestion Server Response ====
11-18 03:24:30.623 I/QuizServer( 2180): 200 OK
11-18 03:24:30.623 I/QuizServer( 2180): Content-type: application/json
11-18 03:24:30.623 I/QuizServer( 2180): {"dislikeCount":3,"likeCount":1,"incorrectCount":2}
11-18 03:24:32.282 D/dalvikvm( 2180): GC_CONCURRENT freed 407K, 7% free 9071K/9671K, paused 29ms+11ms, total 240ms
11-18 03:24:36.473 W/WindowManager(  158): Failure taking screenshot for (246x410) to layer 21010
11-18 03:24:37.002 W/ActivityManager(  158): Duplicate finish request for ActivityRecord{41878908 epfl.sweng/.showquestions.ShowQuestionsActivity}
11-18 03:24:37.354 W/InputDispatcher(  158): Permission denied: injecting event from pid 2180 uid 10045 to window Window{418d1ba8 com.android.launcher/com.android.launcher2.Launcher paused=false} owned by uid 10014
11-18 03:24:37.354 W/InputManager(  158): Input event injection from pid 2180 permission denied.
11-18 03:24:37.363 I/TestRunner( 2180): finished: testDisplayQuestionMocked(epfl.sweng.test.ShowQuestionsActivityTest)
11-18 03:24:37.363 I/TestRunner( 2180): passed: testDisplayQuestionMocked(epfl.sweng.test.ShowQuestionsActivityTest)
11-18 03:24:37.383 I/TestRunner( 2180): started: testNoNetwork(epfl.sweng.test.ShowQuestionsActivityTest)
11-18 03:24:37.413 I/ActivityManager(  158): START {act=android.intent.action.MAIN flg=0x10000000 cmp=epfl.sweng/.showquestions.ShowQuestionsActivity u=0} from pid 2180
11-18 03:24:37.413 W/WindowManager(  158): Failure taking screenshot for (246x410) to layer 21005
11-18 03:24:37.683 I/Choreographer(  158): Skipped 75 frames!  The application may be doing too much work on its main thread.
11-18 03:24:38.272 I/Choreographer(  158): Skipped 59 frames!  The application may be doing too much work on its main thread.
11-18 03:24:38.363 I/ARMAssembler(   36): generated scanline__00000077:03010104_00008001_00000000 [ 89 ipp] (110 ins) at [0x41745978:0x41745b30] in 2524877 ns
11-18 03:24:38.473 I/QuizServer( 2180): ==== Sweng QuizQuestion Server Request ====
11-18 03:24:38.473 I/Choreographer(  158): Skipped 37 frames!  The application may be doing too much work on its main thread.
11-18 03:24:38.503 I/Choreographer( 2180): Skipped 70 frames!  The application may be doing too much work on its main thread.
11-18 03:24:38.683 I/QuizServer( 2180): GET https://sweng-quiz.appspot.com/quizquestions/random HTTP/1.1
11-18 03:24:38.722 I/ActivityManager(  158): Displayed epfl.sweng/.showquestions.ShowQuestionsActivity: +1s291ms
11-18 03:24:38.802 I/QuizServer( 2180): Authorization: Tequila fdsafqeu
11-18 03:24:38.972 I/Choreographer( 2180): Skipped 39 frames!  The application may be doing too much work on its main thread.
11-18 03:24:39.333 I/TEAPOT  ( 2180): Teapot received request: GET https://sweng-quiz.appspot.com/quizquestions/random HTTP/1.1
11-18 03:24:39.343 I/Choreographer(  442): Skipped 352 frames!  The application may be doing too much work on its main thread.
11-18 03:24:39.353 I/SERVER  ( 2180): Replied with status code 200
11-18 03:24:39.373 I/QuizServer( 2180): ==== Sweng QuizQuestion Server Response ====
11-18 03:24:39.384 I/QuizServer( 2180): 200 OK
11-18 03:24:39.384 I/QuizServer( 2180): Content-Type: application/json; charset=utf-8
11-18 03:24:39.384 I/QuizServer( 2180): {"tags": ["capitals", "geography", "countries" ], "solutionIndex": 3, "question": "What is the capital of Niger?", "answers": ["Riga", "Madrid", "Vienna", "Niamey" ], "owner": "sehaag","id": 16026 }
11-18 03:24:39.413 I/QuizServer( 2180): ==== Sweng QuizQuestion Server Request ====
11-18 03:24:39.513 I/QuizServer( 2180): GET https://sweng-quiz.appspot.com/quizquestions/16026/ratings HTTP/1.1
11-18 03:24:39.543 I/QuizServer( 2180): Authorization: Tequila fdsafqeu
11-18 03:24:39.554 I/TEAPOT  ( 2180): Teapot received request: GET https://sweng-quiz.appspot.com/quizquestions/16026/ratings HTTP/1.1
11-18 03:24:39.723 I/SERVER  ( 2180): Replied with status code 200
11-18 03:24:39.992 I/QuizServer( 2180): ==== Sweng QuizQuestion Server Response ====
11-18 03:24:40.042 I/QuizServer( 2180): 200 OK
11-18 03:24:40.052 I/QuizServer( 2180): Content-type: application/json
11-18 03:24:40.072 I/QuizServer( 2180): {"dislikeCount":3,"likeCount":1,"incorrectCount":2}
11-18 03:24:40.102 D/dalvikvm( 2180): GC_CONCURRENT freed 379K, 7% free 9080K/9671K, paused 21ms+16ms, total 141ms
11-18 03:24:40.142 I/QuizServer( 2180): ==== Sweng QuizQuestion Server Request ====
11-18 03:24:40.182 I/QuizServer( 2180): GET http://www.google.com HTTP/1.1
11-18 03:24:40.182 I/QuizServer( 2180): Authorization: Tequila fdsafqeu
11-18 03:24:40.193 I/TEAPOT  ( 2180): Teapot received request: GET http://www.google.com HTTP/1.1
11-18 03:24:40.193 I/SERVER  ( 2180): Replied with status code 404
11-18 03:24:40.922 I/QuizServer( 2180): ==== Sweng QuizQuestion Server Request ====
11-18 03:24:40.922 I/QuizServer( 2180): GET http://0.0.0.0 HTTP/1.1
11-18 03:24:40.922 I/QuizServer( 2180): Authorization: Tequila fdsafqeu
11-18 03:24:40.922 I/TEAPOT  ( 2180): Teapot received request: GET http://0.0.0.0 HTTP/1.1
11-18 03:24:40.922 I/SERVER  ( 2180): Replied with status code 404
11-18 03:24:41.952 I/QuizServer( 2180): ==== Sweng QuizQuestion Server Request ====
11-18 03:24:41.952 I/QuizServer( 2180): POST https://sweng-quiz.appspot.com/quizquestions/-1/rating HTTP/1.1
11-18 03:24:41.962 I/QuizServer( 2180): Content-type: application/json
11-18 03:24:41.962 I/QuizServer( 2180): Authorization: Tequila fdsafqeu
11-18 03:24:41.962 I/QuizServer( 2180): {"verdict":""}
11-18 03:24:41.962 I/TEAPOT  ( 2180): Teapot received request: POST https://sweng-quiz.appspot.com/quizquestions/-1/rating HTTP/1.1
11-18 03:24:41.972 I/SERVER  ( 2180): Replied with status code 201
11-18 03:24:41.972 I/QuizServer( 2180): ==== Sweng QuizQuestion Server Response ====
11-18 03:24:41.972 I/QuizServer( 2180): 201 OK
11-18 03:24:41.982 I/QuizServer( 2180): {}
11-18 03:24:42.063 W/WindowManager(  158): Failure taking screenshot for (246x410) to layer 21010
11-18 03:24:42.102 I/QuizServer( 2180): ==== Sweng QuizQuestion Server Request ====
11-18 03:24:42.102 I/QuizServer( 2180): GET https://sweng-quiz.appspot.com/quizquestions/-1/rating HTTP/1.1
11-18 03:24:42.203 I/QuizServer( 2180): Authorization: Tequila fdsafqeu
11-18 03:24:42.343 W/InputMethodManagerService(  158): Starting input on non-focused client com.android.internal.view.IInputMethodClient$Stub$Proxy@41467630 (uid=10045 pid=2180)
11-18 03:24:42.343 I/TEAPOT  ( 2180): Teapot received request: GET https://sweng-quiz.appspot.com/quizquestions/-1/rating HTTP/1.1
11-18 03:24:42.383 I/SERVER  ( 2180): Replied with status code 200
11-18 03:24:42.433 I/QuizServer( 2180): ==== Sweng QuizQuestion Server Response ====
11-18 03:24:42.513 I/QuizServer( 2180): 200 OK
11-18 03:24:42.513 I/QuizServer( 2180): Content-type: application/json
11-18 03:24:42.583 W/ActivityManager(  158): Duplicate finish request for ActivityRecord{418d6e60 epfl.sweng/.showquestions.ShowQuestionsActivity}
11-18 03:24:42.583 I/QuizServer( 2180): {"verdict":"like"}
11-18 03:24:42.892 W/InputDispatcher(  158): Permission denied: injecting event from pid 2180 uid 10045 to window Window{418d1ba8 com.android.launcher/com.android.launcher2.Launcher paused=false} owned by uid 10014
11-18 03:24:42.892 W/InputManager(  158): Input event injection from pid 2180 permission denied.
11-18 03:24:42.892 I/TestRunner( 2180): finished: testNoNetwork(epfl.sweng.test.ShowQuestionsActivityTest)
11-18 03:24:42.902 I/TestRunner( 2180): passed: testNoNetwork(epfl.sweng.test.ShowQuestionsActivityTest)
11-18 03:24:42.922 I/TestRunner( 2180): started: testAndroidTestCaseSetupProperly(epfl.sweng.test.exam2.CommunicationExceptionTest)
11-18 03:24:42.952 I/TestRunner( 2180): finished: testAndroidTestCaseSetupProperly(epfl.sweng.test.exam2.CommunicationExceptionTest)
11-18 03:24:42.952 I/TestRunner( 2180): passed: testAndroidTestCaseSetupProperly(epfl.sweng.test.exam2.CommunicationExceptionTest)
11-18 03:24:42.972 I/TestRunner( 2180): started: testConstructors(epfl.sweng.test.exam2.CommunicationExceptionTest)
11-18 03:24:43.012 I/TestRunner( 2180): finished: testConstructors(epfl.sweng.test.exam2.CommunicationExceptionTest)
11-18 03:24:43.012 I/TestRunner( 2180): passed: testConstructors(epfl.sweng.test.exam2.CommunicationExceptionTest)
11-18 03:24:43.033 I/TestRunner( 2180): started: testAndroidTestCaseSetupProperly(epfl.sweng.test.exam2.GetQuestionsByOwnerTest)
11-18 03:24:43.072 I/TestRunner( 2180): finished: testAndroidTestCaseSetupProperly(epfl.sweng.test.exam2.GetQuestionsByOwnerTest)
11-18 03:24:43.072 I/TestRunner( 2180): passed: testAndroidTestCaseSetupProperly(epfl.sweng.test.exam2.GetQuestionsByOwnerTest)
11-18 03:24:43.092 I/TestRunner( 2180): started: testSearchByOwner(epfl.sweng.test.exam2.GetQuestionsByOwnerTest)
11-18 03:24:43.112 I/QuizServer( 2180): ==== Sweng QuizQuestion Server Request ====
11-18 03:24:43.313 I/QuizServer( 2180): GET https://sweng-quiz.appspot.com/quizquestions/ownedby/misev HTTP/1.1
11-18 03:24:43.674 I/SERVER  ( 2180): Replied with status code 200
11-18 03:24:43.683 I/QuizServer( 2180): ==== Sweng QuizQuestion Server Response ====
11-18 03:24:43.683 I/QuizServer( 2180): 200 OK
11-18 03:24:43.683 I/QuizServer( 2180): Cache-Control: no-cache
11-18 03:24:43.683 I/QuizServer( 2180): Content-Type: application/json; charset=utf-8
11-18 03:24:43.683 I/QuizServer( 2180): Vary: Accept-Encoding
11-18 03:24:43.683 I/QuizServer( 2180): Date: Sat, 24 Nov 2012 18:20:45 GMT
11-18 03:24:43.683 I/QuizServer( 2180): Server: Google Frontend
11-18 03:24:43.692 I/QuizServer( 2180): Transfer-Encoding: chunked
11-18 03:24:43.692 I/QuizServer( 2180): [
11-18 03:24:43.692 I/QuizServer( 2180):  {
11-18 03:24:43.692 I/QuizServer( 2180):   "tags": [
11-18 03:24:43.692 I/QuizServer( 2180):    "politics"
11-18 03:24:43.692 I/QuizServer( 2180):   ], 
11-18 03:24:43.692 I/QuizServer( 2180):   "solutionIndex": 1, 
11-18 03:24:43.692 I/QuizServer( 2180):   "question": "Who is the Predident of Switzerland", 
11-18 03:24:43.692 I/QuizServer( 2180):   "answers": [
11-18 03:24:43.692 I/QuizServer( 2180):    "Johann Schneider-Ammann", 
11-18 03:24:43.692 I/QuizServer( 2180):    "Eveline Widmer-Schlumpf", 
11-18 03:24:43.692 I/QuizServer( 2180):    "You", 
11-18 03:24:43.692 I/QuizServer( 2180):    "Christoph Blocher"
11-18 03:24:43.692 I/QuizServer( 2180):   ], 
11-18 03:24:43.692 I/QuizServer( 2180):   "owner": "misev", 
11-18 03:24:43.692 I/QuizServer( 2180):   "id": 121104
11-18 03:24:43.692 I/QuizServer( 2180):  }
11-18 03:24:43.692 I/QuizServer( 2180): ]
11-18 03:24:43.712 I/QuizServer( 2180): ==== Sweng QuizQuestion Server Request ====
11-18 03:24:43.712 I/QuizServer( 2180): GET https://sweng-quiz.appspot.com/quizquestions/ownedby/tutu HTTP/1.1
11-18 03:24:43.904 I/SERVER  ( 2180): Replied with status code 404
11-18 03:24:43.904 I/System.out( 2180): ClientProtocolException404
11-18 03:24:43.912 I/TestRunner( 2180): finished: testSearchByOwner(epfl.sweng.test.exam2.GetQuestionsByOwnerTest)
11-18 03:24:43.912 I/TestRunner( 2180): passed: testSearchByOwner(epfl.sweng.test.exam2.GetQuestionsByOwnerTest)
11-18 03:24:43.932 I/TestRunner( 2180): started: testThrowsIllegalArgumentException(epfl.sweng.test.exam2.GetQuestionsByOwnerTest)
11-18 03:24:43.952 I/TestRunner( 2180): finished: testThrowsIllegalArgumentException(epfl.sweng.test.exam2.GetQuestionsByOwnerTest)
11-18 03:24:43.952 I/TestRunner( 2180): passed: testThrowsIllegalArgumentException(epfl.sweng.test.exam2.GetQuestionsByOwnerTest)
11-18 03:24:43.962 I/TestRunner( 2180): started: testAndroidTestCaseSetupProperly(epfl.sweng.test.exam2.GetQuestionsByTagTest)
11-18 03:24:43.982 I/TestRunner( 2180): finished: testAndroidTestCaseSetupProperly(epfl.sweng.test.exam2.GetQuestionsByTagTest)
11-18 03:24:43.982 I/TestRunner( 2180): passed: testAndroidTestCaseSetupProperly(epfl.sweng.test.exam2.GetQuestionsByTagTest)
11-18 03:24:44.002 I/TestRunner( 2180): started: testInterfaceImplementation(epfl.sweng.test.exam2.GetQuestionsByTagTest)
11-18 03:24:44.012 I/TestRunner( 2180): finished: testInterfaceImplementation(epfl.sweng.test.exam2.GetQuestionsByTagTest)
11-18 03:24:44.012 I/TestRunner( 2180): passed: testInterfaceImplementation(epfl.sweng.test.exam2.GetQuestionsByTagTest)
11-18 03:24:44.032 I/TestRunner( 2180): started: testSearchByTag(epfl.sweng.test.exam2.GetQuestionsByTagTest)
11-18 03:24:44.052 I/QuizServer( 2180): ==== Sweng QuizQuestion Server Request ====
11-18 03:24:44.052 I/QuizServer( 2180): GET https://sweng-quiz.appspot.com/quizquestions/tagged/quote HTTP/1.1
11-18 03:24:44.443 I/SERVER  ( 2180): Replied with status code 404
11-18 03:24:44.443 I/System.out( 2180): ClientProtocolException404
11-18 03:24:44.453 I/TestRunner( 2180): finished: testSearchByTag(epfl.sweng.test.exam2.GetQuestionsByTagTest)
11-18 03:24:44.453 I/TestRunner( 2180): passed: testSearchByTag(epfl.sweng.test.exam2.GetQuestionsByTagTest)
11-18 03:24:44.473 I/TestRunner( 2180): started: testThrowsIllegalArgumentException(epfl.sweng.test.exam2.GetQuestionsByTagTest)
11-18 03:24:44.483 I/TestRunner( 2180): finished: testThrowsIllegalArgumentException(epfl.sweng.test.exam2.GetQuestionsByTagTest)
11-18 03:24:44.483 I/TestRunner( 2180): passed: testThrowsIllegalArgumentException(epfl.sweng.test.exam2.GetQuestionsByTagTest)
11-18 03:24:44.503 I/TestRunner( 2180): started: testAndroidTestCaseSetupProperly(epfl.sweng.test.exam2.QuestionSearchCommunicationFactoryTest)
11-18 03:24:44.523 I/TestRunner( 2180): finished: testAndroidTestCaseSetupProperly(epfl.sweng.test.exam2.QuestionSearchCommunicationFactoryTest)
11-18 03:24:44.523 I/TestRunner( 2180): passed: testAndroidTestCaseSetupProperly(epfl.sweng.test.exam2.QuestionSearchCommunicationFactoryTest)
11-18 03:24:44.543 I/TestRunner( 2180): started: testConstructor(epfl.sweng.test.exam2.QuestionSearchCommunicationFactoryTest)
11-18 03:24:44.554 I/TestRunner( 2180): finished: testConstructor(epfl.sweng.test.exam2.QuestionSearchCommunicationFactoryTest)
11-18 03:24:44.554 I/TestRunner( 2180): passed: testConstructor(epfl.sweng.test.exam2.QuestionSearchCommunicationFactoryTest)
11-18 03:24:44.573 I/TestRunner( 2180): started: testSetInstance(epfl.sweng.test.exam2.QuestionSearchCommunicationFactoryTest)
11-18 03:24:44.573 I/TestRunner( 2180): finished: testSetInstance(epfl.sweng.test.exam2.QuestionSearchCommunicationFactoryTest)
11-18 03:24:44.583 I/TestRunner( 2180): passed: testSetInstance(epfl.sweng.test.exam2.QuestionSearchCommunicationFactoryTest)
11-18 03:24:44.593 I/TestRunner( 2180): started: testAndroidTestCaseSetupProperly(epfl.sweng.test.exam2.ResponseHandlingTest)
11-18 03:24:44.604 I/TestRunner( 2180): finished: testAndroidTestCaseSetupProperly(epfl.sweng.test.exam2.ResponseHandlingTest)
11-18 03:24:44.604 I/TestRunner( 2180): passed: testAndroidTestCaseSetupProperly(epfl.sweng.test.exam2.ResponseHandlingTest)
11-18 03:24:44.623 I/TestRunner( 2180): started: testEmptyResponseWith200(epfl.sweng.test.exam2.ResponseHandlingTest)
11-18 03:24:44.653 I/QuizServer( 2180): ==== Sweng QuizQuestion Server Request ====
11-18 03:24:44.653 I/QuizServer( 2180): GET https://sweng-quiz.appspot.com/quizquestions/ownedby/emptywith200 HTTP/1.1
11-18 03:24:44.663 I/TEAPOT  ( 2180): Teapot received request: GET https://sweng-quiz.appspot.com/quizquestions/ownedby/emptywith200 HTTP/1.1
11-18 03:24:44.673 I/SERVER  ( 2180): Replied with status code 200
11-18 03:24:44.673 I/QuizServer( 2180): ==== Sweng QuizQuestion Server Response ====
11-18 03:24:44.673 I/QuizServer( 2180): 200 OK
11-18 03:24:44.673 I/QuizServer( 2180): Content-Type: application/json; charset=utf-8
11-18 03:24:44.673 I/QuizServer( 2180): []
11-18 03:24:44.722 I/TestRunner( 2180): finished: testEmptyResponseWith200(epfl.sweng.test.exam2.ResponseHandlingTest)
11-18 03:24:44.722 I/TestRunner( 2180): passed: testEmptyResponseWith200(epfl.sweng.test.exam2.ResponseHandlingTest)
11-18 03:24:44.732 I/TestRunner( 2180): started: testEmptyResponseWith404(epfl.sweng.test.exam2.ResponseHandlingTest)
11-18 03:24:44.772 I/QuizServer( 2180): ==== Sweng QuizQuestion Server Request ====
11-18 03:24:44.832 I/QuizServer( 2180): GET https://sweng-quiz.appspot.com/quizquestions/ownedby/emptywith404 HTTP/1.1
11-18 03:24:44.842 I/TEAPOT  ( 2180): Teapot received request: GET https://sweng-quiz.appspot.com/quizquestions/ownedby/emptywith404 HTTP/1.1
11-18 03:24:44.863 D/dalvikvm( 2180): GC_CONCURRENT freed 418K, 7% free 9060K/9671K, paused 23ms+28ms, total 177ms
11-18 03:24:44.882 I/SERVER  ( 2180): Replied with status code 404
11-18 03:24:44.882 I/System.out( 2180): ClientProtocolException404
11-18 03:24:44.882 I/TestRunner( 2180): finished: testEmptyResponseWith404(epfl.sweng.test.exam2.ResponseHandlingTest)
11-18 03:24:44.882 I/TestRunner( 2180): passed: testEmptyResponseWith404(epfl.sweng.test.exam2.ResponseHandlingTest)
11-18 03:24:44.902 I/TestRunner( 2180): started: testHasWrongOwner(epfl.sweng.test.exam2.ResponseHandlingTest)
11-18 03:24:44.922 I/QuizServer( 2180): ==== Sweng QuizQuestion Server Request ====
11-18 03:24:44.922 I/QuizServer( 2180): GET https://sweng-quiz.appspot.com/quizquestions/ownedby/haswrongowner HTTP/1.1
11-18 03:24:44.933 I/TEAPOT  ( 2180): Teapot received request: GET https://sweng-quiz.appspot.com/quizquestions/ownedby/haswrongowner HTTP/1.1
11-18 03:24:44.933 I/SERVER  ( 2180): Replied with status code 200
11-18 03:24:44.942 I/QuizServer( 2180): ==== Sweng QuizQuestion Server Response ====
11-18 03:24:44.942 I/QuizServer( 2180): 200 OK
11-18 03:24:44.942 I/QuizServer( 2180): Content-Type: application/json; charset=utf-8
11-18 03:24:44.942 I/QuizServer( 2180): [{"tags": ["capitals", "geography", "countries" ], "solutionIndex": 3, "question": "What is the capital of Niger?", "answers": ["Riga", "Madrid", "Vienna", "Niamey" ], "owner": "sehaag","id": 16026 }]
11-18 03:24:44.962 I/TestRunner( 2180): finished: testHasWrongOwner(epfl.sweng.test.exam2.ResponseHandlingTest)
11-18 03:24:44.972 I/TestRunner( 2180): passed: testHasWrongOwner(epfl.sweng.test.exam2.ResponseHandlingTest)
11-18 03:24:44.992 I/TestRunner( 2180): started: testHasWrongTag(epfl.sweng.test.exam2.ResponseHandlingTest)
11-18 03:24:45.002 I/QuizServer( 2180): ==== Sweng QuizQuestion Server Request ====
11-18 03:24:45.002 I/QuizServer( 2180): GET https://sweng-quiz.appspot.com/quizquestions/tagged/haswrongtag HTTP/1.1
11-18 03:24:45.002 I/TEAPOT  ( 2180): Teapot received request: GET https://sweng-quiz.appspot.com/quizquestions/tagged/haswrongtag HTTP/1.1
11-18 03:24:45.012 I/SERVER  ( 2180): Replied with status code 200
11-18 03:24:45.022 I/QuizServer( 2180): ==== Sweng QuizQuestion Server Response ====
11-18 03:24:45.022 I/QuizServer( 2180): 200 OK
11-18 03:24:45.022 I/QuizServer( 2180): Content-Type: application/json; charset=utf-8
11-18 03:24:45.022 I/QuizServer( 2180): [{"tags": ["capitals", "geography", "countries" ], "solutionIndex": 3, "question": "What is the capital of Niger?", "answers": ["Riga", "Madrid", "Vienna", "Niamey" ], "owner": "sehaag","id": 16026 }]
11-18 03:24:45.032 I/TestRunner( 2180): finished: testHasWrongTag(epfl.sweng.test.exam2.ResponseHandlingTest)
11-18 03:24:45.032 I/TestRunner( 2180): passed: testHasWrongTag(epfl.sweng.test.exam2.ResponseHandlingTest)
11-18 03:24:45.052 I/TestRunner( 2180): started: testAndroidTestCaseSetupProperly(epfl.sweng.test.exam2.ServerCommunicationSanityTest)
11-18 03:24:45.072 I/TestRunner( 2180): finished: testAndroidTestCaseSetupProperly(epfl.sweng.test.exam2.ServerCommunicationSanityTest)
11-18 03:24:45.072 I/TestRunner( 2180): passed: testAndroidTestCaseSetupProperly(epfl.sweng.test.exam2.ServerCommunicationSanityTest)
11-18 03:24:45.092 I/TestRunner( 2180): started: testInterfaceImplementation(epfl.sweng.test.exam2.ServerCommunicationSanityTest)
11-18 03:24:45.112 I/TestRunner( 2180): finished: testInterfaceImplementation(epfl.sweng.test.exam2.ServerCommunicationSanityTest)
11-18 03:24:45.112 I/TestRunner( 2180): passed: testInterfaceImplementation(epfl.sweng.test.exam2.ServerCommunicationSanityTest)
11-18 03:24:45.132 I/TestRunner( 2180): started: testSearchByOwner(epfl.sweng.test.exam2.ServerCommunicationSanityTest)
11-18 03:24:45.142 I/QuizServer( 2180): ==== Sweng QuizQuestion Server Request ====
11-18 03:24:45.142 I/QuizServer( 2180): GET https://sweng-quiz.appspot.com/quizquestions/ownedby/joe HTTP/1.1
11-18 03:24:45.463 I/SERVER  ( 2180): Replied with status code 404
11-18 03:24:45.463 I/System.out( 2180): ClientProtocolException404
11-18 03:24:45.472 I/TestRunner( 2180): finished: testSearchByOwner(epfl.sweng.test.exam2.ServerCommunicationSanityTest)
11-18 03:24:45.472 I/TestRunner( 2180): passed: testSearchByOwner(epfl.sweng.test.exam2.ServerCommunicationSanityTest)
