11-18 03:11:46.992 D/dalvikvm(  158): GC_CONCURRENT freed 450K, 45% free 10621K/19207K, paused 73ms+163ms, total 1344ms
11-18 03:11:47.273 D/dalvikvm( 1331): GC_CONCURRENT freed 284K, 5% free 8133K/8519K, paused 29ms+35ms, total 279ms
11-18 03:11:47.433 I/Choreographer( 1331): Skipped 34 frames!  The application may be doing too much work on its main thread.
11-18 03:11:47.473 D/gralloc_goldfish( 1331): Emulator without GPU emulation detected.
11-18 03:11:47.612 I/ActivityManager(  158): Displayed epfl.sweng/.entry.MainActivity: +1s984ms
11-18 03:11:47.753 I/Choreographer( 1331): Skipped 31 frames!  The application may be doing too much work on its main thread.
11-18 03:11:47.892 I/Choreographer(  442): Skipped 92 frames!  The application may be doing too much work on its main thread.
11-18 03:11:49.512 I/ActivityManager(  158): START {cmp=epfl.sweng/.showquestions.ShowQuestionsActivity u=0} from pid 1331
11-18 03:11:49.522 W/WindowManager(  158): Failure taking screenshot for (246x410) to layer 21010
11-18 03:11:49.892 I/QuizServer( 1331): ==== Sweng QuizQuestion Server Request ====
11-18 03:11:49.892 I/QuizServer( 1331): GET https://sweng-quiz.appspot.com/quizquestions/random HTTP/1.1
11-18 03:11:49.903 I/QuizServer( 1331): Authorization: Tequila fixture_session
11-18 03:11:50.183 I/Choreographer( 1331): Skipped 54 frames!  The application may be doing too much work on its main thread.
11-18 03:11:50.343 I/ActivityManager(  158): Displayed epfl.sweng/.showquestions.ShowQuestionsActivity: +794ms
11-18 03:11:51.303 V/HTTP    ( 1331): GET https://sweng-quiz.appspot.com/quizquestions/random HTTP/1.1
11-18 03:11:51.842 V/HTTP    ( 1331): Mocking request since it matches pattern GET (?:https?://[^/]+|[^/]+)?/quizquestions/random\b
11-18 03:11:51.852 V/HTTP    ( 1331): Response body: {"id":"1","tags":["h2g2","trivia"],"owner":"sweng","answers":["Forty-two","Twenty-seven"],"question":"What is the answer to life, the universe and everything?","solutionIndex":0}
11-18 03:11:51.852 V/HTTP    ( 1331): HTTP/1.1 200 OK
11-18 03:11:51.862 I/SERVER  ( 1331): Replied with status code 200
11-18 03:11:51.872 I/QuizServer( 1331): ==== Sweng QuizQuestion Server Response ====
11-18 03:11:51.872 I/QuizServer( 1331): 200 OK
11-18 03:11:51.872 I/QuizServer( 1331): {"id":"1","tags":["h2g2","trivia"],"owner":"sweng","answers":["Forty-two","Twenty-seven"],"question":"What is the answer to life, the universe and everything?","solutionIndex":0}
11-18 03:11:52.022 I/QuizServer( 1331): ==== Sweng QuizQuestion Server Request ====
11-18 03:11:52.173 I/QuizServer( 1331): GET https://sweng-quiz.appspot.com/quizquestions/1/ratings HTTP/1.1
11-18 03:11:52.243 I/QuizServer( 1331): Authorization: Tequila fixture_session
11-18 03:11:52.403 V/HTTP    ( 1331): GET https://sweng-quiz.appspot.com/quizquestions/1/ratings HTTP/1.1
11-18 03:11:52.922 V/HTTP    ( 1331): Mocking request since it matches pattern GET (?:https?://[^/]+|[^/]+)?/quizquestions/.*/ratings\b
11-18 03:11:52.922 V/HTTP    ( 1331): Response body: {"dislikeCount":789,"likeCount":12,"incorrectCount":987}
11-18 03:11:52.922 V/HTTP    ( 1331): HTTP/1.1 200 OK
11-18 03:11:52.922 I/SERVER  ( 1331): Replied with status code 200
11-18 03:11:52.932 I/QuizServer( 1331): ==== Sweng QuizQuestion Server Response ====
11-18 03:11:52.932 I/QuizServer( 1331): 200 OK
11-18 03:11:52.932 I/QuizServer( 1331): {"dislikeCount":789,"likeCount":12,"incorrectCount":987}
11-18 03:11:54.073 D/dalvikvm( 1331): GC_CONCURRENT freed 310K, 5% free 8262K/8647K, paused 28ms+11ms, total 262ms
11-18 03:11:54.073 D/dalvikvm( 1331): WAIT_FOR_CONCURRENT_GC blocked 87ms
11-18 03:11:54.233 D/dalvikvm( 1331): GC_EXPLICIT freed 26K, 5% free 8237K/8647K, paused 40ms+13ms, total 150ms
11-18 03:11:54.233 D/dalvikvm( 1331): WAIT_FOR_CONCURRENT_GC blocked 0ms
11-18 03:11:54.343 D/dalvikvm( 1331): GC_EXPLICIT freed 16K, 5% free 8221K/8647K, paused 12ms+10ms, total 105ms
11-18 03:11:54.343 I/TestRunner( 1331): finished: testIncorrectButtonWithNumberOfRatings(epfl.sweng.test.homework4.Ex2P2ActivityLoadTest)
11-18 03:11:54.343 I/TestRunner( 1331): passed: testIncorrectButtonWithNumberOfRatings(epfl.sweng.test.homework4.Ex2P2ActivityLoadTest)
11-18 03:11:54.383 I/ActivityManager(  158): Force stopping package epfl.sweng uid=10045
11-18 03:11:54.383 I/ActivityManager(  158): Killing proc 1331:epfl.sweng/u0a45: force stop
11-18 03:11:54.394 W/ActivityManager(  158): Force removing ActivityRecord{414454f0 epfl.sweng/.showquestions.ShowQuestionsActivity}: app died, no saved state
11-18 03:11:54.433 D/AndroidRuntime( 1321): Shutting down VM
11-18 03:11:54.492 D/dalvikvm( 1321): GC_CONCURRENT freed 109K, 78% free 458K/2048K, paused 2ms+2ms, total 26ms
11-18 03:11:54.532 I/AndroidRuntime( 1321): NOTE: attach of thread 'Binder_3' failed
11-18 03:11:54.572 I/WindowState(  158): WIN DEATH: Window{41882730 epfl.sweng/epfl.sweng.showquestions.ShowQuestionsActivity paused=false}
11-18 03:11:54.803 W/InputMethodManagerService(  158): Got RemoteException sending setActive(false) notification to pid 1331 uid 10045
11-18 03:11:55.662 D/AndroidRuntime( 1354): 
11-18 03:11:55.662 D/AndroidRuntime( 1354): >>>>>> AndroidRuntime START com.android.internal.os.RuntimeInit <<<<<<
11-18 03:11:55.672 D/AndroidRuntime( 1354): CheckJNI is ON
11-18 03:11:55.732 D/dalvikvm( 1354): Trying to load lib libjavacore.so 0x0
11-18 03:11:55.753 D/dalvikvm( 1354): Added shared lib libjavacore.so 0x0
11-18 03:11:55.792 D/dalvikvm( 1354): Trying to load lib libnativehelper.so 0x0
11-18 03:11:55.792 D/dalvikvm( 1354): Added shared lib libnativehelper.so 0x0
11-18 03:11:56.923 D/AndroidRuntime( 1354): Calling main entry com.android.commands.am.Am
11-18 03:11:56.962 I/ActivityManager(  158): Force stopping package epfl.sweng uid=10045
11-18 03:11:57.002 D/dalvikvm( 1364): Not late-enabling CheckJNI (already on)
11-18 03:11:57.033 I/ActivityManager(  158): Start proc epfl.sweng for added application epfl.sweng: pid=1364 uid=10045 gids={3003, 1028}
11-18 03:11:57.153 E/Trace   ( 1364): error opening trace file: No such file or directory (2)
11-18 03:11:57.343 I/TestRunner( 1364): started: testLikeButtonWithNumberOfRatings(epfl.sweng.test.homework4.Ex2P2ActivityLoadTest)
11-18 03:11:57.502 I/ActivityManager(  158): START {act=android.intent.action.MAIN flg=0x10000000 cmp=epfl.sweng/.entry.MainActivity u=0} from pid 1364
11-18 03:11:57.512 W/WindowManager(  158): Failure taking screenshot for (246x410) to layer 21005
11-18 03:11:58.902 D/dalvikvm( 1364): GC_CONCURRENT freed 288K, 5% free 8133K/8519K, paused 38ms+12ms, total 254ms
11-18 03:11:59.053 D/gralloc_goldfish( 1364): Emulator without GPU emulation detected.
11-18 03:11:59.183 I/ActivityManager(  158): Displayed epfl.sweng/.entry.MainActivity: +1s655ms
11-18 03:12:00.572 I/ActivityManager(  158): START {cmp=epfl.sweng/.showquestions.ShowQuestionsActivity u=0} from pid 1364
11-18 03:12:00.592 W/WindowManager(  158): Failure taking screenshot for (246x410) to layer 21010
11-18 03:12:00.952 I/QuizServer( 1364): ==== Sweng QuizQuestion Server Request ====
11-18 03:12:00.962 I/QuizServer( 1364): GET https://sweng-quiz.appspot.com/quizquestions/random HTTP/1.1
11-18 03:12:00.962 I/QuizServer( 1364): Authorization: Tequila fixture_session
11-18 03:12:01.213 I/Choreographer( 1364): Skipped 46 frames!  The application may be doing too much work on its main thread.
11-18 03:12:01.363 I/ActivityManager(  158): Displayed epfl.sweng/.showquestions.ShowQuestionsActivity: +747ms
11-18 03:12:02.153 V/HTTP    ( 1364): GET https://sweng-quiz.appspot.com/quizquestions/random HTTP/1.1
11-18 03:12:02.702 V/HTTP    ( 1364): Mocking request since it matches pattern GET (?:https?://[^/]+|[^/]+)?/quizquestions/random\b
11-18 03:12:02.702 V/HTTP    ( 1364): Response body: {"id":"1","tags":["h2g2","trivia"],"owner":"sweng","answers":["Forty-two","Twenty-seven"],"question":"What is the answer to life, the universe and everything?","solutionIndex":0}
11-18 03:12:02.712 V/HTTP    ( 1364): HTTP/1.1 200 OK
11-18 03:12:02.712 I/SERVER  ( 1364): Replied with status code 200
11-18 03:12:02.722 I/QuizServer( 1364): ==== Sweng QuizQuestion Server Response ====
11-18 03:12:02.732 I/QuizServer( 1364): 200 OK
11-18 03:12:02.732 I/QuizServer( 1364): {"id":"1","tags":["h2g2","trivia"],"owner":"sweng","answers":["Forty-two","Twenty-seven"],"question":"What is the answer to life, the universe and everything?","solutionIndex":0}
11-18 03:12:02.852 I/QuizServer( 1364): ==== Sweng QuizQuestion Server Request ====
11-18 03:12:02.952 I/QuizServer( 1364): GET https://sweng-quiz.appspot.com/quizquestions/1/ratings HTTP/1.1
11-18 03:12:02.982 I/QuizServer( 1364): Authorization: Tequila fixture_session
11-18 03:12:03.103 V/HTTP    ( 1364): GET https://sweng-quiz.appspot.com/quizquestions/1/ratings HTTP/1.1
11-18 03:12:03.652 V/HTTP    ( 1364): Mocking request since it matches pattern GET (?:https?://[^/]+|[^/]+)?/quizquestions/.*/ratings\b
11-18 03:12:03.652 V/HTTP    ( 1364): Response body: {"dislikeCount":789,"likeCount":12,"incorrectCount":987}
11-18 03:12:03.652 V/HTTP    ( 1364): HTTP/1.1 200 OK
11-18 03:12:03.652 I/SERVER  ( 1364): Replied with status code 200
11-18 03:12:03.662 I/QuizServer( 1364): ==== Sweng QuizQuestion Server Response ====
11-18 03:12:03.672 I/QuizServer( 1364): 200 OK
11-18 03:12:03.672 I/QuizServer( 1364): {"dislikeCount":789,"likeCount":12,"incorrectCount":987}
11-18 03:12:04.902 D/dalvikvm( 1364): GC_CONCURRENT freed 307K, 5% free 8261K/8647K, paused 22ms+8ms, total 263ms
11-18 03:12:04.912 D/dalvikvm( 1364): WAIT_FOR_CONCURRENT_GC blocked 124ms
11-18 03:12:05.043 D/dalvikvm( 1364): GC_EXPLICIT freed 25K, 5% free 8237K/8647K, paused 35ms+12ms, total 134ms
11-18 03:12:05.053 D/dalvikvm( 1364): WAIT_FOR_CONCURRENT_GC blocked 0ms
11-18 03:12:05.163 D/dalvikvm( 1364): GC_EXPLICIT freed 16K, 5% free 8221K/8647K, paused 14ms+9ms, total 108ms
11-18 03:12:05.163 I/TestRunner( 1364): finished: testLikeButtonWithNumberOfRatings(epfl.sweng.test.homework4.Ex2P2ActivityLoadTest)
11-18 03:12:05.163 I/TestRunner( 1364): passed: testLikeButtonWithNumberOfRatings(epfl.sweng.test.homework4.Ex2P2ActivityLoadTest)
11-18 03:12:05.223 I/ActivityManager(  158): Force stopping package epfl.sweng uid=10045
11-18 03:12:05.223 I/ActivityManager(  158): Killing proc 1364:epfl.sweng/u0a45: force stop
11-18 03:12:05.223 W/ActivityManager(  158): Force removing ActivityRecord{414920d8 epfl.sweng/.showquestions.ShowQuestionsActivity}: app died, no saved state
11-18 03:12:05.273 D/AndroidRuntime( 1354): Shutting down VM
11-18 03:12:05.363 D/dalvikvm( 1354): GC_CONCURRENT freed 109K, 78% free 458K/2048K, paused 1ms+2ms, total 27ms
11-18 03:12:05.383 I/WindowState(  158): WIN DEATH: Window{418c54c0 epfl.sweng/epfl.sweng.showquestions.ShowQuestionsActivity paused=false}
11-18 03:12:05.603 W/InputMethodManagerService(  158): Got RemoteException sending setActive(false) notification to pid 1364 uid 10045
11-18 03:12:06.453 D/AndroidRuntime( 1387): 
11-18 03:12:06.453 D/AndroidRuntime( 1387): >>>>>> AndroidRuntime START com.android.internal.os.RuntimeInit <<<<<<
11-18 03:12:06.453 D/AndroidRuntime( 1387): CheckJNI is ON
11-18 03:12:06.513 D/dalvikvm( 1387): Trying to load lib libjavacore.so 0x0
11-18 03:12:06.532 D/dalvikvm( 1387): Added shared lib libjavacore.so 0x0
11-18 03:12:06.584 D/dalvikvm( 1387): Trying to load lib libnativehelper.so 0x0
11-18 03:12:06.584 D/dalvikvm( 1387): Added shared lib libnativehelper.so 0x0
11-18 03:12:07.592 D/AndroidRuntime( 1387): Calling main entry com.android.commands.am.Am
11-18 03:12:07.632 I/ActivityManager(  158): Force stopping package epfl.sweng uid=10045
11-18 03:12:07.672 D/dalvikvm( 1397): Not late-enabling CheckJNI (already on)
11-18 03:12:07.692 D/dalvikvm(   37): WAIT_FOR_CONCURRENT_GC blocked 0ms
11-18 03:12:07.712 I/ActivityManager(  158): Start proc epfl.sweng for added application epfl.sweng: pid=1397 uid=10045 gids={3003, 1028}
11-18 03:12:07.862 D/dalvikvm(   37): GC_EXPLICIT freed 38K, 4% free 7963K/8259K, paused 8ms+10ms, total 167ms
11-18 03:12:07.872 D/dalvikvm(   37): WAIT_FOR_CONCURRENT_GC blocked 0ms
11-18 03:12:07.932 E/Trace   ( 1397): error opening trace file: No such file or directory (2)
11-18 03:12:08.043 D/dalvikvm(   37): GC_EXPLICIT freed <1K, 4% free 7963K/8259K, paused 24ms+17ms, total 173ms
11-18 03:12:08.043 D/dalvikvm(   37): WAIT_FOR_CONCURRENT_GC blocked 1ms
11-18 03:12:08.223 D/dalvikvm(   37): GC_EXPLICIT freed <1K, 4% free 7963K/8259K, paused 16ms+8ms, total 170ms
11-18 03:12:08.253 I/TestRunner( 1397): started: testPersonalRatingDislike(epfl.sweng.test.homework4.Ex2P2ActivityLoadTest)
11-18 03:12:08.393 I/ActivityManager(  158): START {act=android.intent.action.MAIN flg=0x10000000 cmp=epfl.sweng/.entry.MainActivity u=0} from pid 1397
11-18 03:12:08.393 W/WindowManager(  158): Failure taking screenshot for (246x410) to layer 21005
11-18 03:12:09.402 I/Choreographer(  442): Skipped 102 frames!  The application may be doing too much work on its main thread.
11-18 03:12:09.672 D/dalvikvm( 1397): GC_CONCURRENT freed 291K, 5% free 8134K/8519K, paused 37ms+29ms, total 275ms
11-18 03:12:09.762 D/gralloc_goldfish( 1397): Emulator without GPU emulation detected.
11-18 03:12:09.862 I/ActivityManager(  158): Displayed epfl.sweng/.entry.MainActivity: +1s450ms
11-18 03:12:11.263 I/ActivityManager(  158): START {cmp=epfl.sweng/.showquestions.ShowQuestionsActivity u=0} from pid 1397
11-18 03:12:11.263 W/WindowManager(  158): Failure taking screenshot for (246x410) to layer 21010
11-18 03:12:11.672 I/QuizServer( 1397): ==== Sweng QuizQuestion Server Request ====
11-18 03:12:11.682 I/QuizServer( 1397): GET https://sweng-quiz.appspot.com/quizquestions/random HTTP/1.1
11-18 03:12:11.682 I/QuizServer( 1397): Authorization: Tequila fixture_session
11-18 03:12:11.952 I/Choreographer( 1397): Skipped 54 frames!  The application may be doing too much work on its main thread.
11-18 03:12:12.103 I/ActivityManager(  158): Displayed epfl.sweng/.showquestions.ShowQuestionsActivity: +809ms
11-18 03:12:12.542 I/Choreographer( 1397): Skipped 102 frames!  The application may be doing too much work on its main thread.
11-18 03:12:12.992 V/HTTP    ( 1397): GET https://sweng-quiz.appspot.com/quizquestions/random HTTP/1.1
11-18 03:12:13.522 V/HTTP    ( 1397): Mocking request since it matches pattern GET (?:https?://[^/]+|[^/]+)?/quizquestions/random\b
11-18 03:12:13.522 V/HTTP    ( 1397): Response body: {"id":"1","tags":["h2g2","trivia"],"owner":"sweng","answers":["Forty-two","Twenty-seven"],"question":"What is the answer to life, the universe and everything?","solutionIndex":0}
11-18 03:12:13.542 V/HTTP    ( 1397): HTTP/1.1 200 OK
11-18 03:12:13.542 I/SERVER  ( 1397): Replied with status code 200
11-18 03:12:13.552 I/QuizServer( 1397): ==== Sweng QuizQuestion Server Response ====
11-18 03:12:13.552 I/QuizServer( 1397): 200 OK
11-18 03:12:13.552 I/QuizServer( 1397): {"id":"1","tags":["h2g2","trivia"],"owner":"sweng","answers":["Forty-two","Twenty-seven"],"question":"What is the answer to life, the universe and everything?","solutionIndex":0}
11-18 03:12:13.762 I/QuizServer( 1397): ==== Sweng QuizQuestion Server Request ====
11-18 03:12:13.762 I/QuizServer( 1397): GET https://sweng-quiz.appspot.com/quizquestions/1/ratings HTTP/1.1
11-18 03:12:13.833 I/QuizServer( 1397): Authorization: Tequila fixture_session
11-18 03:12:13.962 V/HTTP    ( 1397): GET https://sweng-quiz.appspot.com/quizquestions/1/ratings HTTP/1.1
11-18 03:12:14.482 V/HTTP    ( 1397): Mocking request since it matches pattern GET (?:https?://[^/]+|[^/]+)?/quizquestions/.*/ratings\b
11-18 03:12:14.482 V/HTTP    ( 1397): Response body: {"dislikeCount":789,"likeCount":12,"incorrectCount":987}
11-18 03:12:14.482 V/HTTP    ( 1397): HTTP/1.1 200 OK
11-18 03:12:14.482 I/SERVER  ( 1397): Replied with status code 200
11-18 03:12:14.492 I/QuizServer( 1397): ==== Sweng QuizQuestion Server Response ====
11-18 03:12:14.492 I/QuizServer( 1397): 200 OK
11-18 03:12:14.492 I/QuizServer( 1397): {"dislikeCount":789,"likeCount":12,"incorrectCount":987}
11-18 03:12:15.692 D/dalvikvm( 1397): GC_CONCURRENT freed 312K, 5% free 8269K/8647K, paused 27ms+17ms, total 222ms
11-18 03:12:23.332 D/dalvikvm( 1397): GC_CONCURRENT freed 414K, 6% free 8267K/8775K, paused 27ms+12ms, total 181ms
11-18 03:12:30.892 D/dalvikvm( 1397): GC_CONCURRENT freed 412K, 6% free 8267K/8775K, paused 23ms+9ms, total 194ms
11-18 03:12:35.043 D/dalvikvm( 1397): WAIT_FOR_CONCURRENT_GC blocked 0ms
11-18 03:12:35.273 D/dalvikvm( 1397): GC_EXPLICIT freed 254K, 7% free 8248K/8775K, paused 24ms+47ms, total 228ms
11-18 03:12:35.273 D/dalvikvm( 1397): WAIT_FOR_CONCURRENT_GC blocked 0ms
11-18 03:12:35.402 I/Choreographer( 1397): Skipped 63 frames!  The application may be doing too much work on its main thread.
11-18 03:12:35.452 D/dalvikvm( 1397): GC_EXPLICIT freed 17K, 7% free 8232K/8775K, paused 26ms+9ms, total 182ms
11-18 03:12:35.462 I/TestRunner( 1397): failed: testPersonalRatingDislike(epfl.sweng.test.homework4.Ex2P2ActivityLoadTest)
11-18 03:12:35.462 I/TestRunner( 1397): ----- begin exception -----
11-18 03:12:35.502 I/TestRunner( 1397): 
11-18 03:12:35.502 I/TestRunner( 1397): junit.framework.AssertionFailedError: Could not find text You dislike the question
11-18 03:12:35.502 I/TestRunner( 1397): 	at junit.framework.Assert.fail(Assert.java:50)
11-18 03:12:35.502 I/TestRunner( 1397): 	at junit.framework.Assert.assertTrue(Assert.java:20)
11-18 03:12:35.502 I/TestRunner( 1397): 	at epfl.sweng.test.homework4.Ex2P2ActivityLoadTest.testPersonalRatingDislike(Ex2P2ActivityLoadTest.java:94)
11-18 03:12:35.502 I/TestRunner( 1397): 	at java.lang.reflect.Method.invokeNative(Native Method)
11-18 03:12:35.502 I/TestRunner( 1397): 	at java.lang.reflect.Method.invoke(Method.java:511)
11-18 03:12:35.502 I/TestRunner( 1397): 	at android.test.InstrumentationTestCase.runMethod(InstrumentationTestCase.java:214)
11-18 03:12:35.502 I/TestRunner( 1397): 	at android.test.InstrumentationTestCase.runTest(InstrumentationTestCase.java:199)
11-18 03:12:35.502 I/TestRunner( 1397): 	at android.test.ActivityInstrumentationTestCase2.runTest(ActivityInstrumentationTestCase2.java:192)
11-18 03:12:35.502 I/TestRunner( 1397): 	at junit.framework.TestCase.runBare(TestCase.java:134)
11-18 03:12:35.502 I/TestRunner( 1397): 	at junit.framework.TestResult$1.protect(TestResult.java:115)
11-18 03:12:35.502 I/TestRunner( 1397): 	at junit.framework.TestResult.runProtected(TestResult.java:133)
11-18 03:12:35.502 I/TestRunner( 1397): 	at junit.framework.TestResult.run(TestResult.java:118)
11-18 03:12:35.502 I/TestRunner( 1397): 	at junit.framework.TestCase.run(TestCase.java:124)
11-18 03:12:35.502 I/TestRunner( 1397): 	at android.test.AndroidTestRunner.runTest(AndroidTestRunner.java:190)
11-18 03:12:35.502 I/TestRunner( 1397): 	at android.test.AndroidTestRunner.runTest(AndroidTestRunner.java:175)
11-18 03:12:35.502 I/TestRunner( 1397): 	at android.test.InstrumentationTestRunner.onStart(InstrumentationTestRunner.java:555)
11-18 03:12:35.502 I/TestRunner( 1397): 	at android.app.Instrumentation$InstrumentationThread.run(Instrumentation.java:1584)
11-18 03:12:35.502 I/TestRunner( 1397): ----- end exception -----
11-18 03:12:35.572 I/TestRunner( 1397): finished: testPersonalRatingDislike(epfl.sweng.test.homework4.Ex2P2ActivityLoadTest)
11-18 03:12:35.602 I/ActivityManager(  158): Force stopping package epfl.sweng uid=10045
11-18 03:12:35.613 I/ActivityManager(  158): Killing proc 1397:epfl.sweng/u0a45: force stop
11-18 03:12:35.613 W/ActivityManager(  158): Force removing ActivityRecord{41bcf678 epfl.sweng/.showquestions.ShowQuestionsActivity}: app died, no saved state
11-18 03:12:35.722 D/AndroidRuntime( 1387): Shutting down VM
11-18 03:12:35.762 D/dalvikvm( 1387): GC_CONCURRENT freed 118K, 78% free 458K/2048K, paused 5ms+4ms, total 35ms
11-18 03:12:35.772 I/AndroidRuntime( 1387): NOTE: attach of thread 'Binder_3' failed
11-18 03:12:35.822 I/WindowState(  158): WIN DEATH: Window{41894510 epfl.sweng/epfl.sweng.showquestions.ShowQuestionsActivity paused=false}
11-18 03:12:35.892 I/Choreographer(  442): Skipped 36 frames!  The application may be doing too much work on its main thread.
11-18 03:12:35.993 W/InputMethodManagerService(  158): Got RemoteException sending setActive(false) notification to pid 1397 uid 10045
11-18 03:12:36.853 D/AndroidRuntime( 1420): 
11-18 03:12:36.853 D/AndroidRuntime( 1420): >>>>>> AndroidRuntime START com.android.internal.os.RuntimeInit <<<<<<
11-18 03:12:36.853 D/AndroidRuntime( 1420): CheckJNI is ON
11-18 03:12:36.912 D/dalvikvm( 1420): Trying to load lib libjavacore.so 0x0
11-18 03:12:36.932 D/dalvikvm( 1420): Added shared lib libjavacore.so 0x0
11-18 03:12:36.972 D/dalvikvm( 1420): Trying to load lib libnativehelper.so 0x0
11-18 03:12:36.972 D/dalvikvm( 1420): Added shared lib libnativehelper.so 0x0
11-18 03:12:37.994 D/AndroidRuntime( 1420): Calling main entry com.android.commands.am.Am
11-18 03:12:38.043 I/ActivityManager(  158): Force stopping package epfl.sweng uid=10045
11-18 03:12:38.093 D/dalvikvm( 1430): Not late-enabling CheckJNI (already on)
11-18 03:12:38.123 I/ActivityManager(  158): Start proc epfl.sweng for added application epfl.sweng: pid=1430 uid=10045 gids={3003, 1028}
11-18 03:12:38.243 E/Trace   ( 1430): error opening trace file: No such file or directory (2)
11-18 03:12:38.412 I/TestRunner( 1430): started: testPersonalRatingIncorrect(epfl.sweng.test.homework4.Ex2P2ActivityLoadTest)
11-18 03:12:38.552 I/ActivityManager(  158): START {act=android.intent.action.MAIN flg=0x10000000 cmp=epfl.sweng/.entry.MainActivity u=0} from pid 1430
11-18 03:12:38.562 W/WindowManager(  158): Failure taking screenshot for (246x410) to layer 21005
11-18 03:12:39.642 I/Choreographer(  442): Skipped 99 frames!  The application may be doing too much work on its main thread.
11-18 03:12:40.003 D/gralloc_goldfish( 1430): Emulator without GPU emulation detected.
11-18 03:12:40.133 D/dalvikvm( 1430): GC_CONCURRENT freed 258K, 4% free 8143K/8455K, paused 23ms+24ms, total 178ms
11-18 03:12:40.183 I/ActivityManager(  158): Displayed epfl.sweng/.entry.MainActivity: +1s603ms
11-18 03:12:40.323 I/Choreographer(  158): Skipped 32 frames!  The application may be doing too much work on its main thread.
11-18 03:12:41.622 I/ActivityManager(  158): START {cmp=epfl.sweng/.showquestions.ShowQuestionsActivity u=0} from pid 1430
11-18 03:12:41.632 W/WindowManager(  158): Failure taking screenshot for (246x410) to layer 21010
11-18 03:12:42.013 I/QuizServer( 1430): ==== Sweng QuizQuestion Server Request ====
11-18 03:12:42.013 I/QuizServer( 1430): GET https://sweng-quiz.appspot.com/quizquestions/random HTTP/1.1
11-18 03:12:42.023 I/QuizServer( 1430): Authorization: Tequila fixture_session
11-18 03:12:42.263 I/Choreographer( 1430): Skipped 43 frames!  The application may be doing too much work on its main thread.
11-18 03:12:42.442 I/ActivityManager(  158): Displayed epfl.sweng/.showquestions.ShowQuestionsActivity: +776ms
11-18 03:12:42.612 I/Choreographer( 1430): Skipped 34 frames!  The application may be doing too much work on its main thread.
11-18 03:12:43.343 V/HTTP    ( 1430): GET https://sweng-quiz.appspot.com/quizquestions/random HTTP/1.1
11-18 03:12:43.883 V/HTTP    ( 1430): Mocking request since it matches pattern GET (?:https?://[^/]+|[^/]+)?/quizquestions/random\b
11-18 03:12:43.883 V/HTTP    ( 1430): Response body: {"id":"1","tags":["h2g2","trivia"],"owner":"sweng","answers":["Forty-two","Twenty-seven"],"question":"What is the answer to life, the universe and everything?","solutionIndex":0}
11-18 03:12:43.892 V/HTTP    ( 1430): HTTP/1.1 200 OK
11-18 03:12:43.892 I/SERVER  ( 1430): Replied with status code 200
11-18 03:12:43.902 I/QuizServer( 1430): ==== Sweng QuizQuestion Server Response ====
11-18 03:12:43.912 I/QuizServer( 1430): 200 OK
11-18 03:12:43.912 I/QuizServer( 1430): {"id":"1","tags":["h2g2","trivia"],"owner":"sweng","answers":["Forty-two","Twenty-seven"],"question":"What is the answer to life, the universe and everything?","solutionIndex":0}
11-18 03:12:44.013 I/QuizServer( 1430): ==== Sweng QuizQuestion Server Request ====
11-18 03:12:44.083 I/QuizServer( 1430): GET https://sweng-quiz.appspot.com/quizquestions/1/ratings HTTP/1.1
11-18 03:12:44.123 I/QuizServer( 1430): Authorization: Tequila fixture_session
11-18 03:12:44.293 V/HTTP    ( 1430): GET https://sweng-quiz.appspot.com/quizquestions/1/ratings HTTP/1.1
11-18 03:12:44.852 V/HTTP    ( 1430): Mocking request since it matches pattern GET (?:https?://[^/]+|[^/]+)?/quizquestions/.*/ratings\b
11-18 03:12:44.862 V/HTTP    ( 1430): Response body: {"dislikeCount":789,"likeCount":12,"incorrectCount":987}
11-18 03:12:44.862 V/HTTP    ( 1430): HTTP/1.1 200 OK
11-18 03:12:44.862 I/SERVER  ( 1430): Replied with status code 200
11-18 03:12:44.862 I/QuizServer( 1430): ==== Sweng QuizQuestion Server Response ====
11-18 03:12:44.872 I/QuizServer( 1430): 200 OK
11-18 03:12:44.872 I/QuizServer( 1430): {"dislikeCount":789,"likeCount":12,"incorrectCount":987}
11-18 03:12:46.043 D/dalvikvm( 1430): GC_CONCURRENT freed 311K, 5% free 8267K/8647K, paused 58ms+8ms, total 237ms
11-18 03:12:53.712 D/dalvikvm( 1430): GC_CONCURRENT freed 413K, 6% free 8267K/8775K, paused 28ms+8ms, total 172ms
11-18 03:13:01.323 D/dalvikvm( 1430): GC_CONCURRENT freed 413K, 6% free 8266K/8775K, paused 29ms+11ms, total 210ms
11-18 03:13:05.432 D/dalvikvm( 1430): WAIT_FOR_CONCURRENT_GC blocked 0ms
11-18 03:13:05.612 D/dalvikvm( 1430): GC_EXPLICIT freed 254K, 7% free 8248K/8775K, paused 20ms+36ms, total 188ms
11-18 03:13:05.622 D/dalvikvm( 1430): WAIT_FOR_CONCURRENT_GC blocked 0ms
11-18 03:13:05.762 I/Choreographer( 1430): Skipped 46 frames!  The application may be doing too much work on its main thread.
11-18 03:13:05.802 D/dalvikvm( 1430): GC_EXPLICIT freed 17K, 7% free 8232K/8775K, paused 31ms+10ms, total 184ms
11-18 03:13:05.812 I/TestRunner( 1430): failed: testPersonalRatingIncorrect(epfl.sweng.test.homework4.Ex2P2ActivityLoadTest)
11-18 03:13:05.812 I/TestRunner( 1430): ----- begin exception -----
11-18 03:13:05.832 I/TestRunner( 1430): 
11-18 03:13:05.832 I/TestRunner( 1430): junit.framework.AssertionFailedError: Could not find text You think the question is incorrect
11-18 03:13:05.832 I/TestRunner( 1430): 	at junit.framework.Assert.fail(Assert.java:50)
11-18 03:13:05.832 I/TestRunner( 1430): 	at junit.framework.Assert.assertTrue(Assert.java:20)
11-18 03:13:05.832 I/TestRunner( 1430): 	at epfl.sweng.test.homework4.Ex2P2ActivityLoadTest.testPersonalRatingIncorrect(Ex2P2ActivityLoadTest.java:101)
11-18 03:13:05.832 I/TestRunner( 1430): 	at java.lang.reflect.Method.invokeNative(Native Method)
11-18 03:13:05.832 I/TestRunner( 1430): 	at java.lang.reflect.Method.invoke(Method.java:511)
11-18 03:13:05.832 I/TestRunner( 1430): 	at android.test.InstrumentationTestCase.runMethod(InstrumentationTestCase.java:214)
11-18 03:13:05.832 I/TestRunner( 1430): 	at android.test.InstrumentationTestCase.runTest(InstrumentationTestCase.java:199)
11-18 03:13:05.832 I/TestRunner( 1430): 	at android.test.ActivityInstrumentationTestCase2.runTest(ActivityInstrumentationTestCase2.java:192)
11-18 03:13:05.832 I/TestRunner( 1430): 	at junit.framework.TestCase.runBare(TestCase.java:134)
11-18 03:13:05.832 I/TestRunner( 1430): 	at junit.framework.TestResult$1.protect(TestResult.java:115)
11-18 03:13:05.832 I/TestRunner( 1430): 	at junit.framework.TestResult.runProtected(TestResult.java:133)
11-18 03:13:05.832 I/TestRunner( 1430): 	at junit.framework.TestResult.run(TestResult.java:118)
11-18 03:13:05.832 I/TestRunner( 1430): 	at junit.framework.TestCase.run(TestCase.java:124)
11-18 03:13:05.832 I/TestRunner( 1430): 	at android.test.AndroidTestRunner.runTest(AndroidTestRunner.java:190)
11-18 03:13:05.832 I/TestRunner( 1430): 	at android.test.AndroidTestRunner.runTest(AndroidTestRunner.java:175)
11-18 03:13:05.832 I/TestRunner( 1430): 	at android.test.InstrumentationTestRunner.onStart(InstrumentationTestRunner.java:555)
11-18 03:13:05.832 I/TestRunner( 1430): 	at android.app.Instrumentation$InstrumentationThread.run(Instrumentation.java:1584)
11-18 03:13:05.842 I/TestRunner( 1430): ----- end exception -----
11-18 03:13:05.882 I/TestRunner( 1430): finished: testPersonalRatingIncorrect(epfl.sweng.test.homework4.Ex2P2ActivityLoadTest)
11-18 03:13:05.922 I/ActivityManager(  158): Force stopping package epfl.sweng uid=10045
11-18 03:13:05.932 I/ActivityManager(  158): Killing proc 1430:epfl.sweng/u0a45: force stop
11-18 03:13:05.932 W/ActivityManager(  158): Force removing ActivityRecord{418e2178 epfl.sweng/.showquestions.ShowQuestionsActivity}: app died, no saved state
11-18 03:13:05.973 D/AndroidRuntime( 1420): Shutting down VM
11-18 03:13:06.013 D/dalvikvm( 1420): GC_CONCURRENT freed 118K, 78% free 458K/2048K, paused 2ms+6ms, total 23ms
11-18 03:13:06.053 I/AndroidRuntime( 1420): NOTE: attach of thread 'Binder_3' failed
11-18 03:13:06.103 I/WindowState(  158): WIN DEATH: Window{413bcf38 epfl.sweng/epfl.sweng.showquestions.ShowQuestionsActivity paused=false}
11-18 03:13:06.263 W/InputMethodManagerService(  158): Got RemoteException sending setActive(false) notification to pid 1430 uid 10045
11-18 03:13:06.973 D/AndroidRuntime( 1453): 
11-18 03:13:06.973 D/AndroidRuntime( 1453): >>>>>> AndroidRuntime START com.android.internal.os.RuntimeInit <<<<<<
11-18 03:13:06.973 D/AndroidRuntime( 1453): CheckJNI is ON
11-18 03:13:07.023 D/dalvikvm( 1453): Trying to load lib libjavacore.so 0x0
11-18 03:13:07.043 D/dalvikvm( 1453): Added shared lib libjavacore.so 0x0
11-18 03:13:07.083 D/dalvikvm( 1453): Trying to load lib libnativehelper.so 0x0
11-18 03:13:07.083 D/dalvikvm( 1453): Added shared lib libnativehelper.so 0x0
11-18 03:13:08.053 D/AndroidRuntime( 1453): Calling main entry com.android.commands.am.Am
11-18 03:13:08.093 I/ActivityManager(  158): Force stopping package epfl.sweng uid=10045
11-18 03:13:08.123 D/dalvikvm( 1463): Not late-enabling CheckJNI (already on)
11-18 03:13:08.153 I/ActivityManager(  158): Start proc epfl.sweng for added application epfl.sweng: pid=1463 uid=10045 gids={3003, 1028}
11-18 03:13:08.263 E/Trace   ( 1463): error opening trace file: No such file or directory (2)
11-18 03:13:08.422 I/TestRunner( 1463): started: testPersonalRatingLike(epfl.sweng.test.homework4.Ex2P2ActivityLoadTest)
11-18 03:13:08.562 I/ActivityManager(  158): START {act=android.intent.action.MAIN flg=0x10000000 cmp=epfl.sweng/.entry.MainActivity u=0} from pid 1463
11-18 03:13:08.562 W/WindowManager(  158): Failure taking screenshot for (246x410) to layer 21005
11-18 03:13:09.812 D/dalvikvm(  158): GC_CONCURRENT freed 582K, 45% free 10628K/19207K, paused 63ms+156ms, total 1197ms
11-18 03:13:09.973 I/Choreographer(  442): Skipped 139 frames!  The application may be doing too much work on its main thread.
11-18 03:13:10.163 D/gralloc_goldfish( 1463): Emulator without GPU emulation detected.
11-18 03:13:10.273 D/dalvikvm( 1463): GC_CONCURRENT freed 261K, 4% free 8143K/8455K, paused 64ms+26ms, total 220ms
11-18 03:13:10.333 I/ActivityManager(  158): Displayed epfl.sweng/.entry.MainActivity: +1s747ms
11-18 03:13:10.452 I/Choreographer(  158): Skipped 30 frames!  The application may be doing too much work on its main thread.
11-18 03:13:11.752 I/ActivityManager(  158): START {cmp=epfl.sweng/.showquestions.ShowQuestionsActivity u=0} from pid 1463
11-18 03:13:11.762 W/WindowManager(  158): Failure taking screenshot for (246x410) to layer 21010
11-18 03:13:12.113 I/QuizServer( 1463): ==== Sweng QuizQuestion Server Request ====
11-18 03:13:12.113 I/QuizServer( 1463): GET https://sweng-quiz.appspot.com/quizquestions/random HTTP/1.1
11-18 03:13:12.123 I/QuizServer( 1463): Authorization: Tequila fixture_session
11-18 03:13:12.323 I/Choreographer( 1463): Skipped 37 frames!  The application may be doing too much work on its main thread.
11-18 03:13:12.492 I/ActivityManager(  158): Displayed epfl.sweng/.showquestions.ShowQuestionsActivity: +712ms
11-18 03:13:13.323 V/HTTP    ( 1463): GET https://sweng-quiz.appspot.com/quizquestions/random HTTP/1.1
11-18 03:13:13.862 V/HTTP    ( 1463): Mocking request since it matches pattern GET (?:https?://[^/]+|[^/]+)?/quizquestions/random\b
11-18 03:13:13.862 V/HTTP    ( 1463): Response body: {"id":"1","tags":["h2g2","trivia"],"owner":"sweng","answers":["Forty-two","Twenty-seven"],"question":"What is the answer to life, the universe and everything?","solutionIndex":0}
11-18 03:13:13.882 V/HTTP    ( 1463): HTTP/1.1 200 OK
11-18 03:13:13.882 I/SERVER  ( 1463): Replied with status code 200
11-18 03:13:13.892 I/QuizServer( 1463): ==== Sweng QuizQuestion Server Response ====
11-18 03:13:13.892 I/QuizServer( 1463): 200 OK
11-18 03:13:13.892 I/QuizServer( 1463): {"id":"1","tags":["h2g2","trivia"],"owner":"sweng","answers":["Forty-two","Twenty-seven"],"question":"What is the answer to life, the universe and everything?","solutionIndex":0}
11-18 03:13:14.074 I/QuizServer( 1463): ==== Sweng QuizQuestion Server Request ====
11-18 03:13:14.153 I/QuizServer( 1463): GET https://sweng-quiz.appspot.com/quizquestions/1/ratings HTTP/1.1
11-18 03:13:14.183 I/QuizServer( 1463): Authorization: Tequila fixture_session
11-18 03:13:14.313 V/HTTP    ( 1463): GET https://sweng-quiz.appspot.com/quizquestions/1/ratings HTTP/1.1
11-18 03:13:14.903 V/HTTP    ( 1463): Mocking request since it matches pattern GET (?:https?://[^/]+|[^/]+)?/quizquestions/.*/ratings\b
11-18 03:13:14.943 V/HTTP    ( 1463): Response body: {"dislikeCount":789,"likeCount":12,"incorrectCount":987}
11-18 03:13:14.943 V/HTTP    ( 1463): HTTP/1.1 200 OK
11-18 03:13:14.954 I/SERVER  ( 1463): Replied with status code 200
11-18 03:13:14.954 I/QuizServer( 1463): ==== Sweng QuizQuestion Server Response ====
11-18 03:13:14.954 I/QuizServer( 1463): 200 OK
11-18 03:13:14.954 I/QuizServer( 1463): {"dislikeCount":789,"likeCount":12,"incorrectCount":987}
11-18 03:13:16.023 D/dalvikvm( 1463): GC_CONCURRENT freed 311K, 5% free 8267K/8647K, paused 58ms+10ms, total 217ms
11-18 03:13:23.722 D/dalvikvm( 1463): GC_CONCURRENT freed 413K, 6% free 8266K/8775K, paused 30ms+9ms, total 183ms
11-18 03:13:31.253 D/dalvikvm( 1463): GC_CONCURRENT freed 413K, 6% free 8266K/8775K, paused 29ms+9ms, total 196ms
11-18 03:13:35.393 D/dalvikvm( 1463): WAIT_FOR_CONCURRENT_GC blocked 0ms
11-18 03:13:35.552 D/dalvikvm( 1463): GC_EXPLICIT freed 254K, 7% free 8248K/8775K, paused 10ms+18ms, total 163ms
11-18 03:13:35.563 D/dalvikvm( 1463): WAIT_FOR_CONCURRENT_GC blocked 0ms
11-18 03:13:35.702 I/Choreographer( 1463): Skipped 47 frames!  The application may be doing too much work on its main thread.
11-18 03:13:35.742 D/dalvikvm( 1463): GC_EXPLICIT freed 17K, 7% free 8232K/8775K, paused 19ms+12ms, total 181ms
11-18 03:13:35.752 I/TestRunner( 1463): failed: testPersonalRatingLike(epfl.sweng.test.homework4.Ex2P2ActivityLoadTest)
11-18 03:13:35.752 I/TestRunner( 1463): ----- begin exception -----
11-18 03:13:35.782 I/TestRunner( 1463): 
11-18 03:13:35.782 I/TestRunner( 1463): junit.framework.AssertionFailedError: Could not find text You like the question
11-18 03:13:35.782 I/TestRunner( 1463): 	at junit.framework.Assert.fail(Assert.java:50)
11-18 03:13:35.782 I/TestRunner( 1463): 	at junit.framework.Assert.assertTrue(Assert.java:20)
11-18 03:13:35.782 I/TestRunner( 1463): 	at epfl.sweng.test.homework4.Ex2P2ActivityLoadTest.testPersonalRatingLike(Ex2P2ActivityLoadTest.java:87)
11-18 03:13:35.782 I/TestRunner( 1463): 	at java.lang.reflect.Method.invokeNative(Native Method)
11-18 03:13:35.782 I/TestRunner( 1463): 	at java.lang.reflect.Method.invoke(Method.java:511)
11-18 03:13:35.782 I/TestRunner( 1463): 	at android.test.InstrumentationTestCase.runMethod(InstrumentationTestCase.java:214)
11-18 03:13:35.782 I/TestRunner( 1463): 	at android.test.InstrumentationTestCase.runTest(InstrumentationTestCase.java:199)
11-18 03:13:35.782 I/TestRunner( 1463): 	at android.test.ActivityInstrumentationTestCase2.runTest(ActivityInstrumentationTestCase2.java:192)
11-18 03:13:35.782 I/TestRunner( 1463): 	at junit.framework.TestCase.runBare(TestCase.java:134)
11-18 03:13:35.782 I/TestRunner( 1463): 	at junit.framework.TestResult$1.protect(TestResult.java:115)
11-18 03:13:35.782 I/TestRunner( 1463): 	at junit.framework.TestResult.runProtected(TestResult.java:133)
11-18 03:13:35.782 I/TestRunner( 1463): 	at junit.framework.TestResult.run(TestResult.java:118)
11-18 03:13:35.782 I/TestRunner( 1463): 	at junit.framework.TestCase.run(TestCase.java:124)
11-18 03:13:35.782 I/TestRunner( 1463): 	at android.test.AndroidTestRunner.runTest(AndroidTestRunner.java:190)
11-18 03:13:35.782 I/TestRunner( 1463): 	at android.test.AndroidTestRunner.runTest(AndroidTestRunner.java:175)
11-18 03:13:35.782 I/TestRunner( 1463): 	at android.test.InstrumentationTestRunner.onStart(InstrumentationTestRunner.java:555)
11-18 03:13:35.782 I/TestRunner( 1463): 	at android.app.Instrumentation$InstrumentationThread.run(Instrumentation.java:1584)
11-18 03:13:35.782 I/TestRunner( 1463): ----- end exception -----
11-18 03:13:35.822 I/TestRunner( 1463): finished: testPersonalRatingLike(epfl.sweng.test.homework4.Ex2P2ActivityLoadTest)
11-18 03:13:35.852 I/ActivityManager(  158): Force stopping package epfl.sweng uid=10045
11-18 03:13:35.862 I/ActivityManager(  158): Killing proc 1463:epfl.sweng/u0a45: force stop
11-18 03:13:35.872 W/ActivityManager(  158): Force removing ActivityRecord{4148d218 epfl.sweng/.showquestions.ShowQuestionsActivity}: app died, no saved state
11-18 03:13:35.953 D/AndroidRuntime( 1453): Shutting down VM
11-18 03:13:36.013 D/dalvikvm( 1453): GC_CONCURRENT freed 118K, 78% free 458K/2048K, paused 2ms+2ms, total 25ms
11-18 03:13:36.033 I/AndroidRuntime( 1453): NOTE: attach of thread 'Binder_3' failed
11-18 03:13:36.073 I/WindowState(  158): WIN DEATH: Window{41648658 epfl.sweng/epfl.sweng.showquestions.ShowQuestionsActivity paused=false}
11-18 03:13:36.123 I/Choreographer(  442): Skipped 36 frames!  The application may be doing too much work on its main thread.
11-18 03:13:36.203 W/InputMethodManagerService(  158): Got RemoteException sending setActive(false) notification to pid 1463 uid 10045
11-18 03:13:37.013 D/AndroidRuntime( 1486): 
11-18 03:13:37.013 D/AndroidRuntime( 1486): >>>>>> AndroidRuntime START com.android.internal.os.RuntimeInit <<<<<<
11-18 03:13:37.013 D/AndroidRuntime( 1486): CheckJNI is ON
11-18 03:13:37.064 D/dalvikvm( 1486): Trying to load lib libjavacore.so 0x0
11-18 03:13:37.083 D/dalvikvm( 1486): Added shared lib libjavacore.so 0x0
11-18 03:13:37.123 D/dalvikvm( 1486): Trying to load lib libnativehelper.so 0x0
11-18 03:13:37.123 D/dalvikvm( 1486): Added shared lib libnativehelper.so 0x0
11-18 03:13:38.083 D/AndroidRuntime( 1486): Calling main entry com.android.commands.am.Am
11-18 03:13:38.124 I/ActivityManager(  158): Force stopping package epfl.sweng uid=10045
11-18 03:13:38.153 D/dalvikvm( 1496): Not late-enabling CheckJNI (already on)
11-18 03:13:38.173 I/ActivityManager(  158): Start proc epfl.sweng for added application epfl.sweng: pid=1496 uid=10045 gids={3003, 1028}
11-18 03:13:38.283 E/Trace   ( 1496): error opening trace file: No such file or directory (2)
11-18 03:13:38.442 I/TestRunner( 1496): started: testPersonalRatingNotRated(epfl.sweng.test.homework4.Ex2P2ActivityLoadTest)
11-18 03:13:38.572 I/ActivityManager(  158): START {act=android.intent.action.MAIN flg=0x10000000 cmp=epfl.sweng/.entry.MainActivity u=0} from pid 1496
11-18 03:13:38.582 W/WindowManager(  158): Failure taking screenshot for (246x410) to layer 21005
11-18 03:13:39.552 I/Choreographer(  442): Skipped 83 frames!  The application may be doing too much work on its main thread.
11-18 03:13:39.873 I/Choreographer( 1496): Skipped 38 frames!  The application may be doing too much work on its main thread.
11-18 03:13:39.892 D/gralloc_goldfish( 1496): Emulator without GPU emulation detected.
11-18 03:13:39.953 D/dalvikvm( 1496): GC_CONCURRENT freed 265K, 5% free 8143K/8519K, paused 23ms+21ms, total 183ms
11-18 03:13:40.033 I/ActivityManager(  158): Displayed epfl.sweng/.entry.MainActivity: +1s439ms
11-18 03:13:40.193 I/Choreographer(  158): Skipped 35 frames!  The application may be doing too much work on its main thread.
11-18 03:13:41.452 I/ActivityManager(  158): START {cmp=epfl.sweng/.showquestions.ShowQuestionsActivity u=0} from pid 1496
11-18 03:13:41.452 W/WindowManager(  158): Failure taking screenshot for (246x410) to layer 21010
11-18 03:13:41.843 I/QuizServer( 1496): ==== Sweng QuizQuestion Server Request ====
11-18 03:13:41.843 I/QuizServer( 1496): GET https://sweng-quiz.appspot.com/quizquestions/random HTTP/1.1
11-18 03:13:41.852 I/QuizServer( 1496): Authorization: Tequila fixture_session
11-18 03:13:42.083 I/Choreographer( 1496): Skipped 43 frames!  The application may be doing too much work on its main thread.
11-18 03:13:42.263 I/ActivityManager(  158): Displayed epfl.sweng/.showquestions.ShowQuestionsActivity: +777ms
11-18 03:13:42.452 I/Choreographer( 1496): Skipped 38 frames!  The application may be doing too much work on its main thread.
11-18 03:13:43.143 V/HTTP    ( 1496): GET https://sweng-quiz.appspot.com/quizquestions/random HTTP/1.1
11-18 03:13:43.702 V/HTTP    ( 1496): Mocking request since it matches pattern GET (?:https?://[^/]+|[^/]+)?/quizquestions/random\b
11-18 03:13:43.702 V/HTTP    ( 1496): Response body: {"id":"1","tags":["h2g2","trivia"],"owner":"sweng","answers":["Forty-two","Twenty-seven"],"question":"What is the answer to life, the universe and everything?","solutionIndex":0}
11-18 03:13:43.702 V/HTTP    ( 1496): HTTP/1.1 200 OK
11-18 03:13:43.712 I/SERVER  ( 1496): Replied with status code 200
11-18 03:13:43.722 I/QuizServer( 1496): ==== Sweng QuizQuestion Server Response ====
11-18 03:13:43.732 I/QuizServer( 1496): 200 OK
11-18 03:13:43.742 I/QuizServer( 1496): {"id":"1","tags":["h2g2","trivia"],"owner":"sweng","answers":["Forty-two","Twenty-seven"],"question":"What is the answer to life, the universe and everything?","solutionIndex":0}
11-18 03:13:43.925 I/QuizServer( 1496): ==== Sweng QuizQuestion Server Request ====
11-18 03:13:43.973 I/QuizServer( 1496): GET https://sweng-quiz.appspot.com/quizquestions/1/ratings HTTP/1.1
11-18 03:13:44.103 I/QuizServer( 1496): Authorization: Tequila fixture_session
11-18 03:13:44.143 V/HTTP    ( 1496): GET https://sweng-quiz.appspot.com/quizquestions/1/ratings HTTP/1.1
11-18 03:13:44.672 V/HTTP    ( 1496): Mocking request since it matches pattern GET (?:https?://[^/]+|[^/]+)?/quizquestions/.*/ratings\b
11-18 03:13:44.672 V/HTTP    ( 1496): Response body: {"dislikeCount":789,"likeCount":12,"incorrectCount":987}
11-18 03:13:44.682 V/HTTP    ( 1496): HTTP/1.1 200 OK
11-18 03:13:44.682 I/SERVER  ( 1496): Replied with status code 200
11-18 03:13:44.682 I/QuizServer( 1496): ==== Sweng QuizQuestion Server Response ====
11-18 03:13:44.682 I/QuizServer( 1496): 200 OK
11-18 03:13:44.692 I/QuizServer( 1496): {"dislikeCount":789,"likeCount":12,"incorrectCount":987}
11-18 03:13:45.842 D/dalvikvm( 1496): GC_CONCURRENT freed 285K, 5% free 8262K/8647K, paused 21ms+12ms, total 206ms
11-18 03:13:45.842 D/dalvikvm( 1496): WAIT_FOR_CONCURRENT_GC blocked 110ms
11-18 03:13:45.973 D/dalvikvm( 1496): GC_EXPLICIT freed 25K, 5% free 8238K/8647K, paused 30ms+11ms, total 132ms
11-18 03:13:45.983 D/dalvikvm( 1496): WAIT_FOR_CONCURRENT_GC blocked 0ms
11-18 03:13:46.083 D/dalvikvm( 1496): GC_EXPLICIT freed 16K, 5% free 8221K/8647K, paused 17ms+9ms, total 103ms
11-18 03:13:46.093 I/TestRunner( 1496): finished: testPersonalRatingNotRated(epfl.sweng.test.homework4.Ex2P2ActivityLoadTest)
11-18 03:13:46.093 I/TestRunner( 1496): passed: testPersonalRatingNotRated(epfl.sweng.test.homework4.Ex2P2ActivityLoadTest)
11-18 03:13:46.143 I/ActivityManager(  158): Force stopping package epfl.sweng uid=10045
11-18 03:13:46.143 I/ActivityManager(  158): Killing proc 1496:epfl.sweng/u0a45: force stop
11-18 03:13:46.143 W/ActivityManager(  158): Force removing ActivityRecord{41640168 epfl.sweng/.showquestions.ShowQuestionsActivity}: app died, no saved state
11-18 03:13:46.173 D/AndroidRuntime( 1486): Shutting down VM
11-18 03:13:46.233 D/dalvikvm( 1486): GC_CONCURRENT freed 109K, 78% free 458K/2048K, paused 2ms+3ms, total 26ms
11-18 03:13:46.283 I/WindowState(  158): WIN DEATH: Window{418a5058 epfl.sweng/epfl.sweng.showquestions.ShowQuestionsActivity paused=false}
11-18 03:13:46.302 I/AndroidRuntime( 1486): NOTE: attach of thread 'Binder_3' failed
11-18 03:13:46.502 W/InputMethodManagerService(  158): Got RemoteException sending setActive(false) notification to pid 1496 uid 10045
11-18 03:13:47.273 D/AndroidRuntime( 1519): 
11-18 03:13:47.273 D/AndroidRuntime( 1519): >>>>>> AndroidRuntime START com.android.internal.os.RuntimeInit <<<<<<
11-18 03:13:47.273 D/AndroidRuntime( 1519): CheckJNI is ON
11-18 03:13:47.333 D/dalvikvm( 1519): Trying to load lib libjavacore.so 0x0
11-18 03:13:47.342 D/dalvikvm( 1519): Added shared lib libjavacore.so 0x0
11-18 03:13:47.382 D/dalvikvm( 1519): Trying to load lib libnativehelper.so 0x0
11-18 03:13:47.382 D/dalvikvm( 1519): Added shared lib libnativehelper.so 0x0
11-18 03:13:48.383 D/AndroidRuntime( 1519): Calling main entry com.android.commands.am.Am
11-18 03:13:48.432 I/ActivityManager(  158): Force stopping package epfl.sweng uid=10045
11-18 03:13:48.462 D/dalvikvm( 1529): Not late-enabling CheckJNI (already on)
11-18 03:13:48.492 I/ActivityManager(  158): Start proc epfl.sweng for added application epfl.sweng: pid=1529 uid=10045 gids={3003, 1028}
11-18 03:13:48.602 E/Trace   ( 1529): error opening trace file: No such file or directory (2)
11-18 03:13:48.782 I/TestRunner( 1529): started: testPersonalRatingsServerQuery(epfl.sweng.test.homework4.Ex2P2ActivityLoadTest)
11-18 03:13:48.923 I/ActivityManager(  158): START {act=android.intent.action.MAIN flg=0x10000000 cmp=epfl.sweng/.entry.MainActivity u=0} from pid 1529
11-18 03:13:48.923 W/WindowManager(  158): Failure taking screenshot for (246x410) to layer 21005
11-18 03:13:49.893 I/Choreographer(  442): Skipped 30 frames!  The application may be doing too much work on its main thread.
11-18 03:13:50.013 D/dalvikvm(  158): WAIT_FOR_CONCURRENT_GC blocked 0ms
11-18 03:13:50.253 D/dalvikvm(  158): GC_EXPLICIT freed 410K, 46% free 10504K/19207K, paused 17ms+22ms, total 235ms
11-18 03:13:50.632 I/Choreographer( 1529): Skipped 37 frames!  The application may be doing too much work on its main thread.
11-18 03:13:50.652 D/gralloc_goldfish( 1529): Emulator without GPU emulation detected.
11-18 03:13:50.662 D/dalvikvm( 1529): GC_CONCURRENT freed 270K, 5% free 8144K/8519K, paused 51ms+36ms, total 320ms
11-18 03:13:50.783 I/ActivityManager(  158): Displayed epfl.sweng/.entry.MainActivity: +1s838ms
11-18 03:13:50.953 I/Choreographer(  158): Skipped 40 frames!  The application may be doing too much work on its main thread.
11-18 03:13:52.183 I/ActivityManager(  158): START {cmp=epfl.sweng/.showquestions.ShowQuestionsActivity u=0} from pid 1529
11-18 03:13:52.193 W/WindowManager(  158): Failure taking screenshot for (246x410) to layer 21010
11-18 03:13:52.552 I/QuizServer( 1529): ==== Sweng QuizQuestion Server Request ====
11-18 03:13:52.552 I/QuizServer( 1529): GET https://sweng-quiz.appspot.com/quizquestions/random HTTP/1.1
11-18 03:13:52.552 I/QuizServer( 1529): Authorization: Tequila fixture_session
11-18 03:13:52.762 I/Choreographer( 1529): Skipped 38 frames!  The application may be doing too much work on its main thread.
11-18 03:13:52.933 I/ActivityManager(  158): Displayed epfl.sweng/.showquestions.ShowQuestionsActivity: +717ms
11-18 03:13:53.732 V/HTTP    ( 1529): GET https://sweng-quiz.appspot.com/quizquestions/random HTTP/1.1
11-18 03:13:54.283 V/HTTP    ( 1529): Mocking request since it matches pattern GET (?:https?://[^/]+|[^/]+)?/quizquestions/random\b
11-18 03:13:54.283 V/HTTP    ( 1529): Response body: {"id":"1","tags":["h2g2","trivia"],"owner":"sweng","answers":["Forty-two","Twenty-seven"],"question":"What is the answer to life, the universe and everything?","solutionIndex":0}
11-18 03:13:54.293 V/HTTP    ( 1529): HTTP/1.1 200 OK
11-18 03:13:54.293 I/SERVER  ( 1529): Replied with status code 200
11-18 03:13:54.293 I/QuizServer( 1529): ==== Sweng QuizQuestion Server Response ====
11-18 03:13:54.293 I/QuizServer( 1529): 200 OK
11-18 03:13:54.293 I/QuizServer( 1529): {"id":"1","tags":["h2g2","trivia"],"owner":"sweng","answers":["Forty-two","Twenty-seven"],"question":"What is the answer to life, the universe and everything?","solutionIndex":0}
11-18 03:13:54.402 I/QuizServer( 1529): ==== Sweng QuizQuestion Server Request ====
11-18 03:13:54.472 I/QuizServer( 1529): GET https://sweng-quiz.appspot.com/quizquestions/1/ratings HTTP/1.1
11-18 03:13:54.502 I/QuizServer( 1529): Authorization: Tequila fixture_session
11-18 03:13:54.552 V/HTTP    ( 1529): GET https://sweng-quiz.appspot.com/quizquestions/1/ratings HTTP/1.1
11-18 03:13:55.173 E/POLL    ( 1529): At: 1353204835178
11-18 03:13:55.193 V/HTTP    ( 1529): Mocking request since it matches pattern GET (?:https?://[^/]+|[^/]+)?/quizquestions/.*/ratings\b
11-18 03:13:55.193 V/HTTP    ( 1529): Response body: {"dislikeCount":789,"likeCount":12,"incorrectCount":987}
11-18 03:13:55.193 V/HTTP    ( 1529): HTTP/1.1 200 OK
11-18 03:13:55.193 I/SERVER  ( 1529): Replied with status code 200
11-18 03:13:55.203 I/QuizServer( 1529): ==== Sweng QuizQuestion Server Response ====
11-18 03:13:55.203 I/QuizServer( 1529): 200 OK
11-18 03:13:55.203 I/QuizServer( 1529): {"dislikeCount":789,"likeCount":12,"incorrectCount":987}
11-18 03:13:55.692 E/POLL    ( 1529): At: 1353204835693
11-18 03:13:56.204 E/POLL    ( 1529): At: 1353204836204
11-18 03:13:56.702 E/POLL    ( 1529): At: 1353204836710
11-18 03:13:57.214 E/POLL    ( 1529): At: 1353204837214
11-18 03:13:57.722 E/POLL    ( 1529): At: 1353204837723
11-18 03:13:58.226 E/POLL    ( 1529): At: 1353204838226
11-18 03:13:58.462 D/dalvikvm( 1529): GC_CONCURRENT freed 272K, 5% free 8262K/8647K, paused 31ms+9ms, total 103ms
