11-18 03:07:28.352 V/Jenkins (  654): Creating snapshot... 
11-18 03:07:53.303 D/AndroidRuntime(  667): 
11-18 03:07:53.303 D/AndroidRuntime(  667): >>>>>> AndroidRuntime START com.android.internal.os.RuntimeInit <<<<<<
11-18 03:07:53.303 D/AndroidRuntime(  667): CheckJNI is ON
11-18 03:07:53.393 D/dalvikvm(  667): Trying to load lib libjavacore.so 0x0
11-18 03:07:53.413 D/dalvikvm(  667): Added shared lib libjavacore.so 0x0
11-18 03:07:53.463 D/dalvikvm(  667): Trying to load lib libnativehelper.so 0x0
11-18 03:07:53.463 D/dalvikvm(  667): Added shared lib libnativehelper.so 0x0
11-18 03:07:54.533 D/AndroidRuntime(  667): Calling main entry com.android.commands.pm.Pm
11-18 03:07:54.662 D/dalvikvm(   37): WAIT_FOR_CONCURRENT_GC blocked 0ms
11-18 03:07:54.682 I/ActivityManager(  158): Start proc com.android.defcontainer for service com.android.defcontainer/.DefaultContainerService: pid=677 uid=10029 gids={1015, 2001, 1028}
11-18 03:07:54.852 D/dalvikvm(   37): GC_EXPLICIT freed 37K, 4% free 7963K/8259K, paused 9ms+19ms, total 185ms
11-18 03:07:54.862 D/dalvikvm(   37): WAIT_FOR_CONCURRENT_GC blocked 0ms
11-18 03:07:55.022 E/Trace   (  677): error opening trace file: No such file or directory (2)
11-18 03:07:55.052 D/dalvikvm(   37): GC_EXPLICIT freed <1K, 4% free 7963K/8259K, paused 18ms+7ms, total 184ms
11-18 03:07:55.052 D/dalvikvm(   37): WAIT_FOR_CONCURRENT_GC blocked 0ms
11-18 03:07:55.222 D/dalvikvm(   37): GC_EXPLICIT freed <1K, 4% free 7963K/8259K, paused 17ms+15ms, total 169ms
11-18 03:07:55.353 W/ActivityManager(  158): No content provider found for permission revoke: file:///data/local/tmp/Sweng2012QuizAppTest-debug.apk
11-18 03:07:55.403 W/ActivityManager(  158): No content provider found for permission revoke: file:///data/local/tmp/Sweng2012QuizAppTest-debug.apk
11-18 03:07:55.684 D/dalvikvm(  158): GC_CONCURRENT freed 475K, 47% free 10332K/19207K, paused 32ms+49ms, total 242ms
11-18 03:07:56.082 I/PackageManager(  158): Running dexopt on: epfl.sweng.test
11-18 03:07:56.313 D/dalvikvm(  691): DexOpt: 'Landroid/annotation/SuppressLint;' has an earlier definition; blocking out
11-18 03:07:56.313 D/dalvikvm(  691): DexOpt: 'Landroid/annotation/TargetApi;' has an earlier definition; blocking out
11-18 03:07:56.343 D/dalvikvm(  691): DexOpt: not verifying/optimizing 'Landroid/annotation/SuppressLint;': multiple definitions
11-18 03:07:56.343 D/dalvikvm(  691): DexOpt: not verifying/optimizing 'Landroid/annotation/TargetApi;': multiple definitions
11-18 03:07:56.822 D/dalvikvm(  691): DexOpt: load 68ms, verify+opt 479ms, 524628 bytes
11-18 03:07:56.852 I/ActivityManager(  158): Force stopping package epfl.sweng.test uid=10044
11-18 03:07:57.072 D/PackageManager(  158): New package installed in /data/app/epfl.sweng.test-1.apk
11-18 03:07:57.483 D/dalvikvm(  158): GC_CONCURRENT freed 472K, 47% free 10360K/19207K, paused 42ms+30ms, total 199ms
11-18 03:07:57.672 D/PackageManager(  158): generateServicesMap(android.accounts.AccountAuthenticator): 2 services unchanged
11-18 03:07:57.693 I/InputReader(  158): Reconfiguring input devices.  changes=0x00000010
11-18 03:07:57.733 D/PackageManager(  158): generateServicesMap(android.content.SyncAdapter): 4 services unchanged
11-18 03:07:57.742 D/BackupManagerService(  158): Received broadcast Intent { act=android.intent.action.PACKAGE_ADDED dat=package:epfl.sweng.test flg=0x8000010 (has extras) }
11-18 03:07:57.922 V/BackupManagerService(  158): addPackageParticipantsLocked: #1
11-18 03:07:58.072 I/ActivityManager(  158): Start proc com.svox.pico for broadcast com.svox.pico/.VoiceDataInstallerReceiver: pid=692 uid=10015 gids={1015, 1028}
11-18 03:07:58.233 E/Trace   (  692): error opening trace file: No such file or directory (2)
11-18 03:07:58.313 I/ActivityThread(  692): Pub com.svox.pico.providers.SettingsProvider: com.svox.pico.providers.SettingsProvider
11-18 03:07:58.343 D/dalvikvm(  158): WAIT_FOR_CONCURRENT_GC blocked 0ms
11-18 03:07:58.443 W/InputMethodManagerService(  158): Found no subtypes in a system IME: com.android.inputmethod.pinyin
11-18 03:07:58.453 I/AccountTypeManager(  470): Loaded meta-data for 1 account types, 0 accounts in 463ms(wall) 13ms(cpu)
11-18 03:07:58.513 D/dalvikvm(  470): GC_CONCURRENT freed 199K, 3% free 8205K/8455K, paused 37ms+7ms, total 166ms
11-18 03:07:58.722 W/RecognitionManagerService(  158): no available voice recognition services found
11-18 03:07:58.992 D/dalvikvm(  158): GC_EXPLICIT freed 445K, 47% free 10325K/19207K, paused 121ms+52ms, total 647ms
11-18 03:07:59.032 D/AndroidRuntime(  667): Shutting down VM
11-18 03:07:59.072 D/dalvikvm(  667): GC_CONCURRENT freed 97K, 78% free 452K/2048K, paused 2ms+8ms, total 29ms
11-18 03:07:59.102 I/AndroidRuntime(  667): NOTE: attach of thread 'Binder_3' failed
11-18 03:08:00.952 D/dalvikvm(  363): GC_CONCURRENT freed 404K, 6% free 8455K/8967K, paused 72ms+63ms, total 393ms
11-18 03:08:01.353 D/AndroidRuntime(  712): 
11-18 03:08:01.353 D/AndroidRuntime(  712): >>>>>> AndroidRuntime START com.android.internal.os.RuntimeInit <<<<<<
11-18 03:08:01.353 D/AndroidRuntime(  712): CheckJNI is ON
11-18 03:08:01.413 D/dalvikvm(  712): Trying to load lib libjavacore.so 0x0
11-18 03:08:01.423 D/dalvikvm(  712): Added shared lib libjavacore.so 0x0
11-18 03:08:01.463 D/dalvikvm(  712): Trying to load lib libnativehelper.so 0x0
11-18 03:08:01.463 D/dalvikvm(  712): Added shared lib libnativehelper.so 0x0
11-18 03:08:02.473 D/AndroidRuntime(  712): Calling main entry com.android.commands.pm.Pm
11-18 03:08:02.673 W/ActivityManager(  158): No content provider found for permission revoke: file:///data/local/tmp/ShowQuestionsActivity-debug.apk
11-18 03:08:02.722 W/ActivityManager(  158): No content provider found for permission revoke: file:///data/local/tmp/ShowQuestionsActivity-debug.apk
11-18 03:08:03.112 I/PackageManager(  158): Running dexopt on: epfl.sweng
11-18 03:08:03.463 D/dalvikvm(  725): DexOpt: 'Landroid/annotation/SuppressLint;' has an earlier definition; blocking out
11-18 03:08:03.463 D/dalvikvm(  725): DexOpt: 'Landroid/annotation/TargetApi;' has an earlier definition; blocking out
11-18 03:08:03.642 D/dalvikvm(  725): DexOpt: not verifying/optimizing 'Landroid/annotation/SuppressLint;': multiple definitions
11-18 03:08:03.642 D/dalvikvm(  725): DexOpt: not verifying/optimizing 'Landroid/annotation/TargetApi;': multiple definitions
11-18 03:08:04.443 D/dalvikvm(  725): DexOpt: load 213ms, verify+opt 799ms, 816804 bytes
11-18 03:08:04.473 I/ActivityManager(  158): Force stopping package epfl.sweng uid=10045
11-18 03:08:04.732 D/dalvikvm(  158): GC_CONCURRENT freed 418K, 46% free 10387K/19207K, paused 27ms+39ms, total 213ms
11-18 03:08:04.892 D/PackageManager(  158): New package installed in /data/app/epfl.sweng-1.apk
11-18 03:08:05.303 D/PackageManager(  158): generateServicesMap(android.accounts.AccountAuthenticator): 2 services unchanged
11-18 03:08:05.373 I/InputReader(  158): Reconfiguring input devices.  changes=0x00000010
11-18 03:08:05.394 D/PackageManager(  158): generateServicesMap(android.content.SyncAdapter): 4 services unchanged
11-18 03:08:05.394 D/BackupManagerService(  158): Received broadcast Intent { act=android.intent.action.PACKAGE_ADDED dat=package:epfl.sweng flg=0x8000010 (has extras) }
11-18 03:08:05.553 V/BackupManagerService(  158): addPackageParticipantsLocked: #1
11-18 03:08:05.872 D/dalvikvm(  158): GC_CONCURRENT freed 635K, 47% free 10313K/19207K, paused 108ms+30ms, total 306ms
11-18 03:08:05.882 D/dalvikvm(  158): WAIT_FOR_CONCURRENT_GC blocked 0ms
11-18 03:08:05.912 W/InputMethodManagerService(  158): Found no subtypes in a system IME: com.android.inputmethod.pinyin
11-18 03:08:05.932 I/AccountTypeManager(  470): Loaded meta-data for 1 account types, 0 accounts in 360ms(wall) 9ms(cpu)
11-18 03:08:06.102 W/RecognitionManagerService(  158): no available voice recognition services found
11-18 03:08:06.353 D/dalvikvm(  158): GC_EXPLICIT freed 70K, 47% free 10315K/19207K, paused 51ms+57ms, total 470ms
11-18 03:08:06.353 D/AndroidRuntime(  712): Shutting down VM
11-18 03:08:06.384 I/AndroidRuntime(  712): NOTE: attach of thread 'Binder_4' failed
11-18 03:08:06.393 D/dalvikvm(  712): GC_CONCURRENT freed 98K, 78% free 452K/2048K, paused 2ms+5ms, total 29ms
11-18 03:08:07.742 D/AndroidRuntime(  732): 
11-18 03:08:07.742 D/AndroidRuntime(  732): >>>>>> AndroidRuntime START com.android.internal.os.RuntimeInit <<<<<<
11-18 03:08:07.742 D/AndroidRuntime(  732): CheckJNI is ON
11-18 03:08:07.794 D/dalvikvm(  732): Trying to load lib libjavacore.so 0x0
11-18 03:08:07.812 D/dalvikvm(  732): Added shared lib libjavacore.so 0x0
11-18 03:08:07.852 D/dalvikvm(  732): Trying to load lib libnativehelper.so 0x0
11-18 03:08:07.852 D/dalvikvm(  732): Added shared lib libnativehelper.so 0x0
11-18 03:08:08.812 D/AndroidRuntime(  732): Calling main entry com.android.commands.am.Am
11-18 03:08:08.852 I/ActivityManager(  158): Force stopping package epfl.sweng uid=10045
11-18 03:08:08.902 D/dalvikvm(  742): Not late-enabling CheckJNI (already on)
11-18 03:08:08.923 I/ActivityManager(  158): Start proc epfl.sweng for added application epfl.sweng: pid=742 uid=10045 gids={3003, 1028}
11-18 03:08:09.042 E/Trace   (  742): error opening trace file: No such file or directory (2)
11-18 03:08:09.463 D/dalvikvm(  742): GC_CONCURRENT freed 374K, 5% free 8094K/8519K, paused 44ms+8ms, total 139ms
11-18 03:08:09.463 D/dalvikvm(  742): WAIT_FOR_CONCURRENT_GC blocked 46ms
11-18 03:08:09.822 D/dalvikvm(  742): GC_CONCURRENT freed 507K, 7% free 8145K/8711K, paused 33ms+37ms, total 145ms
11-18 03:08:10.132 D/dalvikvm(  742): GC_CONCURRENT freed 590K, 8% free 8066K/8711K, paused 45ms+7ms, total 139ms
11-18 03:08:10.132 D/dalvikvm(  742): WAIT_FOR_CONCURRENT_GC blocked 26ms
11-18 03:08:10.423 D/dalvikvm(  742): GC_CONCURRENT freed 433K, 7% free 8135K/8711K, paused 31ms+37ms, total 142ms
11-18 03:08:10.563 I/TestGrouping(  742): TestCase class epfl.sweng.test.mock.SwengActivityInstrumentationTestCase is missing a public constructor with no parameters or a single String parameter - skipping
11-18 03:08:10.752 I/TestRunner(  742): started: testDislikeButtonPresence(epfl.sweng.test.homework4.Ex2P1GuiButtonTest)
11-18 03:08:10.772 I/TestRunner(  742): finished: testDislikeButtonPresence(epfl.sweng.test.homework4.Ex2P1GuiButtonTest)
11-18 03:08:10.772 I/TestRunner(  742): passed: testDislikeButtonPresence(epfl.sweng.test.homework4.Ex2P1GuiButtonTest)
11-18 03:08:10.792 I/TestRunner(  742): started: testDislikeButtonWithNumberOfRatingsPresence(epfl.sweng.test.homework4.Ex2P1GuiButtonTest)
11-18 03:08:10.812 I/TestRunner(  742): finished: testDislikeButtonWithNumberOfRatingsPresence(epfl.sweng.test.homework4.Ex2P1GuiButtonTest)
11-18 03:08:10.822 I/TestRunner(  742): passed: testDislikeButtonWithNumberOfRatingsPresence(epfl.sweng.test.homework4.Ex2P1GuiButtonTest)
11-18 03:08:10.832 I/TestRunner(  742): started: testIncorrectButtonPresence(epfl.sweng.test.homework4.Ex2P1GuiButtonTest)
11-18 03:08:10.832 I/TestRunner(  742): finished: testIncorrectButtonPresence(epfl.sweng.test.homework4.Ex2P1GuiButtonTest)
11-18 03:08:10.842 I/TestRunner(  742): passed: testIncorrectButtonPresence(epfl.sweng.test.homework4.Ex2P1GuiButtonTest)
11-18 03:08:10.842 I/TestRunner(  742): started: testIncorrectButtonWithNumberOfRatingsPresence(epfl.sweng.test.homework4.Ex2P1GuiButtonTest)
11-18 03:08:10.852 I/TestRunner(  742): finished: testIncorrectButtonWithNumberOfRatingsPresence(epfl.sweng.test.homework4.Ex2P1GuiButtonTest)
11-18 03:08:10.852 I/TestRunner(  742): passed: testIncorrectButtonWithNumberOfRatingsPresence(epfl.sweng.test.homework4.Ex2P1GuiButtonTest)
11-18 03:08:10.852 I/TestRunner(  742): started: testLikeButtonPresence(epfl.sweng.test.homework4.Ex2P1GuiButtonTest)
11-18 03:08:10.922 I/TestRunner(  742): finished: testLikeButtonPresence(epfl.sweng.test.homework4.Ex2P1GuiButtonTest)
11-18 03:08:10.922 I/TestRunner(  742): passed: testLikeButtonPresence(epfl.sweng.test.homework4.Ex2P1GuiButtonTest)
11-18 03:08:10.922 I/TestRunner(  742): started: testLikeButtonWithNumberOfRatingsPresence(epfl.sweng.test.homework4.Ex2P1GuiButtonTest)
11-18 03:08:10.932 I/TestRunner(  742): finished: testLikeButtonWithNumberOfRatingsPresence(epfl.sweng.test.homework4.Ex2P1GuiButtonTest)
11-18 03:08:10.932 I/TestRunner(  742): passed: testLikeButtonWithNumberOfRatingsPresence(epfl.sweng.test.homework4.Ex2P1GuiButtonTest)
11-18 03:08:10.932 I/TestRunner(  742): started: testPresenceOfSomeUserRating(epfl.sweng.test.homework4.Ex2P1GuiButtonTest)
11-18 03:08:10.942 I/TestRunner(  742): finished: testPresenceOfSomeUserRating(epfl.sweng.test.homework4.Ex2P1GuiButtonTest)
11-18 03:08:10.952 I/TestRunner(  742): passed: testPresenceOfSomeUserRating(epfl.sweng.test.homework4.Ex2P1GuiButtonTest)
11-18 03:08:10.952 I/TestRunner(  742): started: testAggregatedRatingsServerQuery(epfl.sweng.test.homework4.Ex2P2ActivityLoadTest)
11-18 03:08:10.992 I/TestRunner(  742): finished: testAggregatedRatingsServerQuery(epfl.sweng.test.homework4.Ex2P2ActivityLoadTest)
11-18 03:08:10.992 I/TestRunner(  742): passed: testAggregatedRatingsServerQuery(epfl.sweng.test.homework4.Ex2P2ActivityLoadTest)
11-18 03:08:11.002 I/TestRunner(  742): started: testBrokenAllRatingsIncorrectContentType(epfl.sweng.test.homework4.Ex2P2ActivityLoadTest)
11-18 03:08:11.002 I/TestRunner(  742): finished: testBrokenAllRatingsIncorrectContentType(epfl.sweng.test.homework4.Ex2P2ActivityLoadTest)
11-18 03:08:11.002 I/TestRunner(  742): passed: testBrokenAllRatingsIncorrectContentType(epfl.sweng.test.homework4.Ex2P2ActivityLoadTest)
11-18 03:08:11.002 I/TestRunner(  742): started: testBrokenAllRatingsIncorrectCountInResponse(epfl.sweng.test.homework4.Ex2P2ActivityLoadTest)
11-18 03:08:11.022 I/TestRunner(  742): finished: testBrokenAllRatingsIncorrectCountInResponse(epfl.sweng.test.homework4.Ex2P2ActivityLoadTest)
11-18 03:08:11.022 I/TestRunner(  742): passed: testBrokenAllRatingsIncorrectCountInResponse(epfl.sweng.test.homework4.Ex2P2ActivityLoadTest)
11-18 03:08:11.022 I/TestRunner(  742): started: testBrokenAllRatingsNegativeLikeCount(epfl.sweng.test.homework4.Ex2P2ActivityLoadTest)
11-18 03:08:11.042 D/dalvikvm(  742): GC_CONCURRENT freed 494K, 7% free 8142K/8711K, paused 44ms+98ms, total 403ms
11-18 03:08:11.052 I/TestRunner(  742): finished: testBrokenAllRatingsNegativeLikeCount(epfl.sweng.test.homework4.Ex2P2ActivityLoadTest)
11-18 03:08:11.052 I/TestRunner(  742): passed: testBrokenAllRatingsNegativeLikeCount(epfl.sweng.test.homework4.Ex2P2ActivityLoadTest)
11-18 03:08:11.052 I/TestRunner(  742): started: testBrokenPersonalRating(epfl.sweng.test.homework4.Ex2P2ActivityLoadTest)
11-18 03:08:11.062 I/TestRunner(  742): finished: testBrokenPersonalRating(epfl.sweng.test.homework4.Ex2P2ActivityLoadTest)
11-18 03:08:11.062 I/TestRunner(  742): passed: testBrokenPersonalRating(epfl.sweng.test.homework4.Ex2P2ActivityLoadTest)
11-18 03:08:11.072 I/TestRunner(  742): started: testBrokenPersonalRatingBrokenBody(epfl.sweng.test.homework4.Ex2P2ActivityLoadTest)
11-18 03:08:11.072 I/TestRunner(  742): finished: testBrokenPersonalRatingBrokenBody(epfl.sweng.test.homework4.Ex2P2ActivityLoadTest)
11-18 03:08:11.072 I/TestRunner(  742): passed: testBrokenPersonalRatingBrokenBody(epfl.sweng.test.homework4.Ex2P2ActivityLoadTest)
11-18 03:08:11.083 I/TestRunner(  742): started: testBrokenPersonalRatingQuestionNotFound(epfl.sweng.test.homework4.Ex2P2ActivityLoadTest)
11-18 03:08:11.083 I/TestRunner(  742): finished: testBrokenPersonalRatingQuestionNotFound(epfl.sweng.test.homework4.Ex2P2ActivityLoadTest)
11-18 03:08:11.092 I/TestRunner(  742): passed: testBrokenPersonalRatingQuestionNotFound(epfl.sweng.test.homework4.Ex2P2ActivityLoadTest)
11-18 03:08:11.092 I/TestRunner(  742): started: testBrokenPersonalRatingUnexpectedBody(epfl.sweng.test.homework4.Ex2P2ActivityLoadTest)
11-18 03:08:11.102 I/TestRunner(  742): finished: testBrokenPersonalRatingUnexpectedBody(epfl.sweng.test.homework4.Ex2P2ActivityLoadTest)
11-18 03:08:11.112 I/TestRunner(  742): passed: testBrokenPersonalRatingUnexpectedBody(epfl.sweng.test.homework4.Ex2P2ActivityLoadTest)
11-18 03:08:11.112 I/TestRunner(  742): started: testBrokenPersonalRatingUnexpectedErrorCode(epfl.sweng.test.homework4.Ex2P2ActivityLoadTest)
11-18 03:08:11.122 I/TestRunner(  742): finished: testBrokenPersonalRatingUnexpectedErrorCode(epfl.sweng.test.homework4.Ex2P2ActivityLoadTest)
11-18 03:08:11.122 I/TestRunner(  742): passed: testBrokenPersonalRatingUnexpectedErrorCode(epfl.sweng.test.homework4.Ex2P2ActivityLoadTest)
11-18 03:08:11.122 I/TestRunner(  742): started: testDislikeButtonWithNumberOfRatings(epfl.sweng.test.homework4.Ex2P2ActivityLoadTest)
11-18 03:08:11.142 I/TestRunner(  742): finished: testDislikeButtonWithNumberOfRatings(epfl.sweng.test.homework4.Ex2P2ActivityLoadTest)
11-18 03:08:11.142 I/TestRunner(  742): passed: testDislikeButtonWithNumberOfRatings(epfl.sweng.test.homework4.Ex2P2ActivityLoadTest)
11-18 03:08:11.142 I/TestRunner(  742): started: testIncorrectButtonWithNumberOfRatings(epfl.sweng.test.homework4.Ex2P2ActivityLoadTest)
11-18 03:08:11.162 I/TestRunner(  742): finished: testIncorrectButtonWithNumberOfRatings(epfl.sweng.test.homework4.Ex2P2ActivityLoadTest)
11-18 03:08:11.162 I/TestRunner(  742): passed: testIncorrectButtonWithNumberOfRatings(epfl.sweng.test.homework4.Ex2P2ActivityLoadTest)
11-18 03:08:11.172 I/TestRunner(  742): started: testLikeButtonWithNumberOfRatings(epfl.sweng.test.homework4.Ex2P2ActivityLoadTest)
11-18 03:08:11.172 I/TestRunner(  742): finished: testLikeButtonWithNumberOfRatings(epfl.sweng.test.homework4.Ex2P2ActivityLoadTest)
11-18 03:08:11.172 I/TestRunner(  742): passed: testLikeButtonWithNumberOfRatings(epfl.sweng.test.homework4.Ex2P2ActivityLoadTest)
11-18 03:08:11.182 I/TestRunner(  742): started: testPersonalRatingDislike(epfl.sweng.test.homework4.Ex2P2ActivityLoadTest)
11-18 03:08:11.182 I/TestRunner(  742): finished: testPersonalRatingDislike(epfl.sweng.test.homework4.Ex2P2ActivityLoadTest)
11-18 03:08:11.192 I/TestRunner(  742): passed: testPersonalRatingDislike(epfl.sweng.test.homework4.Ex2P2ActivityLoadTest)
11-18 03:08:11.192 I/TestRunner(  742): started: testPersonalRatingIncorrect(epfl.sweng.test.homework4.Ex2P2ActivityLoadTest)
11-18 03:08:11.212 I/TestRunner(  742): finished: testPersonalRatingIncorrect(epfl.sweng.test.homework4.Ex2P2ActivityLoadTest)
11-18 03:08:11.212 I/TestRunner(  742): passed: testPersonalRatingIncorrect(epfl.sweng.test.homework4.Ex2P2ActivityLoadTest)
11-18 03:08:11.233 I/TestRunner(  742): started: testPersonalRatingLike(epfl.sweng.test.homework4.Ex2P2ActivityLoadTest)
11-18 03:08:11.233 I/TestRunner(  742): finished: testPersonalRatingLike(epfl.sweng.test.homework4.Ex2P2ActivityLoadTest)
11-18 03:08:11.243 I/TestRunner(  742): passed: testPersonalRatingLike(epfl.sweng.test.homework4.Ex2P2ActivityLoadTest)
11-18 03:08:11.243 I/TestRunner(  742): started: testPersonalRatingNotRated(epfl.sweng.test.homework4.Ex2P2ActivityLoadTest)
11-18 03:08:11.253 I/TestRunner(  742): finished: testPersonalRatingNotRated(epfl.sweng.test.homework4.Ex2P2ActivityLoadTest)
11-18 03:08:11.253 I/TestRunner(  742): passed: testPersonalRatingNotRated(epfl.sweng.test.homework4.Ex2P2ActivityLoadTest)
11-18 03:08:11.263 I/TestRunner(  742): started: testPersonalRatingsServerQuery(epfl.sweng.test.homework4.Ex2P2ActivityLoadTest)
11-18 03:08:11.273 I/TestRunner(  742): finished: testPersonalRatingsServerQuery(epfl.sweng.test.homework4.Ex2P2ActivityLoadTest)
11-18 03:08:11.273 I/TestRunner(  742): passed: testPersonalRatingsServerQuery(epfl.sweng.test.homework4.Ex2P2ActivityLoadTest)
11-18 03:08:11.273 I/TestRunner(  742): started: testBrokenAggregateResponseWhenLikeButtonClicked(epfl.sweng.test.homework4.Ex2P2RatingButtonClickTest)
11-18 03:08:11.273 I/TestRunner(  742): finished: testBrokenAggregateResponseWhenLikeButtonClicked(epfl.sweng.test.homework4.Ex2P2RatingButtonClickTest)
11-18 03:08:11.283 I/TestRunner(  742): passed: testBrokenAggregateResponseWhenLikeButtonClicked(epfl.sweng.test.homework4.Ex2P2RatingButtonClickTest)
11-18 03:08:11.283 I/TestRunner(  742): started: testBrokenResponseWhenDislikeButtonClicked(epfl.sweng.test.homework4.Ex2P2RatingButtonClickTest)
11-18 03:08:11.293 I/TestRunner(  742): finished: testBrokenResponseWhenDislikeButtonClicked(epfl.sweng.test.homework4.Ex2P2RatingButtonClickTest)
11-18 03:08:11.293 I/TestRunner(  742): passed: testBrokenResponseWhenDislikeButtonClicked(epfl.sweng.test.homework4.Ex2P2RatingButtonClickTest)
11-18 03:08:11.304 I/TestRunner(  742): started: testBrokenResponseWhenIncorrectButtonClicked(epfl.sweng.test.homework4.Ex2P2RatingButtonClickTest)
11-18 03:08:11.313 I/TestRunner(  742): finished: testBrokenResponseWhenIncorrectButtonClicked(epfl.sweng.test.homework4.Ex2P2RatingButtonClickTest)
11-18 03:08:11.323 I/TestRunner(  742): passed: testBrokenResponseWhenIncorrectButtonClicked(epfl.sweng.test.homework4.Ex2P2RatingButtonClickTest)
11-18 03:08:11.323 I/TestRunner(  742): started: testBrokenResponseWhenLikeButtonClicked(epfl.sweng.test.homework4.Ex2P2RatingButtonClickTest)
11-18 03:08:11.323 I/TestRunner(  742): finished: testBrokenResponseWhenLikeButtonClicked(epfl.sweng.test.homework4.Ex2P2RatingButtonClickTest)
11-18 03:08:11.323 I/TestRunner(  742): passed: testBrokenResponseWhenLikeButtonClicked(epfl.sweng.test.homework4.Ex2P2RatingButtonClickTest)
11-18 03:08:11.333 I/TestRunner(  742): started: testNoSpuriousErrorWhenDislikeButtonClicked(epfl.sweng.test.homework4.Ex2P2RatingButtonClickTest)
11-18 03:08:11.353 I/TestRunner(  742): finished: testNoSpuriousErrorWhenDislikeButtonClicked(epfl.sweng.test.homework4.Ex2P2RatingButtonClickTest)
11-18 03:08:11.353 I/TestRunner(  742): passed: testNoSpuriousErrorWhenDislikeButtonClicked(epfl.sweng.test.homework4.Ex2P2RatingButtonClickTest)
11-18 03:08:11.353 I/TestRunner(  742): started: testNoSpuriousErrorWhenIncorrectButtonClicked(epfl.sweng.test.homework4.Ex2P2RatingButtonClickTest)
11-18 03:08:11.363 I/TestRunner(  742): finished: testNoSpuriousErrorWhenIncorrectButtonClicked(epfl.sweng.test.homework4.Ex2P2RatingButtonClickTest)
11-18 03:08:11.363 I/TestRunner(  742): passed: testNoSpuriousErrorWhenIncorrectButtonClicked(epfl.sweng.test.homework4.Ex2P2RatingButtonClickTest)
11-18 03:08:11.383 I/TestRunner(  742): started: testNoSpuriousErrorWhenLikeButtonClicked(epfl.sweng.test.homework4.Ex2P2RatingButtonClickTest)
11-18 03:08:11.383 I/TestRunner(  742): finished: testNoSpuriousErrorWhenLikeButtonClicked(epfl.sweng.test.homework4.Ex2P2RatingButtonClickTest)
11-18 03:08:11.383 I/TestRunner(  742): passed: testNoSpuriousErrorWhenLikeButtonClicked(epfl.sweng.test.homework4.Ex2P2RatingButtonClickTest)
11-18 03:08:11.403 I/TestRunner(  742): started: testRequestIsSentAndButtonUpdatedWhenDislikeButtonClicked(epfl.sweng.test.homework4.Ex2P2RatingButtonClickTest)
11-18 03:08:11.403 I/TestRunner(  742): finished: testRequestIsSentAndButtonUpdatedWhenDislikeButtonClicked(epfl.sweng.test.homework4.Ex2P2RatingButtonClickTest)
11-18 03:08:11.413 I/TestRunner(  742): passed: testRequestIsSentAndButtonUpdatedWhenDislikeButtonClicked(epfl.sweng.test.homework4.Ex2P2RatingButtonClickTest)
11-18 03:08:11.413 I/TestRunner(  742): started: testRequestIsSentAndButtonUpdatedWhenIncorrectButtonClicked(epfl.sweng.test.homework4.Ex2P2RatingButtonClickTest)
11-18 03:08:11.413 I/TestRunner(  742): finished: testRequestIsSentAndButtonUpdatedWhenIncorrectButtonClicked(epfl.sweng.test.homework4.Ex2P2RatingButtonClickTest)
11-18 03:08:11.433 I/TestRunner(  742): passed: testRequestIsSentAndButtonUpdatedWhenIncorrectButtonClicked(epfl.sweng.test.homework4.Ex2P2RatingButtonClickTest)
11-18 03:08:11.433 I/TestRunner(  742): started: testRequestIsSentAndButtonUpdatedWhenLikeButtonClicked(epfl.sweng.test.homework4.Ex2P2RatingButtonClickTest)
11-18 03:08:11.443 I/TestRunner(  742): finished: testRequestIsSentAndButtonUpdatedWhenLikeButtonClicked(epfl.sweng.test.homework4.Ex2P2RatingButtonClickTest)
11-18 03:08:11.443 I/TestRunner(  742): passed: testRequestIsSentAndButtonUpdatedWhenLikeButtonClicked(epfl.sweng.test.homework4.Ex2P2RatingButtonClickTest)
11-18 03:08:11.443 I/TestRunner(  742): started: testRequestIsSentAndMyRatingDisplayedWhenDislikeButtonClicked(epfl.sweng.test.homework4.Ex2P2RatingButtonClickTest)
11-18 03:08:11.453 I/TestRunner(  742): finished: testRequestIsSentAndMyRatingDisplayedWhenDislikeButtonClicked(epfl.sweng.test.homework4.Ex2P2RatingButtonClickTest)
11-18 03:08:11.453 I/TestRunner(  742): passed: testRequestIsSentAndMyRatingDisplayedWhenDislikeButtonClicked(epfl.sweng.test.homework4.Ex2P2RatingButtonClickTest)
11-18 03:08:11.473 I/TestRunner(  742): started: testRequestIsSentAndMyRatingDisplayedWhenIncorrectButtonClicked(epfl.sweng.test.homework4.Ex2P2RatingButtonClickTest)
11-18 03:08:11.473 I/TestRunner(  742): finished: testRequestIsSentAndMyRatingDisplayedWhenIncorrectButtonClicked(epfl.sweng.test.homework4.Ex2P2RatingButtonClickTest)
11-18 03:08:11.473 I/TestRunner(  742): passed: testRequestIsSentAndMyRatingDisplayedWhenIncorrectButtonClicked(epfl.sweng.test.homework4.Ex2P2RatingButtonClickTest)
11-18 03:08:11.483 I/TestRunner(  742): started: testRequestIsSentAndMyRatingDisplayedWhenLikeButtonClicked(epfl.sweng.test.homework4.Ex2P2RatingButtonClickTest)
11-18 03:08:11.493 I/TestRunner(  742): finished: testRequestIsSentAndMyRatingDisplayedWhenLikeButtonClicked(epfl.sweng.test.homework4.Ex2P2RatingButtonClickTest)
11-18 03:08:11.493 I/TestRunner(  742): passed: testRequestIsSentAndMyRatingDisplayedWhenLikeButtonClicked(epfl.sweng.test.homework4.Ex2P2RatingButtonClickTest)
11-18 03:08:11.493 I/TestRunner(  742): started: testRequestIsSentWhenDislikeButtonClicked(epfl.sweng.test.homework4.Ex2P2RatingButtonClickTest)
11-18 03:08:11.513 I/TestRunner(  742): finished: testRequestIsSentWhenDislikeButtonClicked(epfl.sweng.test.homework4.Ex2P2RatingButtonClickTest)
11-18 03:08:11.523 I/TestRunner(  742): passed: testRequestIsSentWhenDislikeButtonClicked(epfl.sweng.test.homework4.Ex2P2RatingButtonClickTest)
11-18 03:08:11.523 I/TestRunner(  742): started: testRequestIsSentWhenIncorrectButtonClicked(epfl.sweng.test.homework4.Ex2P2RatingButtonClickTest)
11-18 03:08:11.523 I/TestRunner(  742): finished: testRequestIsSentWhenIncorrectButtonClicked(epfl.sweng.test.homework4.Ex2P2RatingButtonClickTest)
11-18 03:08:11.523 I/TestRunner(  742): passed: testRequestIsSentWhenIncorrectButtonClicked(epfl.sweng.test.homework4.Ex2P2RatingButtonClickTest)
11-18 03:08:11.533 I/TestRunner(  742): started: testRequestIsSentWhenLikeButtonClicked(epfl.sweng.test.homework4.Ex2P2RatingButtonClickTest)
11-18 03:08:11.543 I/TestRunner(  742): finished: testRequestIsSentWhenLikeButtonClicked(epfl.sweng.test.homework4.Ex2P2RatingButtonClickTest)
11-18 03:08:11.543 I/TestRunner(  742): passed: testRequestIsSentWhenLikeButtonClicked(epfl.sweng.test.homework4.Ex2P2RatingButtonClickTest)
11-18 03:08:11.782 I/ActivityManager(  158): Force stopping package epfl.sweng uid=10045
11-18 03:08:11.792 I/ActivityManager(  158): Killing proc 742:epfl.sweng/u0a45: force stop
11-18 03:08:12.942 D/AndroidRuntime(  732): Shutting down VM
11-18 03:08:12.982 D/dalvikvm(  732): GC_CONCURRENT freed 468K, 78% free 460K/2048K, paused 2ms+2ms, total 25ms
11-18 03:08:13.732 D/AndroidRuntime(  760): 
11-18 03:08:13.732 D/AndroidRuntime(  760): >>>>>> AndroidRuntime START com.android.internal.os.RuntimeInit <<<<<<
11-18 03:08:13.732 D/AndroidRuntime(  760): CheckJNI is ON
11-18 03:08:13.792 D/dalvikvm(  760): Trying to load lib libjavacore.so 0x0
11-18 03:08:13.812 D/dalvikvm(  760): Added shared lib libjavacore.so 0x0
11-18 03:08:13.852 D/dalvikvm(  760): Trying to load lib libnativehelper.so 0x0
11-18 03:08:13.852 D/dalvikvm(  760): Added shared lib libnativehelper.so 0x0
11-18 03:08:14.892 D/AndroidRuntime(  760): Calling main entry com.android.commands.am.Am
11-18 03:08:14.942 I/ActivityManager(  158): Force stopping package epfl.sweng uid=10045
11-18 03:08:14.982 D/dalvikvm(  770): Not late-enabling CheckJNI (already on)
11-18 03:08:15.012 I/ActivityManager(  158): Start proc epfl.sweng for added application epfl.sweng: pid=770 uid=10045 gids={3003, 1028}
11-18 03:08:15.132 E/Trace   (  770): error opening trace file: No such file or directory (2)
11-18 03:08:15.304 I/TestRunner(  770): started: testDislikeButtonPresence(epfl.sweng.test.homework4.Ex2P1GuiButtonTest)
11-18 03:08:15.453 I/ActivityManager(  158): START {act=android.intent.action.MAIN flg=0x10000000 cmp=epfl.sweng/.entry.MainActivity u=0} from pid 770
11-18 03:08:15.483 D/PermissionCache(   36): checking android.permission.READ_FRAME_BUFFER for uid=1000 => granted (7848 us)
11-18 03:08:15.493 W/WindowManager(  158): Failure taking screenshot for (246x410) to layer 21005
11-18 03:08:16.682 I/ARMAssembler(   36): generated scanline__00000077:03515104_00009001_00000000 [131 ipp] (153 ins) at [0x41745710:0x41745974] in 11623663 ns
11-18 03:08:17.233 I/Choreographer(  770): Skipped 31 frames!  The application may be doing too much work on its main thread.
11-18 03:08:17.273 D/gralloc_goldfish(  770): Emulator without GPU emulation detected.
11-18 03:08:17.423 I/ActivityManager(  158): Displayed epfl.sweng/.entry.MainActivity: +1s905ms
11-18 03:08:18.932 D/dalvikvm(  770): GC_CONCURRENT freed 282K, 5% free 8156K/8519K, paused 28ms+44ms, total 306ms
11-18 03:08:19.062 I/ActivityManager(  158): START {cmp=epfl.sweng/.showquestions.ShowQuestionsActivity u=0} from pid 770
11-18 03:08:19.062 W/WindowManager(  158): Failure taking screenshot for (246x410) to layer 21010
11-18 03:08:19.513 I/QuizServer(  770): ==== Sweng QuizQuestion Server Request ====
11-18 03:08:19.513 I/QuizServer(  770): GET https://sweng-quiz.appspot.com/quizquestions/random HTTP/1.1
11-18 03:08:19.533 I/QuizServer(  770): Authorization: Tequila fixture_session
11-18 03:08:19.802 I/Choreographer(  770): Skipped 44 frames!  The application may be doing too much work on its main thread.
11-18 03:08:19.942 I/ActivityManager(  158): Displayed epfl.sweng/.showquestions.ShowQuestionsActivity: +849ms
11-18 03:08:20.852 V/HTTP    (  770): GET https://sweng-quiz.appspot.com/quizquestions/random HTTP/1.1
11-18 03:08:21.413 V/HTTP    (  770): Mocking request since it matches pattern GET (?:https?://[^/]+|[^/]+)?/quizquestions/random\b
11-18 03:08:21.413 V/HTTP    (  770): Response body: {"id":"1","tags":["h2g2","trivia"],"owner":"sweng","answers":["Forty-two","Twenty-seven"],"question":"What is the answer to life, the universe and everything?","solutionIndex":0}
11-18 03:08:21.422 V/HTTP    (  770): HTTP/1.1 200 OK
11-18 03:08:21.422 I/SERVER  (  770): Replied with status code 200
11-18 03:08:21.433 I/QuizServer(  770): ==== Sweng QuizQuestion Server Response ====
11-18 03:08:21.433 I/QuizServer(  770): 200 OK
11-18 03:08:21.433 I/QuizServer(  770): {"id":"1","tags":["h2g2","trivia"],"owner":"sweng","answers":["Forty-two","Twenty-seven"],"question":"What is the answer to life, the universe and everything?","solutionIndex":0}
11-18 03:08:21.593 I/QuizServer(  770): ==== Sweng QuizQuestion Server Request ====
11-18 03:08:21.633 I/QuizServer(  770): GET https://sweng-quiz.appspot.com/quizquestions/1/ratings HTTP/1.1
11-18 03:08:21.663 I/QuizServer(  770): Authorization: Tequila fixture_session
11-18 03:08:21.832 V/HTTP    (  770): GET https://sweng-quiz.appspot.com/quizquestions/1/ratings HTTP/1.1
11-18 03:08:22.393 D/dalvikvm(  770): WAIT_FOR_CONCURRENT_GC blocked 0ms
11-18 03:08:22.503 V/HTTP    (  770): Mocking request since it matches pattern GET (?:https?://[^/]+|[^/]+)?/quizquestions/.*/ratings\b
11-18 03:08:22.633 D/dalvikvm(  770): GC_EXPLICIT freed 196K, 4% free 8250K/8519K, paused 121ms+11ms, total 237ms
11-18 03:08:22.643 D/dalvikvm(  770): WAIT_FOR_CONCURRENT_GC blocked 0ms
11-18 03:08:22.762 D/dalvikvm(  770): GC_EXPLICIT freed 29K, 4% free 8222K/8519K, paused 12ms+12ms, total 116ms
11-18 03:08:22.762 I/TestRunner(  770): finished: testDislikeButtonPresence(epfl.sweng.test.homework4.Ex2P1GuiButtonTest)
11-18 03:08:22.762 I/TestRunner(  770): passed: testDislikeButtonPresence(epfl.sweng.test.homework4.Ex2P1GuiButtonTest)
11-18 03:08:22.814 I/ActivityManager(  158): Force stopping package epfl.sweng uid=10045
11-18 03:08:22.814 I/ActivityManager(  158): Killing proc 770:epfl.sweng/u0a45: force stop
11-18 03:08:22.832 W/ActivityManager(  158): Force removing ActivityRecord{418bb9e0 epfl.sweng/.showquestions.ShowQuestionsActivity}: app died, no saved state
11-18 03:08:22.862 D/AndroidRuntime(  760): Shutting down VM
11-18 03:08:22.942 I/AndroidRuntime(  760): NOTE: attach of thread 'Binder_3' failed
11-18 03:08:22.952 D/dalvikvm(  760): GC_CONCURRENT freed 109K, 78% free 458K/2048K, paused 2ms+5ms, total 33ms
11-18 03:08:23.832 I/WindowState(  158): WIN DEATH: Window{418b51c8 epfl.sweng/epfl.sweng.showquestions.ShowQuestionsActivity paused=false}
11-18 03:08:24.152 D/AndroidRuntime(  793): 
11-18 03:08:24.152 D/AndroidRuntime(  793): >>>>>> AndroidRuntime START com.android.internal.os.RuntimeInit <<<<<<
11-18 03:08:24.162 D/AndroidRuntime(  793): CheckJNI is ON
11-18 03:08:24.223 D/dalvikvm(  793): Trying to load lib libjavacore.so 0x0
11-18 03:08:24.253 D/dalvikvm(  793): Added shared lib libjavacore.so 0x0
11-18 03:08:24.304 D/dalvikvm(  793): Trying to load lib libnativehelper.so 0x0
11-18 03:08:24.304 D/dalvikvm(  793): Added shared lib libnativehelper.so 0x0
11-18 03:08:25.403 D/AndroidRuntime(  793): Calling main entry com.android.commands.am.Am
11-18 03:08:25.453 I/ActivityManager(  158): Force stopping package epfl.sweng uid=10045
11-18 03:08:25.493 D/dalvikvm(  803): Not late-enabling CheckJNI (already on)
11-18 03:08:25.524 I/ActivityManager(  158): Start proc epfl.sweng for added application epfl.sweng: pid=803 uid=10045 gids={3003, 1028}
11-18 03:08:25.642 E/Trace   (  803): error opening trace file: No such file or directory (2)
11-18 03:08:25.872 I/TestRunner(  803): started: testDislikeButtonWithNumberOfRatingsPresence(epfl.sweng.test.homework4.Ex2P1GuiButtonTest)
11-18 03:08:26.022 I/ActivityManager(  158): START {act=android.intent.action.MAIN flg=0x10000000 cmp=epfl.sweng/.entry.MainActivity u=0} from pid 803
11-18 03:08:26.032 W/WindowManager(  158): Failure taking screenshot for (246x410) to layer 21005
11-18 03:08:27.543 I/Choreographer(  803): Skipped 57 frames!  The application may be doing too much work on its main thread.
11-18 03:08:27.602 D/gralloc_goldfish(  803): Emulator without GPU emulation detected.
11-18 03:08:27.672 D/dalvikvm(  803): GC_CONCURRENT freed 268K, 5% free 8141K/8519K, paused 72ms+18ms, total 311ms
11-18 03:08:27.762 I/ActivityManager(  158): Displayed epfl.sweng/.entry.MainActivity: +1s709ms
11-18 03:08:27.912 I/Choreographer(  158): Skipped 36 frames!  The application may be doing too much work on its main thread.
11-18 03:08:27.922 I/Choreographer(  803): Skipped 30 frames!  The application may be doing too much work on its main thread.
11-18 03:08:29.662 I/ActivityManager(  158): START {cmp=epfl.sweng/.showquestions.ShowQuestionsActivity u=0} from pid 803
11-18 03:08:29.672 W/WindowManager(  158): Failure taking screenshot for (246x410) to layer 21010
11-18 03:08:30.042 I/QuizServer(  803): ==== Sweng QuizQuestion Server Request ====
11-18 03:08:30.052 I/QuizServer(  803): GET https://sweng-quiz.appspot.com/quizquestions/random HTTP/1.1
11-18 03:08:30.052 I/QuizServer(  803): Authorization: Tequila fixture_session
11-18 03:08:30.344 I/Choreographer(  803): Skipped 49 frames!  The application may be doing too much work on its main thread.
11-18 03:08:30.503 I/ActivityManager(  158): Displayed epfl.sweng/.showquestions.ShowQuestionsActivity: +794ms
11-18 03:08:31.393 V/HTTP    (  803): GET https://sweng-quiz.appspot.com/quizquestions/random HTTP/1.1
11-18 03:08:31.942 V/HTTP    (  803): Mocking request since it matches pattern GET (?:https?://[^/]+|[^/]+)?/quizquestions/random\b
11-18 03:08:31.942 V/HTTP    (  803): Response body: {"id":"1","tags":["h2g2","trivia"],"owner":"sweng","answers":["Forty-two","Twenty-seven"],"question":"What is the answer to life, the universe and everything?","solutionIndex":0}
11-18 03:08:31.952 V/HTTP    (  803): HTTP/1.1 200 OK
11-18 03:08:31.952 I/SERVER  (  803): Replied with status code 200
11-18 03:08:31.972 I/QuizServer(  803): ==== Sweng QuizQuestion Server Response ====
11-18 03:08:31.972 I/QuizServer(  803): 200 OK
11-18 03:08:31.972 I/QuizServer(  803): {"id":"1","tags":["h2g2","trivia"],"owner":"sweng","answers":["Forty-two","Twenty-seven"],"question":"What is the answer to life, the universe and everything?","solutionIndex":0}
11-18 03:08:32.132 I/QuizServer(  803): ==== Sweng QuizQuestion Server Request ====
11-18 03:08:32.162 I/QuizServer(  803): GET https://sweng-quiz.appspot.com/quizquestions/1/ratings HTTP/1.1
11-18 03:08:32.192 I/QuizServer(  803): Authorization: Tequila fixture_session
11-18 03:08:32.323 V/HTTP    (  803): GET https://sweng-quiz.appspot.com/quizquestions/1/ratings HTTP/1.1
11-18 03:08:32.932 D/dalvikvm(  803): WAIT_FOR_CONCURRENT_GC blocked 0ms
11-18 03:08:33.112 D/dalvikvm(  803): GC_EXPLICIT freed 253K, 4% free 8251K/8583K, paused 12ms+11ms, total 179ms
11-18 03:08:33.122 D/dalvikvm(  803): WAIT_FOR_CONCURRENT_GC blocked 0ms
11-18 03:08:33.243 D/dalvikvm(  803): GC_EXPLICIT freed 29K, 5% free 8222K/8583K, paused 13ms+10ms, total 124ms
11-18 03:08:33.253 I/TestRunner(  803): finished: testDislikeButtonWithNumberOfRatingsPresence(epfl.sweng.test.homework4.Ex2P1GuiButtonTest)
11-18 03:08:33.263 I/TestRunner(  803): passed: testDislikeButtonWithNumberOfRatingsPresence(epfl.sweng.test.homework4.Ex2P1GuiButtonTest)
11-18 03:08:33.303 I/ActivityManager(  158): Force stopping package epfl.sweng uid=10045
11-18 03:08:33.312 I/ActivityManager(  158): Killing proc 803:epfl.sweng/u0a45: force stop
11-18 03:08:33.312 W/ActivityManager(  158): Force removing ActivityRecord{41497c38 epfl.sweng/.showquestions.ShowQuestionsActivity}: app died, no saved state
11-18 03:08:33.352 D/AndroidRuntime(  793): Shutting down VM
11-18 03:08:33.433 I/AndroidRuntime(  793): NOTE: attach of thread 'Binder_3' failed
11-18 03:08:33.443 D/dalvikvm(  793): GC_CONCURRENT freed 109K, 78% free 458K/2048K, paused 2ms+3ms, total 22ms
11-18 03:08:34.293 I/WindowState(  158): WIN DEATH: Window{418bbf90 epfl.sweng/epfl.sweng.showquestions.ShowQuestionsActivity paused=false}
11-18 03:08:34.622 D/AndroidRuntime(  826): 
11-18 03:08:34.622 D/AndroidRuntime(  826): >>>>>> AndroidRuntime START com.android.internal.os.RuntimeInit <<<<<<
11-18 03:08:34.622 D/AndroidRuntime(  826): CheckJNI is ON
11-18 03:08:34.682 D/dalvikvm(  826): Trying to load lib libjavacore.so 0x0
11-18 03:08:34.702 D/dalvikvm(  826): Added shared lib libjavacore.so 0x0
11-18 03:08:34.742 D/dalvikvm(  826): Trying to load lib libnativehelper.so 0x0
11-18 03:08:34.742 D/dalvikvm(  826): Added shared lib libnativehelper.so 0x0
11-18 03:08:35.782 D/AndroidRuntime(  826): Calling main entry com.android.commands.am.Am
11-18 03:08:35.832 I/ActivityManager(  158): Force stopping package epfl.sweng uid=10045
11-18 03:08:35.872 D/dalvikvm(  836): Not late-enabling CheckJNI (already on)
11-18 03:08:35.892 I/ActivityManager(  158): Start proc epfl.sweng for added application epfl.sweng: pid=836 uid=10045 gids={3003, 1028}
11-18 03:08:36.022 E/Trace   (  836): error opening trace file: No such file or directory (2)
11-18 03:08:36.213 I/TestRunner(  836): started: testIncorrectButtonPresence(epfl.sweng.test.homework4.Ex2P1GuiButtonTest)
11-18 03:08:36.393 I/ActivityManager(  158): START {act=android.intent.action.MAIN flg=0x10000000 cmp=epfl.sweng/.entry.MainActivity u=0} from pid 836
11-18 03:08:36.393 W/WindowManager(  158): Failure taking screenshot for (246x410) to layer 21005
11-18 03:08:36.533 I/dalvikvm(  158): Jit: resizing JitTable from 4096 to 8192
11-18 03:08:37.733 D/dalvikvm(  158): GC_CONCURRENT freed 293K, 46% free 10509K/19207K, paused 59ms+49ms, total 1167ms
11-18 03:08:38.092 I/Choreographer(  836): Skipped 36 frames!  The application may be doing too much work on its main thread.
11-18 03:08:38.172 D/gralloc_goldfish(  836): Emulator without GPU emulation detected.
11-18 03:08:38.212 D/dalvikvm(  836): GC_CONCURRENT freed 272K, 5% free 8142K/8519K, paused 38ms+71ms, total 404ms
11-18 03:08:38.373 I/ActivityManager(  158): Displayed epfl.sweng/.entry.MainActivity: +1s951ms
11-18 03:08:38.533 I/Choreographer(  158): Skipped 38 frames!  The application may be doing too much work on its main thread.
11-18 03:08:39.782 I/ActivityManager(  158): START {cmp=epfl.sweng/.showquestions.ShowQuestionsActivity u=0} from pid 836
11-18 03:08:39.802 W/WindowManager(  158): Failure taking screenshot for (246x410) to layer 21010
11-18 03:08:40.172 I/QuizServer(  836): ==== Sweng QuizQuestion Server Request ====
11-18 03:08:40.182 I/QuizServer(  836): GET https://sweng-quiz.appspot.com/quizquestions/random HTTP/1.1
11-18 03:08:40.192 I/QuizServer(  836): Authorization: Tequila fixture_session
11-18 03:08:40.444 I/Choreographer(  836): Skipped 45 frames!  The application may be doing too much work on its main thread.
11-18 03:08:40.602 I/ActivityManager(  158): Displayed epfl.sweng/.showquestions.ShowQuestionsActivity: +772ms
11-18 03:08:40.882 I/Choreographer(  836): Skipped 63 frames!  The application may be doing too much work on its main thread.
11-18 03:08:41.433 V/HTTP    (  836): GET https://sweng-quiz.appspot.com/quizquestions/random HTTP/1.1
11-18 03:08:41.992 V/HTTP    (  836): Mocking request since it matches pattern GET (?:https?://[^/]+|[^/]+)?/quizquestions/random\b
11-18 03:08:41.992 V/HTTP    (  836): Response body: {"id":"1","tags":["h2g2","trivia"],"owner":"sweng","answers":["Forty-two","Twenty-seven"],"question":"What is the answer to life, the universe and everything?","solutionIndex":0}
11-18 03:08:42.012 V/HTTP    (  836): HTTP/1.1 200 OK
11-18 03:08:42.012 I/SERVER  (  836): Replied with status code 200
11-18 03:08:42.022 I/QuizServer(  836): ==== Sweng QuizQuestion Server Response ====
11-18 03:08:42.022 I/QuizServer(  836): 200 OK
11-18 03:08:42.022 I/QuizServer(  836): {"id":"1","tags":["h2g2","trivia"],"owner":"sweng","answers":["Forty-two","Twenty-seven"],"question":"What is the answer to life, the universe and everything?","solutionIndex":0}
11-18 03:08:42.172 I/QuizServer(  836): ==== Sweng QuizQuestion Server Request ====
11-18 03:08:42.233 I/QuizServer(  836): GET https://sweng-quiz.appspot.com/quizquestions/1/ratings HTTP/1.1
11-18 03:08:42.263 I/QuizServer(  836): Authorization: Tequila fixture_session
11-18 03:08:42.423 V/HTTP    (  836): GET https://sweng-quiz.appspot.com/quizquestions/1/ratings HTTP/1.1
11-18 03:08:42.932 V/HTTP    (  836): Mocking request since it matches pattern GET (?:https?://[^/]+|[^/]+)?/quizquestions/.*/ratings\b
11-18 03:08:42.992 D/dalvikvm(  836): WAIT_FOR_CONCURRENT_GC blocked 0ms
11-18 03:08:43.013 V/HTTP    (  836): Response body: {"dislikeCount":789,"likeCount":12,"incorrectCount":987}
11-18 03:08:43.183 V/HTTP    (  836): HTTP/1.1 200 OK
11-18 03:08:43.203 D/dalvikvm(  836): GC_EXPLICIT freed 254K, 4% free 8253K/8583K, paused 11ms+44ms, total 211ms
11-18 03:08:43.213 D/dalvikvm(  836): WAIT_FOR_CONCURRENT_GC blocked 0ms
11-18 03:08:43.323 I/SERVER  (  836): Replied with status code 200
11-18 03:08:43.343 D/dalvikvm(  836): GC_EXPLICIT freed 31K, 5% free 8223K/8583K, paused 10ms+16ms, total 131ms
11-18 03:08:43.353 I/TestRunner(  836): finished: testIncorrectButtonPresence(epfl.sweng.test.homework4.Ex2P1GuiButtonTest)
11-18 03:08:43.353 I/TestRunner(  836): passed: testIncorrectButtonPresence(epfl.sweng.test.homework4.Ex2P1GuiButtonTest)
11-18 03:08:43.393 I/ActivityManager(  158): Force stopping package epfl.sweng uid=10045
11-18 03:08:43.393 I/ActivityManager(  158): Killing proc 836:epfl.sweng/u0a45: force stop
11-18 03:08:43.404 W/ActivityManager(  158): Force removing ActivityRecord{4148bff0 epfl.sweng/.showquestions.ShowQuestionsActivity}: app died, no saved state
11-18 03:08:43.443 D/AndroidRuntime(  826): Shutting down VM
11-18 03:08:43.503 D/dalvikvm(  826): GC_CONCURRENT freed 109K, 78% free 458K/2048K, paused 2ms+3ms, total 25ms
11-18 03:08:43.533 I/AndroidRuntime(  826): NOTE: attach of thread 'Binder_3' failed
11-18 03:08:44.373 I/WindowState(  158): WIN DEATH: Window{418c9580 epfl.sweng/epfl.sweng.showquestions.ShowQuestionsActivity paused=false}
11-18 03:08:44.662 D/AndroidRuntime(  859): 
11-18 03:08:44.662 D/AndroidRuntime(  859): >>>>>> AndroidRuntime START com.android.internal.os.RuntimeInit <<<<<<
11-18 03:08:44.662 D/AndroidRuntime(  859): CheckJNI is ON
11-18 03:08:44.722 D/dalvikvm(  859): Trying to load lib libjavacore.so 0x0
11-18 03:08:44.742 D/dalvikvm(  859): Added shared lib libjavacore.so 0x0
11-18 03:08:44.782 D/dalvikvm(  859): Trying to load lib libnativehelper.so 0x0
11-18 03:08:44.782 D/dalvikvm(  859): Added shared lib libnativehelper.so 0x0
11-18 03:08:45.832 D/AndroidRuntime(  859): Calling main entry com.android.commands.am.Am
11-18 03:08:45.882 I/ActivityManager(  158): Force stopping package epfl.sweng uid=10045
11-18 03:08:45.943 D/dalvikvm(  869): Not late-enabling CheckJNI (already on)
11-18 03:08:45.972 I/ActivityManager(  158): Start proc epfl.sweng for added application epfl.sweng: pid=869 uid=10045 gids={3003, 1028}
11-18 03:08:46.104 E/Trace   (  869): error opening trace file: No such file or directory (2)
11-18 03:08:46.293 I/TestRunner(  869): started: testIncorrectButtonWithNumberOfRatingsPresence(epfl.sweng.test.homework4.Ex2P1GuiButtonTest)
11-18 03:08:46.453 I/ActivityManager(  158): START {act=android.intent.action.MAIN flg=0x10000000 cmp=epfl.sweng/.entry.MainActivity u=0} from pid 869
11-18 03:08:46.463 W/WindowManager(  158): Failure taking screenshot for (246x410) to layer 21005
11-18 03:08:48.082 D/dalvikvm(  869): GC_CONCURRENT freed 274K, 5% free 8137K/8519K, paused 37ms+29ms, total 308ms
11-18 03:08:48.102 D/dalvikvm(  158): WAIT_FOR_CONCURRENT_GC blocked 0ms
11-18 03:08:48.172 I/Choreographer(  442): Skipped 30 frames!  The application may be doing too much work on its main thread.
11-18 03:08:48.363 D/dalvikvm(  158): GC_EXPLICIT freed 205K, 46% free 10436K/19207K, paused 20ms+19ms, total 259ms
11-18 03:08:48.423 I/Choreographer(  869): Skipped 113 frames!  The application may be doing too much work on its main thread.
11-18 03:08:48.453 D/gralloc_goldfish(  869): Emulator without GPU emulation detected.
11-18 03:08:48.582 I/ActivityManager(  158): Displayed epfl.sweng/.entry.MainActivity: +2s96ms
11-18 03:08:48.762 I/Choreographer(  158): Skipped 44 frames!  The application may be doing too much work on its main thread.
11-18 03:08:50.023 I/ActivityManager(  158): START {cmp=epfl.sweng/.showquestions.ShowQuestionsActivity u=0} from pid 869
11-18 03:08:50.023 W/WindowManager(  158): Failure taking screenshot for (246x410) to layer 21010
11-18 03:08:50.423 I/QuizServer(  869): ==== Sweng QuizQuestion Server Request ====
11-18 03:08:50.423 I/QuizServer(  869): GET https://sweng-quiz.appspot.com/quizquestions/random HTTP/1.1
11-18 03:08:50.433 I/QuizServer(  869): Authorization: Tequila fixture_session
11-18 03:08:50.692 I/Choreographer(  869): Skipped 51 frames!  The application may be doing too much work on its main thread.
11-18 03:08:50.852 I/ActivityManager(  158): Displayed epfl.sweng/.showquestions.ShowQuestionsActivity: +795ms
11-18 03:08:51.672 V/HTTP    (  869): GET https://sweng-quiz.appspot.com/quizquestions/random HTTP/1.1
11-18 03:08:52.203 V/HTTP    (  869): Mocking request since it matches pattern GET (?:https?://[^/]+|[^/]+)?/quizquestions/random\b
11-18 03:08:52.213 V/HTTP    (  869): Response body: {"id":"1","tags":["h2g2","trivia"],"owner":"sweng","answers":["Forty-two","Twenty-seven"],"question":"What is the answer to life, the universe and everything?","solutionIndex":0}
11-18 03:08:52.213 V/HTTP    (  869): HTTP/1.1 200 OK
11-18 03:08:52.223 I/SERVER  (  869): Replied with status code 200
11-18 03:08:52.232 I/QuizServer(  869): ==== Sweng QuizQuestion Server Response ====
11-18 03:08:52.232 I/QuizServer(  869): 200 OK
11-18 03:08:52.232 I/QuizServer(  869): {"id":"1","tags":["h2g2","trivia"],"owner":"sweng","answers":["Forty-two","Twenty-seven"],"question":"What is the answer to life, the universe and everything?","solutionIndex":0}
11-18 03:08:52.363 I/QuizServer(  869): ==== Sweng QuizQuestion Server Request ====
11-18 03:08:52.433 I/QuizServer(  869): GET https://sweng-quiz.appspot.com/quizquestions/1/ratings HTTP/1.1
11-18 03:08:52.453 I/QuizServer(  869): Authorization: Tequila fixture_session
11-18 03:08:52.652 V/HTTP    (  869): GET https://sweng-quiz.appspot.com/quizquestions/1/ratings HTTP/1.1
11-18 03:08:53.233 D/dalvikvm(  869): WAIT_FOR_CONCURRENT_GC blocked 1ms
11-18 03:08:53.473 D/dalvikvm(  869): GC_EXPLICIT freed 253K, 4% free 8254K/8583K, paused 88ms+39ms, total 244ms
11-18 03:08:53.503 D/dalvikvm(  869): WAIT_FOR_CONCURRENT_GC blocked 0ms
11-18 03:08:53.524 V/HTTP    (  869): Mocking request since it matches pattern GET (?:https?://[^/]+|[^/]+)?/quizquestions/.*/ratings\b
11-18 03:08:53.622 D/dalvikvm(  869): GC_EXPLICIT freed 32K, 5% free 8223K/8583K, paused 29ms+8ms, total 125ms
11-18 03:08:53.622 I/TestRunner(  869): finished: testIncorrectButtonWithNumberOfRatingsPresence(epfl.sweng.test.homework4.Ex2P1GuiButtonTest)
11-18 03:08:53.632 I/TestRunner(  869): passed: testIncorrectButtonWithNumberOfRatingsPresence(epfl.sweng.test.homework4.Ex2P1GuiButtonTest)
11-18 03:08:53.662 I/ActivityManager(  158): Force stopping package epfl.sweng uid=10045
11-18 03:08:53.672 I/ActivityManager(  158): Killing proc 869:epfl.sweng/u0a45: force stop
11-18 03:08:53.672 W/ActivityManager(  158): Force removing ActivityRecord{414920d8 epfl.sweng/.showquestions.ShowQuestionsActivity}: app died, no saved state
